<html>
<body>
<pre>
<h1>µVision Build Log</h1>
<h2>Tool Versions:</h2>
IDE-Version: ¦ÌVision V5.27.0.0
Copyright (C) 2018 ARM Ltd and ARM Germany GmbH. All rights reserved.
License Information: Vincent Wang, HUST, LIC=GMZI6-D04NB-CX0U6-D0U2G-M73G1-EZRP8
 
Tool Versions:
Toolchain:       MDK-ARM Plus  Version: 5.27.0.0
Toolchain Path:  D:\Application\Keil5\ARM\ARMCC\Bin
C Compiler:      Armcc.exe V5.06 update 6 (build 750)
Assembler:       Armasm.exe V5.06 update 6 (build 750)
Linker/Locator:  ArmLink.exe V5.06 update 6 (build 750)
Library Manager: ArmAr.exe V5.06 update 6 (build 750)
Hex Converter:   FromElf.exe V5.06 update 6 (build 750)
CPU DLL:         SARMCM3.DLL V5.27.0.0
Dialog DLL:      DCM.DLL V1.17.2.0
Target DLL:      UL2CM3.DLL V1.162.7.0
Dialog DLL:      TCM.DLL V1.36.1.0
 
<h2>Project:</h2>
C:\Users\14437\Desktop\2024H\EightWayTrack\USER\stm32_IR_Eight.uvprojx
Project File Date:  06/18/2025

<h2>Output:</h2>
*** Using Compiler 'V5.06 update 6 (build 750)', folder: 'D:\Application\Keil5\ARM\ARMCC\Bin'
Rebuild target 'stm32_IR_Eight'
assembling startup_stm32f10x_hd.s...
compiling main.c...
compiling stm32f10x_cec.c...
compiling stm32f10x_bkp.c...
compiling misc.c...
compiling stm32f10x_dac.c...
compiling stm32f10x_crc.c...
compiling stm32f10x_adc.c...
compiling stm32f10x_exti.c...
compiling stm32f10x_dma.c...
compiling stm32f10x_it.c...
compiling stm32f10x_dbgmcu.c...
compiling stm32f10x_can.c...
compiling stm32f10x_flash.c...
compiling system_stm32f10x.c...
compiling stm32f10x_fsmc.c...
compiling stm32f10x_gpio.c...
compiling stm32f10x_i2c.c...
compiling stm32f10x_iwdg.c...
compiling stm32f10x_pwr.c...
compiling stm32f10x_rcc.c...
compiling core_cm3.c...
compiling stm32f10x_rtc.c...
compiling stm32f10x_sdio.c...
compiling stm32f10x_spi.c...
compiling stm32f10x_usart.c...
compiling delay.c...
compiling bsp.c...
compiling stm32f10x_wwdg.c...
compiling stm32f10x_tim.c...
compiling bsp_usart.c...
compiling bsp_timer.c...
compiling app_motor.c...
..\BSP\Motor\app_motor.c(3): warning:  #550-D: variable "speed_lr"  was set but never used
  static float speed_lr = 0;
..\BSP\Motor\app_motor.c(6): warning:  #177-D: variable "speed_L1_setup"  was declared but never referenced
  static int speed_L1_setup = 0;
..\BSP\Motor\app_motor.c(8): warning:  #177-D: variable "speed_R1_setup"  was declared but never referenced
  static int speed_R1_setup = 0;
..\BSP\Motor\app_motor.c: 3 warnings, 0 errors
compiling bsp_motor_iic.c...
..\BSP\Motor\bsp_motor_iic.c(137): warning:  #167-D: argument of type "int8_t *" is incompatible with parameter of type "uint8_t *"
  	i2cRead(Motor_model_ADDR, READ_TEN_M1Enconer_REG, 2, buf);
..\BSP\Motor\bsp_motor_iic.c(141): warning:  #167-D: argument of type "int8_t *" is incompatible with parameter of type "uint8_t *"
  	i2cRead(Motor_model_ADDR, READ_TEN_M2Enconer_REG, 2, buf);
..\BSP\Motor\bsp_motor_iic.c(145): warning:  #167-D: argument of type "int8_t *" is incompatible with parameter of type "uint8_t *"
  	i2cRead(Motor_model_ADDR, READ_TEN_M3Enconer_REG, 2, buf);
..\BSP\Motor\bsp_motor_iic.c(149): warning:  #167-D: argument of type "int8_t *" is incompatible with parameter of type "uint8_t *"
  	i2cRead(Motor_model_ADDR, READ_TEN_M4Enconer_REG, 2, buf);
..\BSP\Motor\bsp_motor_iic.c: 4 warnings, 0 errors
compiling IOI2C.c...
compiling app_irtracking.c...
..\APP\app_irtracking.c(13): warning:  #177-D: variable "err"  was declared but never referenced
  static int8_t err = 0;
..\APP\app_irtracking.c(15): warning:  #177-D: variable "prev_sensor_data"  was declared but never referenced
  static uint8_t prev_sensor_data = 0;
..\APP\app_irtracking.c: 2 warnings, 0 errors
compiling app_usart.c...
linking...
Program Size: Code=6792 RO-data=336 RW-data=144 ZI-data=1240  
FromELF: creating hex file...
"..\OBJ\stm32_IR_Eight.axf" - 0 Error(s), 9 Warning(s).

<h2>Software Packages used:</h2>

Package Vendor: ARM
                http://www.keil.com/pack/ARM.CMSIS.5.4.0.pack
                ARM.CMSIS.5.4.0
                CMSIS (Cortex Microcontroller Software Interface Standard)

<h2>Collection of Component include folders:</h2>
  .\RTE\_stm32_IR_Eight
  D:\Application\Keil5\ARM\PACK\ARM\CMSIS\5.4.0\Device\ARM\ARMCM7\Include

<h2>Collection of Component Files used:</h2>
Build Time Elapsed:  00:00:04
</pre>
</body>
</html>
