<html>
<body>
<pre>
<h1>礦ision Build Log</h1>
<h2>Tool Versions:</h2>
IDE-Version: μVision V5.27.0.0
Copyright (C) 2018 ARM Ltd and ARM Germany GmbH. All rights reserved.
License Information: Vincent Wang, HUST, LIC=GMZI6-D04NB-CX0U6-D0U2G-M73G1-EZRP8
 
Tool Versions:
Toolchain:       MDK-ARM Plus  Version: 5.27.0.0
Toolchain Path:  D:\Application\Keil5\ARM\ARMCC\Bin
C Compiler:      Armcc.exe V5.06 update 6 (build 750)
Assembler:       Armasm.exe V5.06 update 6 (build 750)
Linker/Locator:  ArmLink.exe V5.06 update 6 (build 750)
Library Manager: ArmAr.exe V5.06 update 6 (build 750)
Hex Converter:   FromElf.exe V5.06 update 6 (build 750)
CPU DLL:         SARMCM3.DLL V5.27.0.0
Dialog DLL:      DCM.DLL V1.17.2.0
Target DLL:      STLink\ST-LINKIII-KEIL_SWO.dll V3.0.5.0
Dialog DLL:      TCM.DLL V1.36.1.0
 
<h2>Project:</h2>
C:\Users\14437\Desktop\2024H\八路巡线红外传感器\程序源码\1.单板主控\2.STM32上位机源码\2.STM32上位机源码\串口\USER\ir_Eight_Usart.uvprojx
Project File Date:  06/25/2025

<h2>Output:</h2>
*** Using Compiler 'V5.06 update 6 (build 750)', folder: 'D:\Application\Keil5\ARM\ARMCC\Bin'
Build target 'ir_Eight_Usart'
assembling startup_stm32f10x_md.s...
compiling stm32f10x_crc.c...
compiling stm32f10x_bkp.c...
compiling stm32f10x_dbgmcu.c...
compiling stm32f10x_it.c...
compiling stm32f10x_adc.c...
compiling stm32f10x_dac.c...
compiling core_cm3.c...
compiling stm32f10x_cec.c...
compiling main.c...
compiling stm32f10x_dma.c...
compiling misc.c...
compiling stm32f10x_exti.c...
compiling system_stm32f10x.c...
compiling stm32f10x_flash.c...
compiling stm32f10x_can.c...
compiling stm32f10x_fsmc.c...
compiling stm32f10x_gpio.c...
compiling stm32f10x_iwdg.c...
compiling stm32f10x_i2c.c...
compiling stm32f10x_pwr.c...
compiling stm32f10x_rtc.c...
compiling stm32f10x_rcc.c...
compiling stm32f10x_sdio.c...
compiling stm32f10x_spi.c...
compiling stm32f10x_wwdg.c...
compiling delay.c...
compiling stm32f10x_usart.c...
compiling bsp_usart.c...
compiling app_usart2.c...
compiling stm32f10x_tim.c...
linking...
Program Size: Code=5140 RO-data=540 RW-data=68 ZI-data=1852  
FromELF: creating hex file...
"..\OBJ\ir_Eight_Usart.axf" - 0 Error(s), 0 Warning(s).

<h2>Software Packages used:</h2>

Package Vendor: ARM
                http://www.keil.com/pack/ARM.CMSIS.5.4.0.pack
                ARM.CMSIS.5.4.0
                CMSIS (Cortex Microcontroller Software Interface Standard)

<h2>Collection of Component include folders:</h2>
  .\RTE\_ir_Eight_Usart
  D:\Application\Keil5\ARM\PACK\ARM\CMSIS\5.4.0\Device\ARM\ARMCM7\Include

<h2>Collection of Component Files used:</h2>
Build Time Elapsed:  00:00:02
</pre>
</body>
</html>
