<!doctype html public "-//w3c//dtd html 4.0 transitional//en">
<html><head>
<title>Static Call Graph - [..\OBJ\empty.axf]</title></head>
<body><HR>
<H1>Static Call Graph for image ..\OBJ\empty.axf</H1><HR>
<BR><P>#&#060CALLGRAPH&#062# ARM Linker, 6190004: Last Updated: Sat Mar 29 19:23:05 2025
<BR><P>
<H3>Maximum Stack Usage =        196 bytes + Unknown(Cycles, Untraceable Function Pointers)</H3><H3>
Call chain for Maximum Stack Depth:</H3>
main &rArr; LineWalking &rArr; Motion_Car_Control &rArr; Contrl_Speed &rArr; UART_Console_write &rArr; DL_DMA_setTransferSize
<P>
<H3>
Mutually Recursive functions
</H3> <LI><a href="#[1]">NMI_Handler</a>&nbsp;&nbsp;&nbsp;&rArr;&nbsp;&nbsp;&nbsp;<a href="#[1]">NMI_Handler</a><BR>
 <LI><a href="#[2]">HardFault_Handler</a>&nbsp;&nbsp;&nbsp;&rArr;&nbsp;&nbsp;&nbsp;<a href="#[2]">HardFault_Handler</a><BR>
 <LI><a href="#[3]">SVC_Handler</a>&nbsp;&nbsp;&nbsp;&rArr;&nbsp;&nbsp;&nbsp;<a href="#[3]">SVC_Handler</a><BR>
 <LI><a href="#[4]">PendSV_Handler</a>&nbsp;&nbsp;&nbsp;&rArr;&nbsp;&nbsp;&nbsp;<a href="#[4]">PendSV_Handler</a><BR>
 <LI><a href="#[5]">SysTick_Handler</a>&nbsp;&nbsp;&nbsp;&rArr;&nbsp;&nbsp;&nbsp;<a href="#[5]">SysTick_Handler</a><BR>
</UL>
<P>
<H3>
Function Pointers
</H3><UL>
 <LI><a href="#[a]">ADC0_IRQHandler</a> from startup_mspm0g350x_uvision.o(.text) referenced from startup_mspm0g350x_uvision.o(RESET)
 <LI><a href="#[b]">ADC1_IRQHandler</a> from startup_mspm0g350x_uvision.o(.text) referenced from startup_mspm0g350x_uvision.o(RESET)
 <LI><a href="#[1b]">AES_IRQHandler</a> from startup_mspm0g350x_uvision.o(.text) referenced from startup_mspm0g350x_uvision.o(RESET)
 <LI><a href="#[c]">CANFD0_IRQHandler</a> from startup_mspm0g350x_uvision.o(.text) referenced from startup_mspm0g350x_uvision.o(RESET)
 <LI><a href="#[d]">DAC0_IRQHandler</a> from startup_mspm0g350x_uvision.o(.text) referenced from startup_mspm0g350x_uvision.o(RESET)
 <LI><a href="#[1d]">DMA_IRQHandler</a> from startup_mspm0g350x_uvision.o(.text) referenced from startup_mspm0g350x_uvision.o(RESET)
 <LI><a href="#[6]">GROUP0_IRQHandler</a> from startup_mspm0g350x_uvision.o(.text) referenced from startup_mspm0g350x_uvision.o(RESET)
 <LI><a href="#[7]">GROUP1_IRQHandler</a> from startup_mspm0g350x_uvision.o(.text) referenced from startup_mspm0g350x_uvision.o(RESET)
 <LI><a href="#[2]">HardFault_Handler</a> from startup_mspm0g350x_uvision.o(.text) referenced from startup_mspm0g350x_uvision.o(RESET)
 <LI><a href="#[19]">I2C0_IRQHandler</a> from startup_mspm0g350x_uvision.o(.text) referenced from startup_mspm0g350x_uvision.o(RESET)
 <LI><a href="#[1a]">I2C1_IRQHandler</a> from startup_mspm0g350x_uvision.o(.text) referenced from startup_mspm0g350x_uvision.o(RESET)
 <LI><a href="#[1]">NMI_Handler</a> from startup_mspm0g350x_uvision.o(.text) referenced from startup_mspm0g350x_uvision.o(RESET)
 <LI><a href="#[4]">PendSV_Handler</a> from startup_mspm0g350x_uvision.o(.text) referenced from startup_mspm0g350x_uvision.o(RESET)
 <LI><a href="#[1c]">RTC_IRQHandler</a> from startup_mspm0g350x_uvision.o(.text) referenced from startup_mspm0g350x_uvision.o(RESET)
 <LI><a href="#[0]">Reset_Handler</a> from startup_mspm0g350x_uvision.o(.text) referenced from startup_mspm0g350x_uvision.o(RESET)
 <LI><a href="#[e]">SPI0_IRQHandler</a> from startup_mspm0g350x_uvision.o(.text) referenced from startup_mspm0g350x_uvision.o(RESET)
 <LI><a href="#[f]">SPI1_IRQHandler</a> from startup_mspm0g350x_uvision.o(.text) referenced from startup_mspm0g350x_uvision.o(RESET)
 <LI><a href="#[3]">SVC_Handler</a> from startup_mspm0g350x_uvision.o(.text) referenced from startup_mspm0g350x_uvision.o(RESET)
 <LI><a href="#[5]">SysTick_Handler</a> from startup_mspm0g350x_uvision.o(.text) referenced from startup_mspm0g350x_uvision.o(RESET)
 <LI><a href="#[15]">TIMA0_IRQHandler</a> from startup_mspm0g350x_uvision.o(.text) referenced from startup_mspm0g350x_uvision.o(RESET)
 <LI><a href="#[16]">TIMA1_IRQHandler</a> from startup_mspm0g350x_uvision.o(.text) referenced from startup_mspm0g350x_uvision.o(RESET)
 <LI><a href="#[13]">TIMG0_IRQHandler</a> from startup_mspm0g350x_uvision.o(.text) referenced from startup_mspm0g350x_uvision.o(RESET)
 <LI><a href="#[18]">TIMG12_IRQHandler</a> from startup_mspm0g350x_uvision.o(.text) referenced from startup_mspm0g350x_uvision.o(RESET)
 <LI><a href="#[14]">TIMG6_IRQHandler</a> from startup_mspm0g350x_uvision.o(.text) referenced from startup_mspm0g350x_uvision.o(RESET)
 <LI><a href="#[17]">TIMG7_IRQHandler</a> from startup_mspm0g350x_uvision.o(.text) referenced from startup_mspm0g350x_uvision.o(RESET)
 <LI><a href="#[8]">TIMG8_IRQHandler</a> from startup_mspm0g350x_uvision.o(.text) referenced from startup_mspm0g350x_uvision.o(RESET)
 <LI><a href="#[12]">UART0_IRQHandler</a> from usart.o(.text.UART0_IRQHandler) referenced from startup_mspm0g350x_uvision.o(RESET)
 <LI><a href="#[10]">UART1_IRQHandler</a> from bsp_motor_usart.o(.text.UART1_IRQHandler) referenced from startup_mspm0g350x_uvision.o(RESET)
 <LI><a href="#[11]">UART2_IRQHandler</a> from startup_mspm0g350x_uvision.o(.text) referenced from startup_mspm0g350x_uvision.o(RESET)
 <LI><a href="#[9]">UART3_IRQHandler</a> from startup_mspm0g350x_uvision.o(.text) referenced from startup_mspm0g350x_uvision.o(RESET)
 <LI><a href="#[1f]">__main</a> from entry.o(.ARM.Collect$$$$00000000) referenced from startup_mspm0g350x_uvision.o(.text)
 <LI><a href="#[21]">_sputc</a> from printfa.o(i._sputc) referenced from printfa.o(i.__0sprintf)
 <LI><a href="#[20]">fputc</a> from usart.o(.text.fputc) referenced from printfa.o(i.__0printf)
 <LI><a href="#[1e]">main</a> from empty.o(.text.main) referenced from entry9a.o(.ARM.Collect$$$$0000000B)
</UL>
<P>
<H3>
Global Symbols
</H3>
<P><STRONG><a name="[1f]"></a>__main</STRONG> (Thumb, 0 bytes, Stack size unknown bytes, entry.o(.ARM.Collect$$$$00000000))
<BR>[Address Reference Count : 1]<UL><LI> startup_mspm0g350x_uvision.o(.text)
</UL>
<P><STRONG><a name="[ae]"></a>_main_stk</STRONG> (Thumb, 0 bytes, Stack size unknown bytes, entry2.o(.ARM.Collect$$$$00000001))

<P><STRONG><a name="[22]"></a>_main_scatterload</STRONG> (Thumb, 0 bytes, Stack size unknown bytes, entry5.o(.ARM.Collect$$$$00000004))
<BR><BR>[Calls]<UL><LI><a href="#[23]">&gt;&gt;</a>&nbsp;&nbsp;&nbsp;__scatterload
</UL>

<P><STRONG><a name="[38]"></a>__main_after_scatterload</STRONG> (Thumb, 0 bytes, Stack size unknown bytes, entry5.o(.ARM.Collect$$$$00000004))
<BR><BR>[Called By]<UL><LI><a href="#[23]">&gt;&gt;</a>&nbsp;&nbsp;&nbsp;__scatterload
</UL>

<P><STRONG><a name="[af]"></a>_main_clock</STRONG> (Thumb, 0 bytes, Stack size unknown bytes, entry7b.o(.ARM.Collect$$$$00000008))

<P><STRONG><a name="[b0]"></a>_main_cpp_init</STRONG> (Thumb, 0 bytes, Stack size unknown bytes, entry8b.o(.ARM.Collect$$$$0000000A))

<P><STRONG><a name="[b1]"></a>_main_init</STRONG> (Thumb, 0 bytes, Stack size unknown bytes, entry9a.o(.ARM.Collect$$$$0000000B))

<P><STRONG><a name="[b2]"></a>__rt_final_cpp</STRONG> (Thumb, 0 bytes, Stack size unknown bytes, entry10a.o(.ARM.Collect$$$$0000000D))

<P><STRONG><a name="[b3]"></a>__rt_final_exit</STRONG> (Thumb, 0 bytes, Stack size unknown bytes, entry11a.o(.ARM.Collect$$$$0000000F))

<P><STRONG><a name="[0]"></a>Reset_Handler</STRONG> (Thumb, 4 bytes, Stack size 0 bytes, startup_mspm0g350x_uvision.o(.text))
<BR>[Address Reference Count : 1]<UL><LI> startup_mspm0g350x_uvision.o(RESET)
</UL>
<P><STRONG><a name="[1]"></a>NMI_Handler</STRONG> (Thumb, 2 bytes, Stack size 0 bytes, startup_mspm0g350x_uvision.o(.text))
<BR><BR>[Calls]<UL><LI><a href="#[1]">&gt;&gt;</a>&nbsp;&nbsp;&nbsp;NMI_Handler
</UL>
<BR>[Called By]<UL><LI><a href="#[1]">&gt;&gt;</a>&nbsp;&nbsp;&nbsp;NMI_Handler
</UL>
<BR>[Address Reference Count : 1]<UL><LI> startup_mspm0g350x_uvision.o(RESET)
</UL>
<P><STRONG><a name="[2]"></a>HardFault_Handler</STRONG> (Thumb, 2 bytes, Stack size 0 bytes, startup_mspm0g350x_uvision.o(.text))
<BR><BR>[Calls]<UL><LI><a href="#[2]">&gt;&gt;</a>&nbsp;&nbsp;&nbsp;HardFault_Handler
</UL>
<BR>[Called By]<UL><LI><a href="#[2]">&gt;&gt;</a>&nbsp;&nbsp;&nbsp;HardFault_Handler
</UL>
<BR>[Address Reference Count : 1]<UL><LI> startup_mspm0g350x_uvision.o(RESET)
</UL>
<P><STRONG><a name="[3]"></a>SVC_Handler</STRONG> (Thumb, 2 bytes, Stack size 0 bytes, startup_mspm0g350x_uvision.o(.text))
<BR><BR>[Calls]<UL><LI><a href="#[3]">&gt;&gt;</a>&nbsp;&nbsp;&nbsp;SVC_Handler
</UL>
<BR>[Called By]<UL><LI><a href="#[3]">&gt;&gt;</a>&nbsp;&nbsp;&nbsp;SVC_Handler
</UL>
<BR>[Address Reference Count : 1]<UL><LI> startup_mspm0g350x_uvision.o(RESET)
</UL>
<P><STRONG><a name="[4]"></a>PendSV_Handler</STRONG> (Thumb, 2 bytes, Stack size 0 bytes, startup_mspm0g350x_uvision.o(.text))
<BR><BR>[Calls]<UL><LI><a href="#[4]">&gt;&gt;</a>&nbsp;&nbsp;&nbsp;PendSV_Handler
</UL>
<BR>[Called By]<UL><LI><a href="#[4]">&gt;&gt;</a>&nbsp;&nbsp;&nbsp;PendSV_Handler
</UL>
<BR>[Address Reference Count : 1]<UL><LI> startup_mspm0g350x_uvision.o(RESET)
</UL>
<P><STRONG><a name="[5]"></a>SysTick_Handler</STRONG> (Thumb, 2 bytes, Stack size 0 bytes, startup_mspm0g350x_uvision.o(.text))
<BR><BR>[Calls]<UL><LI><a href="#[5]">&gt;&gt;</a>&nbsp;&nbsp;&nbsp;SysTick_Handler
</UL>
<BR>[Called By]<UL><LI><a href="#[5]">&gt;&gt;</a>&nbsp;&nbsp;&nbsp;SysTick_Handler
</UL>
<BR>[Address Reference Count : 1]<UL><LI> startup_mspm0g350x_uvision.o(RESET)
</UL>
<P><STRONG><a name="[a]"></a>ADC0_IRQHandler</STRONG> (Thumb, 0 bytes, Stack size 0 bytes, startup_mspm0g350x_uvision.o(.text))
<BR>[Address Reference Count : 1]<UL><LI> startup_mspm0g350x_uvision.o(RESET)
</UL>
<P><STRONG><a name="[b]"></a>ADC1_IRQHandler</STRONG> (Thumb, 0 bytes, Stack size 0 bytes, startup_mspm0g350x_uvision.o(.text))
<BR>[Address Reference Count : 1]<UL><LI> startup_mspm0g350x_uvision.o(RESET)
</UL>
<P><STRONG><a name="[1b]"></a>AES_IRQHandler</STRONG> (Thumb, 0 bytes, Stack size 0 bytes, startup_mspm0g350x_uvision.o(.text))
<BR>[Address Reference Count : 1]<UL><LI> startup_mspm0g350x_uvision.o(RESET)
</UL>
<P><STRONG><a name="[c]"></a>CANFD0_IRQHandler</STRONG> (Thumb, 0 bytes, Stack size 0 bytes, startup_mspm0g350x_uvision.o(.text))
<BR>[Address Reference Count : 1]<UL><LI> startup_mspm0g350x_uvision.o(RESET)
</UL>
<P><STRONG><a name="[d]"></a>DAC0_IRQHandler</STRONG> (Thumb, 0 bytes, Stack size 0 bytes, startup_mspm0g350x_uvision.o(.text))
<BR>[Address Reference Count : 1]<UL><LI> startup_mspm0g350x_uvision.o(RESET)
</UL>
<P><STRONG><a name="[1d]"></a>DMA_IRQHandler</STRONG> (Thumb, 0 bytes, Stack size 0 bytes, startup_mspm0g350x_uvision.o(.text))
<BR>[Address Reference Count : 1]<UL><LI> startup_mspm0g350x_uvision.o(RESET)
</UL>
<P><STRONG><a name="[24]"></a>Default_Handler</STRONG> (Thumb, 2 bytes, Stack size 0 bytes, startup_mspm0g350x_uvision.o(.text), UNUSED)
<BR><BR>[Calls]<UL><LI><a href="#[24]">&gt;&gt;</a>&nbsp;&nbsp;&nbsp;Default_Handler
</UL>
<BR>[Called By]<UL><LI><a href="#[24]">&gt;&gt;</a>&nbsp;&nbsp;&nbsp;Default_Handler
</UL>

<P><STRONG><a name="[6]"></a>GROUP0_IRQHandler</STRONG> (Thumb, 0 bytes, Stack size 0 bytes, startup_mspm0g350x_uvision.o(.text))
<BR>[Address Reference Count : 1]<UL><LI> startup_mspm0g350x_uvision.o(RESET)
</UL>
<P><STRONG><a name="[7]"></a>GROUP1_IRQHandler</STRONG> (Thumb, 0 bytes, Stack size 0 bytes, startup_mspm0g350x_uvision.o(.text))
<BR>[Address Reference Count : 1]<UL><LI> startup_mspm0g350x_uvision.o(RESET)
</UL>
<P><STRONG><a name="[19]"></a>I2C0_IRQHandler</STRONG> (Thumb, 0 bytes, Stack size 0 bytes, startup_mspm0g350x_uvision.o(.text))
<BR>[Address Reference Count : 1]<UL><LI> startup_mspm0g350x_uvision.o(RESET)
</UL>
<P><STRONG><a name="[1a]"></a>I2C1_IRQHandler</STRONG> (Thumb, 0 bytes, Stack size 0 bytes, startup_mspm0g350x_uvision.o(.text))
<BR>[Address Reference Count : 1]<UL><LI> startup_mspm0g350x_uvision.o(RESET)
</UL>
<P><STRONG><a name="[1c]"></a>RTC_IRQHandler</STRONG> (Thumb, 0 bytes, Stack size 0 bytes, startup_mspm0g350x_uvision.o(.text))
<BR>[Address Reference Count : 1]<UL><LI> startup_mspm0g350x_uvision.o(RESET)
</UL>
<P><STRONG><a name="[e]"></a>SPI0_IRQHandler</STRONG> (Thumb, 0 bytes, Stack size 0 bytes, startup_mspm0g350x_uvision.o(.text))
<BR>[Address Reference Count : 1]<UL><LI> startup_mspm0g350x_uvision.o(RESET)
</UL>
<P><STRONG><a name="[f]"></a>SPI1_IRQHandler</STRONG> (Thumb, 0 bytes, Stack size 0 bytes, startup_mspm0g350x_uvision.o(.text))
<BR>[Address Reference Count : 1]<UL><LI> startup_mspm0g350x_uvision.o(RESET)
</UL>
<P><STRONG><a name="[15]"></a>TIMA0_IRQHandler</STRONG> (Thumb, 0 bytes, Stack size 0 bytes, startup_mspm0g350x_uvision.o(.text))
<BR>[Address Reference Count : 1]<UL><LI> startup_mspm0g350x_uvision.o(RESET)
</UL>
<P><STRONG><a name="[16]"></a>TIMA1_IRQHandler</STRONG> (Thumb, 0 bytes, Stack size 0 bytes, startup_mspm0g350x_uvision.o(.text))
<BR>[Address Reference Count : 1]<UL><LI> startup_mspm0g350x_uvision.o(RESET)
</UL>
<P><STRONG><a name="[13]"></a>TIMG0_IRQHandler</STRONG> (Thumb, 0 bytes, Stack size 0 bytes, startup_mspm0g350x_uvision.o(.text))
<BR>[Address Reference Count : 1]<UL><LI> startup_mspm0g350x_uvision.o(RESET)
</UL>
<P><STRONG><a name="[18]"></a>TIMG12_IRQHandler</STRONG> (Thumb, 0 bytes, Stack size 0 bytes, startup_mspm0g350x_uvision.o(.text))
<BR>[Address Reference Count : 1]<UL><LI> startup_mspm0g350x_uvision.o(RESET)
</UL>
<P><STRONG><a name="[14]"></a>TIMG6_IRQHandler</STRONG> (Thumb, 0 bytes, Stack size 0 bytes, startup_mspm0g350x_uvision.o(.text))
<BR>[Address Reference Count : 1]<UL><LI> startup_mspm0g350x_uvision.o(RESET)
</UL>
<P><STRONG><a name="[17]"></a>TIMG7_IRQHandler</STRONG> (Thumb, 0 bytes, Stack size 0 bytes, startup_mspm0g350x_uvision.o(.text))
<BR>[Address Reference Count : 1]<UL><LI> startup_mspm0g350x_uvision.o(RESET)
</UL>
<P><STRONG><a name="[8]"></a>TIMG8_IRQHandler</STRONG> (Thumb, 0 bytes, Stack size 0 bytes, startup_mspm0g350x_uvision.o(.text))
<BR>[Address Reference Count : 1]<UL><LI> startup_mspm0g350x_uvision.o(RESET)
</UL>
<P><STRONG><a name="[11]"></a>UART2_IRQHandler</STRONG> (Thumb, 0 bytes, Stack size 0 bytes, startup_mspm0g350x_uvision.o(.text))
<BR>[Address Reference Count : 1]<UL><LI> startup_mspm0g350x_uvision.o(RESET)
</UL>
<P><STRONG><a name="[9]"></a>UART3_IRQHandler</STRONG> (Thumb, 0 bytes, Stack size 0 bytes, startup_mspm0g350x_uvision.o(.text))
<BR>[Address Reference Count : 1]<UL><LI> startup_mspm0g350x_uvision.o(RESET)
</UL>
<P><STRONG><a name="[3c]"></a>strlen</STRONG> (Thumb, 14 bytes, Stack size 0 bytes, strlen.o(.text))
<BR><BR>[Called By]<UL><LI><a href="#[a4]">&gt;&gt;</a>&nbsp;&nbsp;&nbsp;send_motor_PID
<LI><a href="#[3a]">&gt;&gt;</a>&nbsp;&nbsp;&nbsp;Contrl_Speed
<LI><a href="#[91]">&gt;&gt;</a>&nbsp;&nbsp;&nbsp;send_wheel_diameter
<LI><a href="#[8f]">&gt;&gt;</a>&nbsp;&nbsp;&nbsp;send_pulse_phase
<LI><a href="#[90]">&gt;&gt;</a>&nbsp;&nbsp;&nbsp;send_pulse_line
<LI><a href="#[92]">&gt;&gt;</a>&nbsp;&nbsp;&nbsp;send_motor_deadzone
<LI><a href="#[8e]">&gt;&gt;</a>&nbsp;&nbsp;&nbsp;send_motor_type
</UL>

<P><STRONG><a name="[25]"></a>__aeabi_fadd</STRONG> (Thumb, 162 bytes, Stack size 24 bytes, fadd.o(.text))
<BR><BR>[Stack]<UL><LI>Max Depth = 36<LI>Call Chain = __aeabi_fadd &rArr; _float_epilogue
</UL>
<BR>[Calls]<UL><LI><a href="#[27]">&gt;&gt;</a>&nbsp;&nbsp;&nbsp;_float_round
<LI><a href="#[26]">&gt;&gt;</a>&nbsp;&nbsp;&nbsp;_float_epilogue
</UL>
<BR>[Called By]<UL><LI><a href="#[29]">&gt;&gt;</a>&nbsp;&nbsp;&nbsp;__aeabi_frsub
<LI><a href="#[28]">&gt;&gt;</a>&nbsp;&nbsp;&nbsp;__aeabi_fsub
<LI><a href="#[5e]">&gt;&gt;</a>&nbsp;&nbsp;&nbsp;Motion_Car_Control
<LI><a href="#[5c]">&gt;&gt;</a>&nbsp;&nbsp;&nbsp;PID_IR_Calc
</UL>

<P><STRONG><a name="[28]"></a>__aeabi_fsub</STRONG> (Thumb, 8 bytes, Stack size 0 bytes, fadd.o(.text))
<BR><BR>[Stack]<UL><LI>Max Depth = 36<LI>Call Chain = __aeabi_fsub &rArr; __aeabi_fadd &rArr; _float_epilogue
</UL>
<BR>[Calls]<UL><LI><a href="#[25]">&gt;&gt;</a>&nbsp;&nbsp;&nbsp;__aeabi_fadd
</UL>
<BR>[Called By]<UL><LI><a href="#[5e]">&gt;&gt;</a>&nbsp;&nbsp;&nbsp;Motion_Car_Control
</UL>

<P><STRONG><a name="[29]"></a>__aeabi_frsub</STRONG> (Thumb, 8 bytes, Stack size 0 bytes, fadd.o(.text), UNUSED)
<BR><BR>[Calls]<UL><LI><a href="#[25]">&gt;&gt;</a>&nbsp;&nbsp;&nbsp;__aeabi_fadd
</UL>

<P><STRONG><a name="[60]"></a>__aeabi_fmul</STRONG> (Thumb, 122 bytes, Stack size 16 bytes, fmul.o(.text))
<BR><BR>[Stack]<UL><LI>Max Depth = 16<LI>Call Chain = __aeabi_fmul
</UL>
<BR>[Called By]<UL><LI><a href="#[5e]">&gt;&gt;</a>&nbsp;&nbsp;&nbsp;Motion_Car_Control
</UL>

<P><STRONG><a name="[2a]"></a>__aeabi_fdiv</STRONG> (Thumb, 124 bytes, Stack size 16 bytes, fdiv.o(.text))
<BR><BR>[Stack]<UL><LI>Max Depth = 16<LI>Call Chain = __aeabi_fdiv
</UL>
<BR>[Calls]<UL><LI><a href="#[27]">&gt;&gt;</a>&nbsp;&nbsp;&nbsp;_float_round
</UL>
<BR>[Called By]<UL><LI><a href="#[5e]">&gt;&gt;</a>&nbsp;&nbsp;&nbsp;Motion_Car_Control
</UL>

<P><STRONG><a name="[2b]"></a>__aeabi_i2f</STRONG> (Thumb, 22 bytes, Stack size 8 bytes, fflti.o(.text))
<BR><BR>[Stack]<UL><LI>Max Depth = 20<LI>Call Chain = __aeabi_i2f &rArr; _float_epilogue
</UL>
<BR>[Calls]<UL><LI><a href="#[26]">&gt;&gt;</a>&nbsp;&nbsp;&nbsp;_float_epilogue
</UL>
<BR>[Called By]<UL><LI><a href="#[5e]">&gt;&gt;</a>&nbsp;&nbsp;&nbsp;Motion_Car_Control
<LI><a href="#[5c]">&gt;&gt;</a>&nbsp;&nbsp;&nbsp;PID_IR_Calc
</UL>

<P><STRONG><a name="[5d]"></a>__aeabi_f2iz</STRONG> (Thumb, 50 bytes, Stack size 0 bytes, ffixi.o(.text))
<BR><BR>[Called By]<UL><LI><a href="#[59]">&gt;&gt;</a>&nbsp;&nbsp;&nbsp;LineWalking
<LI><a href="#[5e]">&gt;&gt;</a>&nbsp;&nbsp;&nbsp;Motion_Car_Control
</UL>

<P><STRONG><a name="[a5]"></a>__aeabi_f2d</STRONG> (Thumb, 40 bytes, Stack size 0 bytes, f2d.o(.text))
<BR><BR>[Called By]<UL><LI><a href="#[a4]">&gt;&gt;</a>&nbsp;&nbsp;&nbsp;send_motor_PID
<LI><a href="#[91]">&gt;&gt;</a>&nbsp;&nbsp;&nbsp;send_wheel_diameter
</UL>

<P><STRONG><a name="[b4]"></a>__aeabi_uidiv</STRONG> (Thumb, 0 bytes, Stack size 16 bytes, uidiv_div0.o(.text), UNUSED)

<P><STRONG><a name="[ad]"></a>__aeabi_uidivmod</STRONG> (Thumb, 62 bytes, Stack size 16 bytes, uidiv_div0.o(.text), UNUSED)
<BR><BR>[Called By]<UL><LI><a href="#[a7]">&gt;&gt;</a>&nbsp;&nbsp;&nbsp;_printf_core
</UL>

<P><STRONG><a name="[2c]"></a>__aeabi_uldivmod</STRONG> (Thumb, 96 bytes, Stack size 48 bytes, uldiv.o(.text), UNUSED)
<BR><BR>[Calls]<UL><LI><a href="#[2d]">&gt;&gt;</a>&nbsp;&nbsp;&nbsp;__aeabi_llsr
<LI><a href="#[2e]">&gt;&gt;</a>&nbsp;&nbsp;&nbsp;__aeabi_llsl
</UL>
<BR>[Called By]<UL><LI><a href="#[a7]">&gt;&gt;</a>&nbsp;&nbsp;&nbsp;_printf_core
<LI><a href="#[a9]">&gt;&gt;</a>&nbsp;&nbsp;&nbsp;_fp_digits
</UL>

<P><STRONG><a name="[b5]"></a>__I$use$fp</STRONG> (Thumb, 0 bytes, Stack size 0 bytes, iusefp.o(.text), UNUSED)

<P><STRONG><a name="[27]"></a>_float_round</STRONG> (Thumb, 16 bytes, Stack size 0 bytes, fepilogue.o(.text))
<BR><BR>[Called By]<UL><LI><a href="#[2a]">&gt;&gt;</a>&nbsp;&nbsp;&nbsp;__aeabi_fdiv
<LI><a href="#[25]">&gt;&gt;</a>&nbsp;&nbsp;&nbsp;__aeabi_fadd
</UL>

<P><STRONG><a name="[26]"></a>_float_epilogue</STRONG> (Thumb, 114 bytes, Stack size 12 bytes, fepilogue.o(.text))
<BR><BR>[Stack]<UL><LI>Max Depth = 12<LI>Call Chain = _float_epilogue
</UL>
<BR>[Called By]<UL><LI><a href="#[25]">&gt;&gt;</a>&nbsp;&nbsp;&nbsp;__aeabi_fadd
<LI><a href="#[2b]">&gt;&gt;</a>&nbsp;&nbsp;&nbsp;__aeabi_i2f
</UL>

<P><STRONG><a name="[2f]"></a>__aeabi_dadd</STRONG> (Thumb, 328 bytes, Stack size 48 bytes, dadd.o(.text), UNUSED)
<BR><BR>[Calls]<UL><LI><a href="#[30]">&gt;&gt;</a>&nbsp;&nbsp;&nbsp;__aeabi_lasr
<LI><a href="#[2e]">&gt;&gt;</a>&nbsp;&nbsp;&nbsp;__aeabi_llsl
<LI><a href="#[32]">&gt;&gt;</a>&nbsp;&nbsp;&nbsp;_double_round
<LI><a href="#[31]">&gt;&gt;</a>&nbsp;&nbsp;&nbsp;_double_epilogue
</UL>
<BR>[Called By]<UL><LI><a href="#[34]">&gt;&gt;</a>&nbsp;&nbsp;&nbsp;__aeabi_drsub
<LI><a href="#[33]">&gt;&gt;</a>&nbsp;&nbsp;&nbsp;__aeabi_dsub
<LI><a href="#[a9]">&gt;&gt;</a>&nbsp;&nbsp;&nbsp;_fp_digits
</UL>

<P><STRONG><a name="[33]"></a>__aeabi_dsub</STRONG> (Thumb, 12 bytes, Stack size 8 bytes, dadd.o(.text), UNUSED)
<BR><BR>[Calls]<UL><LI><a href="#[2f]">&gt;&gt;</a>&nbsp;&nbsp;&nbsp;__aeabi_dadd
</UL>

<P><STRONG><a name="[34]"></a>__aeabi_drsub</STRONG> (Thumb, 12 bytes, Stack size 8 bytes, dadd.o(.text), UNUSED)
<BR><BR>[Calls]<UL><LI><a href="#[2f]">&gt;&gt;</a>&nbsp;&nbsp;&nbsp;__aeabi_dadd
</UL>

<P><STRONG><a name="[35]"></a>__aeabi_dmul</STRONG> (Thumb, 202 bytes, Stack size 72 bytes, dmul.o(.text), UNUSED)
<BR><BR>[Calls]<UL><LI><a href="#[31]">&gt;&gt;</a>&nbsp;&nbsp;&nbsp;_double_epilogue
</UL>
<BR>[Called By]<UL><LI><a href="#[a9]">&gt;&gt;</a>&nbsp;&nbsp;&nbsp;_fp_digits
</UL>

<P><STRONG><a name="[36]"></a>__aeabi_ddiv</STRONG> (Thumb, 234 bytes, Stack size 40 bytes, ddiv.o(.text), UNUSED)
<BR><BR>[Calls]<UL><LI><a href="#[32]">&gt;&gt;</a>&nbsp;&nbsp;&nbsp;_double_round
</UL>
<BR>[Called By]<UL><LI><a href="#[a9]">&gt;&gt;</a>&nbsp;&nbsp;&nbsp;_fp_digits
</UL>

<P><STRONG><a name="[37]"></a>__aeabi_d2ulz</STRONG> (Thumb, 54 bytes, Stack size 8 bytes, dfixul.o(.text), UNUSED)
<BR><BR>[Calls]<UL><LI><a href="#[2d]">&gt;&gt;</a>&nbsp;&nbsp;&nbsp;__aeabi_llsr
<LI><a href="#[2e]">&gt;&gt;</a>&nbsp;&nbsp;&nbsp;__aeabi_llsl
</UL>
<BR>[Called By]<UL><LI><a href="#[a9]">&gt;&gt;</a>&nbsp;&nbsp;&nbsp;_fp_digits
</UL>

<P><STRONG><a name="[aa]"></a>__aeabi_cdrcmple</STRONG> (Thumb, 38 bytes, Stack size 0 bytes, cdrcmple.o(.text), UNUSED)
<BR><BR>[Called By]<UL><LI><a href="#[a9]">&gt;&gt;</a>&nbsp;&nbsp;&nbsp;_fp_digits
</UL>

<P><STRONG><a name="[23]"></a>__scatterload</STRONG> (Thumb, 28 bytes, Stack size 0 bytes, init.o(.text))
<BR><BR>[Calls]<UL><LI><a href="#[38]">&gt;&gt;</a>&nbsp;&nbsp;&nbsp;__main_after_scatterload
</UL>
<BR>[Called By]<UL><LI><a href="#[22]">&gt;&gt;</a>&nbsp;&nbsp;&nbsp;_main_scatterload
</UL>

<P><STRONG><a name="[b6]"></a>__scatterload_rt2</STRONG> (Thumb, 0 bytes, Stack size 0 bytes, init.o(.text), UNUSED)

<P><STRONG><a name="[2e]"></a>__aeabi_llsl</STRONG> (Thumb, 32 bytes, Stack size 8 bytes, llshl.o(.text), UNUSED)
<BR><BR>[Called By]<UL><LI><a href="#[31]">&gt;&gt;</a>&nbsp;&nbsp;&nbsp;_double_epilogue
<LI><a href="#[2c]">&gt;&gt;</a>&nbsp;&nbsp;&nbsp;__aeabi_uldivmod
<LI><a href="#[2f]">&gt;&gt;</a>&nbsp;&nbsp;&nbsp;__aeabi_dadd
<LI><a href="#[37]">&gt;&gt;</a>&nbsp;&nbsp;&nbsp;__aeabi_d2ulz
</UL>

<P><STRONG><a name="[b7]"></a>_ll_shift_l</STRONG> (Thumb, 0 bytes, Stack size 8 bytes, llshl.o(.text), UNUSED)

<P><STRONG><a name="[2d]"></a>__aeabi_llsr</STRONG> (Thumb, 34 bytes, Stack size 8 bytes, llushr.o(.text), UNUSED)
<BR><BR>[Called By]<UL><LI><a href="#[31]">&gt;&gt;</a>&nbsp;&nbsp;&nbsp;_double_epilogue
<LI><a href="#[2c]">&gt;&gt;</a>&nbsp;&nbsp;&nbsp;__aeabi_uldivmod
<LI><a href="#[37]">&gt;&gt;</a>&nbsp;&nbsp;&nbsp;__aeabi_d2ulz
</UL>

<P><STRONG><a name="[b8]"></a>_ll_ushift_r</STRONG> (Thumb, 0 bytes, Stack size 8 bytes, llushr.o(.text), UNUSED)

<P><STRONG><a name="[30]"></a>__aeabi_lasr</STRONG> (Thumb, 38 bytes, Stack size 8 bytes, llsshr.o(.text), UNUSED)
<BR><BR>[Called By]<UL><LI><a href="#[2f]">&gt;&gt;</a>&nbsp;&nbsp;&nbsp;__aeabi_dadd
</UL>

<P><STRONG><a name="[b9]"></a>_ll_sshift_r</STRONG> (Thumb, 0 bytes, Stack size 8 bytes, llsshr.o(.text), UNUSED)

<P><STRONG><a name="[32]"></a>_double_round</STRONG> (Thumb, 26 bytes, Stack size 8 bytes, depilogue.o(.text), UNUSED)
<BR><BR>[Called By]<UL><LI><a href="#[31]">&gt;&gt;</a>&nbsp;&nbsp;&nbsp;_double_epilogue
<LI><a href="#[36]">&gt;&gt;</a>&nbsp;&nbsp;&nbsp;__aeabi_ddiv
<LI><a href="#[2f]">&gt;&gt;</a>&nbsp;&nbsp;&nbsp;__aeabi_dadd
</UL>

<P><STRONG><a name="[31]"></a>_double_epilogue</STRONG> (Thumb, 164 bytes, Stack size 48 bytes, depilogue.o(.text), UNUSED)
<BR><BR>[Calls]<UL><LI><a href="#[39]">&gt;&gt;</a>&nbsp;&nbsp;&nbsp;__ARM_clz
<LI><a href="#[2d]">&gt;&gt;</a>&nbsp;&nbsp;&nbsp;__aeabi_llsr
<LI><a href="#[2e]">&gt;&gt;</a>&nbsp;&nbsp;&nbsp;__aeabi_llsl
<LI><a href="#[32]">&gt;&gt;</a>&nbsp;&nbsp;&nbsp;_double_round
</UL>
<BR>[Called By]<UL><LI><a href="#[35]">&gt;&gt;</a>&nbsp;&nbsp;&nbsp;__aeabi_dmul
<LI><a href="#[2f]">&gt;&gt;</a>&nbsp;&nbsp;&nbsp;__aeabi_dadd
</UL>

<P><STRONG><a name="[3a]"></a>Contrl_Speed</STRONG> (Thumb, 80 bytes, Stack size 48 bytes, app_motor_usart.o(.text.Contrl_Speed))
<BR><BR>[Stack]<UL><LI>Max Depth = 92<LI>Call Chain = Contrl_Speed &rArr; UART_Console_write &rArr; DL_DMA_setTransferSize
</UL>
<BR>[Calls]<UL><LI><a href="#[3b]">&gt;&gt;</a>&nbsp;&nbsp;&nbsp;sprintf
<LI><a href="#[3c]">&gt;&gt;</a>&nbsp;&nbsp;&nbsp;strlen
<LI><a href="#[3d]">&gt;&gt;</a>&nbsp;&nbsp;&nbsp;UART_Console_write
</UL>
<BR>[Called By]<UL><LI><a href="#[5e]">&gt;&gt;</a>&nbsp;&nbsp;&nbsp;Motion_Car_Control
</UL>

<P><STRONG><a name="[88]"></a>DL_Common_delayCycles</STRONG> (Thumb, 20 bytes, Stack size 8 bytes, dl_common.o(.text.DL_Common_delayCycles))
<BR><BR>[Stack]<UL><LI>Max Depth = 8<LI>Call Chain = DL_Common_delayCycles
</UL>
<BR>[Called By]<UL><LI><a href="#[81]">&gt;&gt;</a>&nbsp;&nbsp;&nbsp;SYSCFG_DL_initPower
</UL>

<P><STRONG><a name="[3e]"></a>DL_DMA_initChannel</STRONG> (Thumb, 70 bytes, Stack size 56 bytes, dl_dma.o(.text.DL_DMA_initChannel))
<BR><BR>[Stack]<UL><LI>Max Depth = 104<LI>Call Chain = DL_DMA_initChannel &rArr; DL_DMA_setTrigger &rArr; DL_Common_updateReg
</UL>
<BR>[Calls]<UL><LI><a href="#[40]">&gt;&gt;</a>&nbsp;&nbsp;&nbsp;DL_DMA_setTrigger
<LI><a href="#[3f]">&gt;&gt;</a>&nbsp;&nbsp;&nbsp;DL_DMA_configTransfer
</UL>
<BR>[Called By]<UL><LI><a href="#[61]">&gt;&gt;</a>&nbsp;&nbsp;&nbsp;SYSCFG_DL_DMA_CH0_init
</UL>

<P><STRONG><a name="[42]"></a>DL_I2C_fillControllerTXFIFO</STRONG> (Thumb, 84 bytes, Stack size 24 bytes, dl_i2c.o(.text.DL_I2C_fillControllerTXFIFO))
<BR><BR>[Stack]<UL><LI>Max Depth = 32<LI>Call Chain = DL_I2C_fillControllerTXFIFO &rArr; DL_I2C_transmitControllerData
</UL>
<BR>[Calls]<UL><LI><a href="#[44]">&gt;&gt;</a>&nbsp;&nbsp;&nbsp;DL_I2C_transmitControllerData
<LI><a href="#[43]">&gt;&gt;</a>&nbsp;&nbsp;&nbsp;DL_I2C_isControllerTXFIFOFull
</UL>
<BR>[Called By]<UL><LI><a href="#[55]">&gt;&gt;</a>&nbsp;&nbsp;&nbsp;IRI2C_ReadByte
</UL>

<P><STRONG><a name="[47]"></a>DL_I2C_setClockConfig</STRONG> (Thumb, 48 bytes, Stack size 16 bytes, dl_i2c.o(.text.DL_I2C_setClockConfig))
<BR><BR>[Stack]<UL><LI>Max Depth = 32<LI>Call Chain = DL_I2C_setClockConfig &rArr; DL_Common_updateReg
</UL>
<BR>[Calls]<UL><LI><a href="#[48]">&gt;&gt;</a>&nbsp;&nbsp;&nbsp;DL_Common_updateReg
</UL>
<BR>[Called By]<UL><LI><a href="#[6b]">&gt;&gt;</a>&nbsp;&nbsp;&nbsp;SYSCFG_DL_I2C_1_init
</UL>

<P><STRONG><a name="[4e]"></a>DL_UART_init</STRONG> (Thumb, 68 bytes, Stack size 16 bytes, dl_uart.o(.text.DL_UART_init))
<BR><BR>[Stack]<UL><LI>Max Depth = 32<LI>Call Chain = DL_UART_init &rArr; DL_Common_updateReg
</UL>
<BR>[Calls]<UL><LI><a href="#[50]">&gt;&gt;</a>&nbsp;&nbsp;&nbsp;DL_Common_updateReg
<LI><a href="#[4f]">&gt;&gt;</a>&nbsp;&nbsp;&nbsp;DL_UART_disable
</UL>
<BR>[Called By]<UL><LI><a href="#[7d]">&gt;&gt;</a>&nbsp;&nbsp;&nbsp;SYSCFG_DL_UART_1_init
<LI><a href="#[79]">&gt;&gt;</a>&nbsp;&nbsp;&nbsp;SYSCFG_DL_UART_0_init
</UL>

<P><STRONG><a name="[7a]"></a>DL_UART_setClockConfig</STRONG> (Thumb, 32 bytes, Stack size 8 bytes, dl_uart.o(.text.DL_UART_setClockConfig))
<BR><BR>[Stack]<UL><LI>Max Depth = 8<LI>Call Chain = DL_UART_setClockConfig
</UL>
<BR>[Called By]<UL><LI><a href="#[7d]">&gt;&gt;</a>&nbsp;&nbsp;&nbsp;SYSCFG_DL_UART_1_init
<LI><a href="#[79]">&gt;&gt;</a>&nbsp;&nbsp;&nbsp;SYSCFG_DL_UART_0_init
</UL>

<P><STRONG><a name="[55]"></a>IRI2C_ReadByte</STRONG> (Thumb, 160 bytes, Stack size 24 bytes, app_irtracking.o(.text.IRI2C_ReadByte))
<BR><BR>[Stack]<UL><LI>Max Depth = 72<LI>Call Chain = IRI2C_ReadByte &rArr; DL_I2C_startControllerTransfer &rArr; DL_Common_updateReg
</UL>
<BR>[Calls]<UL><LI><a href="#[42]">&gt;&gt;</a>&nbsp;&nbsp;&nbsp;DL_I2C_fillControllerTXFIFO
<LI><a href="#[58]">&gt;&gt;</a>&nbsp;&nbsp;&nbsp;DL_I2C_receiveControllerData
<LI><a href="#[56]">&gt;&gt;</a>&nbsp;&nbsp;&nbsp;DL_I2C_disableInterrupt
<LI><a href="#[4b]">&gt;&gt;</a>&nbsp;&nbsp;&nbsp;DL_I2C_startControllerTransfer
<LI><a href="#[57]">&gt;&gt;</a>&nbsp;&nbsp;&nbsp;DL_I2C_getControllerStatus
</UL>
<BR>[Called By]<UL><LI><a href="#[5a]">&gt;&gt;</a>&nbsp;&nbsp;&nbsp;deal_IRdata
</UL>

<P><STRONG><a name="[59]"></a>LineWalking</STRONG> (Thumb, 1204 bytes, Stack size 32 bytes, app_irtracking.o(.text.LineWalking))
<BR><BR>[Stack]<UL><LI>Max Depth = 172<LI>Call Chain = LineWalking &rArr; Motion_Car_Control &rArr; Contrl_Speed &rArr; UART_Console_write &rArr; DL_DMA_setTransferSize
</UL>
<BR>[Calls]<UL><LI><a href="#[5e]">&gt;&gt;</a>&nbsp;&nbsp;&nbsp;Motion_Car_Control
<LI><a href="#[5d]">&gt;&gt;</a>&nbsp;&nbsp;&nbsp;__aeabi_f2iz
<LI><a href="#[5a]">&gt;&gt;</a>&nbsp;&nbsp;&nbsp;deal_IRdata
<LI><a href="#[5c]">&gt;&gt;</a>&nbsp;&nbsp;&nbsp;PID_IR_Calc
<LI><a href="#[5b]">&gt;&gt;</a>&nbsp;&nbsp;&nbsp;delay_ms
</UL>
<BR>[Called By]<UL><LI><a href="#[1e]">&gt;&gt;</a>&nbsp;&nbsp;&nbsp;main
</UL>

<P><STRONG><a name="[5e]"></a>Motion_Car_Control</STRONG> (Thumb, 420 bytes, Stack size 48 bytes, app_motor.o(.text.Motion_Car_Control))
<BR><BR>[Stack]<UL><LI>Max Depth = 140<LI>Call Chain = Motion_Car_Control &rArr; Contrl_Speed &rArr; UART_Console_write &rArr; DL_DMA_setTransferSize
</UL>
<BR>[Calls]<UL><LI><a href="#[28]">&gt;&gt;</a>&nbsp;&nbsp;&nbsp;__aeabi_fsub
<LI><a href="#[60]">&gt;&gt;</a>&nbsp;&nbsp;&nbsp;__aeabi_fmul
<LI><a href="#[2a]">&gt;&gt;</a>&nbsp;&nbsp;&nbsp;__aeabi_fdiv
<LI><a href="#[5f]">&gt;&gt;</a>&nbsp;&nbsp;&nbsp;Motion_Get_APB
<LI><a href="#[3a]">&gt;&gt;</a>&nbsp;&nbsp;&nbsp;Contrl_Speed
<LI><a href="#[5d]">&gt;&gt;</a>&nbsp;&nbsp;&nbsp;__aeabi_f2iz
<LI><a href="#[25]">&gt;&gt;</a>&nbsp;&nbsp;&nbsp;__aeabi_fadd
<LI><a href="#[2b]">&gt;&gt;</a>&nbsp;&nbsp;&nbsp;__aeabi_i2f
</UL>
<BR>[Called By]<UL><LI><a href="#[59]">&gt;&gt;</a>&nbsp;&nbsp;&nbsp;LineWalking
</UL>

<P><STRONG><a name="[5c]"></a>PID_IR_Calc</STRONG> (Thumb, 72 bytes, Stack size 32 bytes, app_irtracking.o(.text.PID_IR_Calc))
<BR><BR>[Stack]<UL><LI>Max Depth = 68<LI>Call Chain = PID_IR_Calc &rArr; __aeabi_fadd &rArr; _float_epilogue
</UL>
<BR>[Calls]<UL><LI><a href="#[25]">&gt;&gt;</a>&nbsp;&nbsp;&nbsp;__aeabi_fadd
<LI><a href="#[2b]">&gt;&gt;</a>&nbsp;&nbsp;&nbsp;__aeabi_i2f
</UL>
<BR>[Called By]<UL><LI><a href="#[59]">&gt;&gt;</a>&nbsp;&nbsp;&nbsp;LineWalking
</UL>

<P><STRONG><a name="[61]"></a>SYSCFG_DL_DMA_CH0_init</STRONG> (Thumb, 16 bytes, Stack size 8 bytes, ti_msp_dl_config.o(.text.SYSCFG_DL_DMA_CH0_init))
<BR><BR>[Stack]<UL><LI>Max Depth = 112<LI>Call Chain = SYSCFG_DL_DMA_CH0_init &rArr; DL_DMA_initChannel &rArr; DL_DMA_setTrigger &rArr; DL_Common_updateReg
</UL>
<BR>[Calls]<UL><LI><a href="#[3e]">&gt;&gt;</a>&nbsp;&nbsp;&nbsp;DL_DMA_initChannel
</UL>
<BR>[Called By]<UL><LI><a href="#[62]">&gt;&gt;</a>&nbsp;&nbsp;&nbsp;SYSCFG_DL_DMA_init
</UL>

<P><STRONG><a name="[62]"></a>SYSCFG_DL_DMA_init</STRONG> (Thumb, 8 bytes, Stack size 8 bytes, ti_msp_dl_config.o(.text.SYSCFG_DL_DMA_init))
<BR><BR>[Stack]<UL><LI>Max Depth = 120<LI>Call Chain = SYSCFG_DL_DMA_init &rArr; SYSCFG_DL_DMA_CH0_init &rArr; DL_DMA_initChannel &rArr; DL_DMA_setTrigger &rArr; DL_Common_updateReg
</UL>
<BR>[Calls]<UL><LI><a href="#[61]">&gt;&gt;</a>&nbsp;&nbsp;&nbsp;SYSCFG_DL_DMA_CH0_init
</UL>
<BR>[Called By]<UL><LI><a href="#[80]">&gt;&gt;</a>&nbsp;&nbsp;&nbsp;SYSCFG_DL_init
</UL>

<P><STRONG><a name="[63]"></a>SYSCFG_DL_GPIO_init</STRONG> (Thumb, 148 bytes, Stack size 48 bytes, ti_msp_dl_config.o(.text.SYSCFG_DL_GPIO_init))
<BR><BR>[Stack]<UL><LI>Max Depth = 72<LI>Call Chain = SYSCFG_DL_GPIO_init &rArr; DL_GPIO_initPeripheralInputFunctionFeatures
</UL>
<BR>[Calls]<UL><LI><a href="#[6a]">&gt;&gt;</a>&nbsp;&nbsp;&nbsp;DL_GPIO_enableOutput
<LI><a href="#[69]">&gt;&gt;</a>&nbsp;&nbsp;&nbsp;DL_GPIO_setPins
<LI><a href="#[68]">&gt;&gt;</a>&nbsp;&nbsp;&nbsp;DL_GPIO_initDigitalOutput
<LI><a href="#[67]">&gt;&gt;</a>&nbsp;&nbsp;&nbsp;DL_GPIO_initPeripheralInputFunction
<LI><a href="#[66]">&gt;&gt;</a>&nbsp;&nbsp;&nbsp;DL_GPIO_initPeripheralOutputFunction
<LI><a href="#[65]">&gt;&gt;</a>&nbsp;&nbsp;&nbsp;DL_GPIO_enableHiZ
<LI><a href="#[64]">&gt;&gt;</a>&nbsp;&nbsp;&nbsp;DL_GPIO_initPeripheralInputFunctionFeatures
</UL>
<BR>[Called By]<UL><LI><a href="#[80]">&gt;&gt;</a>&nbsp;&nbsp;&nbsp;SYSCFG_DL_init
</UL>

<P><STRONG><a name="[6b]"></a>SYSCFG_DL_I2C_1_init</STRONG> (Thumb, 80 bytes, Stack size 16 bytes, ti_msp_dl_config.o(.text.SYSCFG_DL_I2C_1_init))
<BR><BR>[Stack]<UL><LI>Max Depth = 56<LI>Call Chain = SYSCFG_DL_I2C_1_init &rArr; DL_I2C_setControllerRXFIFOThreshold &rArr; DL_Common_updateReg
</UL>
<BR>[Calls]<UL><LI><a href="#[47]">&gt;&gt;</a>&nbsp;&nbsp;&nbsp;DL_I2C_setClockConfig
<LI><a href="#[70]">&gt;&gt;</a>&nbsp;&nbsp;&nbsp;DL_I2C_enableController
<LI><a href="#[6f]">&gt;&gt;</a>&nbsp;&nbsp;&nbsp;DL_I2C_enableControllerClockStretching
<LI><a href="#[49]">&gt;&gt;</a>&nbsp;&nbsp;&nbsp;DL_I2C_setControllerRXFIFOThreshold
<LI><a href="#[4a]">&gt;&gt;</a>&nbsp;&nbsp;&nbsp;DL_I2C_setControllerTXFIFOThreshold
<LI><a href="#[6e]">&gt;&gt;</a>&nbsp;&nbsp;&nbsp;DL_I2C_setTimerPeriod
<LI><a href="#[6d]">&gt;&gt;</a>&nbsp;&nbsp;&nbsp;DL_I2C_resetControllerTransfer
<LI><a href="#[6c]">&gt;&gt;</a>&nbsp;&nbsp;&nbsp;DL_I2C_enableAnalogGlitchFilter
<LI><a href="#[45]">&gt;&gt;</a>&nbsp;&nbsp;&nbsp;DL_I2C_setAnalogGlitchFilterPulseWidth
</UL>
<BR>[Called By]<UL><LI><a href="#[80]">&gt;&gt;</a>&nbsp;&nbsp;&nbsp;SYSCFG_DL_init
</UL>

<P><STRONG><a name="[71]"></a>SYSCFG_DL_SYSCTL_init</STRONG> (Thumb, 34 bytes, Stack size 16 bytes, ti_msp_dl_config.o(.text.SYSCFG_DL_SYSCTL_init))
<BR><BR>[Stack]<UL><LI>Max Depth = 48<LI>Call Chain = SYSCFG_DL_SYSCTL_init &rArr; DL_SYSCTL_setSYSOSCFreq &rArr; DL_Common_updateReg
</UL>
<BR>[Calls]<UL><LI><a href="#[75]">&gt;&gt;</a>&nbsp;&nbsp;&nbsp;DL_SYSCTL_enableMFCLK
<LI><a href="#[74]">&gt;&gt;</a>&nbsp;&nbsp;&nbsp;DL_SYSCTL_disableSYSPLL
<LI><a href="#[73]">&gt;&gt;</a>&nbsp;&nbsp;&nbsp;DL_SYSCTL_disableHFXT
<LI><a href="#[4d]">&gt;&gt;</a>&nbsp;&nbsp;&nbsp;DL_SYSCTL_setSYSOSCFreq
<LI><a href="#[72]">&gt;&gt;</a>&nbsp;&nbsp;&nbsp;DL_SYSCTL_setBORThreshold
</UL>
<BR>[Called By]<UL><LI><a href="#[80]">&gt;&gt;</a>&nbsp;&nbsp;&nbsp;SYSCFG_DL_init
</UL>

<P><STRONG><a name="[76]"></a>SYSCFG_DL_SYSTICK_init</STRONG> (Thumb, 14 bytes, Stack size 8 bytes, ti_msp_dl_config.o(.text.SYSCFG_DL_SYSTICK_init))
<BR><BR>[Stack]<UL><LI>Max Depth = 12<LI>Call Chain = SYSCFG_DL_SYSTICK_init &rArr; DL_SYSTICK_init
</UL>
<BR>[Calls]<UL><LI><a href="#[78]">&gt;&gt;</a>&nbsp;&nbsp;&nbsp;DL_SYSTICK_enable
<LI><a href="#[77]">&gt;&gt;</a>&nbsp;&nbsp;&nbsp;DL_SYSTICK_init
</UL>
<BR>[Called By]<UL><LI><a href="#[80]">&gt;&gt;</a>&nbsp;&nbsp;&nbsp;SYSCFG_DL_init
</UL>

<P><STRONG><a name="[79]"></a>SYSCFG_DL_UART_0_init</STRONG> (Thumb, 60 bytes, Stack size 16 bytes, ti_msp_dl_config.o(.text.SYSCFG_DL_UART_0_init))
<BR><BR>[Stack]<UL><LI>Max Depth = 56<LI>Call Chain = SYSCFG_DL_UART_0_init &rArr; DL_UART_setBaudRateDivisor &rArr; DL_Common_updateReg
</UL>
<BR>[Calls]<UL><LI><a href="#[4e]">&gt;&gt;</a>&nbsp;&nbsp;&nbsp;DL_UART_init
<LI><a href="#[7a]">&gt;&gt;</a>&nbsp;&nbsp;&nbsp;DL_UART_setClockConfig
<LI><a href="#[7c]">&gt;&gt;</a>&nbsp;&nbsp;&nbsp;DL_UART_enable
<LI><a href="#[7b]">&gt;&gt;</a>&nbsp;&nbsp;&nbsp;DL_UART_enableInterrupt
<LI><a href="#[51]">&gt;&gt;</a>&nbsp;&nbsp;&nbsp;DL_UART_setBaudRateDivisor
<LI><a href="#[52]">&gt;&gt;</a>&nbsp;&nbsp;&nbsp;DL_UART_setOversampling
</UL>
<BR>[Called By]<UL><LI><a href="#[80]">&gt;&gt;</a>&nbsp;&nbsp;&nbsp;SYSCFG_DL_init
</UL>

<P><STRONG><a name="[7d]"></a>SYSCFG_DL_UART_1_init</STRONG> (Thumb, 88 bytes, Stack size 16 bytes, ti_msp_dl_config.o(.text.SYSCFG_DL_UART_1_init))
<BR><BR>[Stack]<UL><LI>Max Depth = 56<LI>Call Chain = SYSCFG_DL_UART_1_init &rArr; DL_UART_setTXFIFOThreshold &rArr; DL_Common_updateReg
</UL>
<BR>[Calls]<UL><LI><a href="#[4e]">&gt;&gt;</a>&nbsp;&nbsp;&nbsp;DL_UART_init
<LI><a href="#[7a]">&gt;&gt;</a>&nbsp;&nbsp;&nbsp;DL_UART_setClockConfig
<LI><a href="#[54]">&gt;&gt;</a>&nbsp;&nbsp;&nbsp;DL_UART_setTXFIFOThreshold
<LI><a href="#[53]">&gt;&gt;</a>&nbsp;&nbsp;&nbsp;DL_UART_setRXFIFOThreshold
<LI><a href="#[7f]">&gt;&gt;</a>&nbsp;&nbsp;&nbsp;DL_UART_enableFIFOs
<LI><a href="#[7e]">&gt;&gt;</a>&nbsp;&nbsp;&nbsp;DL_UART_enableDMATransmitEvent
<LI><a href="#[7c]">&gt;&gt;</a>&nbsp;&nbsp;&nbsp;DL_UART_enable
<LI><a href="#[7b]">&gt;&gt;</a>&nbsp;&nbsp;&nbsp;DL_UART_enableInterrupt
<LI><a href="#[51]">&gt;&gt;</a>&nbsp;&nbsp;&nbsp;DL_UART_setBaudRateDivisor
<LI><a href="#[52]">&gt;&gt;</a>&nbsp;&nbsp;&nbsp;DL_UART_setOversampling
</UL>
<BR>[Called By]<UL><LI><a href="#[80]">&gt;&gt;</a>&nbsp;&nbsp;&nbsp;SYSCFG_DL_init
</UL>

<P><STRONG><a name="[80]"></a>SYSCFG_DL_init</STRONG> (Thumb, 36 bytes, Stack size 8 bytes, ti_msp_dl_config.o(.text.SYSCFG_DL_init))
<BR><BR>[Stack]<UL><LI>Max Depth = 128<LI>Call Chain = SYSCFG_DL_init &rArr; SYSCFG_DL_DMA_init &rArr; SYSCFG_DL_DMA_CH0_init &rArr; DL_DMA_initChannel &rArr; DL_DMA_setTrigger &rArr; DL_Common_updateReg
</UL>
<BR>[Calls]<UL><LI><a href="#[76]">&gt;&gt;</a>&nbsp;&nbsp;&nbsp;SYSCFG_DL_SYSTICK_init
<LI><a href="#[62]">&gt;&gt;</a>&nbsp;&nbsp;&nbsp;SYSCFG_DL_DMA_init
<LI><a href="#[7d]">&gt;&gt;</a>&nbsp;&nbsp;&nbsp;SYSCFG_DL_UART_1_init
<LI><a href="#[79]">&gt;&gt;</a>&nbsp;&nbsp;&nbsp;SYSCFG_DL_UART_0_init
<LI><a href="#[6b]">&gt;&gt;</a>&nbsp;&nbsp;&nbsp;SYSCFG_DL_I2C_1_init
<LI><a href="#[71]">&gt;&gt;</a>&nbsp;&nbsp;&nbsp;SYSCFG_DL_SYSCTL_init
<LI><a href="#[63]">&gt;&gt;</a>&nbsp;&nbsp;&nbsp;SYSCFG_DL_GPIO_init
<LI><a href="#[81]">&gt;&gt;</a>&nbsp;&nbsp;&nbsp;SYSCFG_DL_initPower
</UL>
<BR>[Called By]<UL><LI><a href="#[9a]">&gt;&gt;</a>&nbsp;&nbsp;&nbsp;USART_Init
</UL>

<P><STRONG><a name="[81]"></a>SYSCFG_DL_initPower</STRONG> (Thumb, 84 bytes, Stack size 32 bytes, ti_msp_dl_config.o(.text.SYSCFG_DL_initPower))
<BR><BR>[Stack]<UL><LI>Max Depth = 40<LI>Call Chain = SYSCFG_DL_initPower &rArr; DL_Common_delayCycles
</UL>
<BR>[Calls]<UL><LI><a href="#[88]">&gt;&gt;</a>&nbsp;&nbsp;&nbsp;DL_Common_delayCycles
<LI><a href="#[87]">&gt;&gt;</a>&nbsp;&nbsp;&nbsp;DL_UART_enablePower
<LI><a href="#[86]">&gt;&gt;</a>&nbsp;&nbsp;&nbsp;DL_I2C_enablePower
<LI><a href="#[85]">&gt;&gt;</a>&nbsp;&nbsp;&nbsp;DL_GPIO_enablePower
<LI><a href="#[84]">&gt;&gt;</a>&nbsp;&nbsp;&nbsp;DL_UART_reset
<LI><a href="#[83]">&gt;&gt;</a>&nbsp;&nbsp;&nbsp;DL_I2C_reset
<LI><a href="#[82]">&gt;&gt;</a>&nbsp;&nbsp;&nbsp;DL_GPIO_reset
</UL>
<BR>[Called By]<UL><LI><a href="#[80]">&gt;&gt;</a>&nbsp;&nbsp;&nbsp;SYSCFG_DL_init
</UL>

<P><STRONG><a name="[89]"></a>Send_Motor_ArrayU8</STRONG> (Thumb, 46 bytes, Stack size 16 bytes, bsp_motor_usart.o(.text.Send_Motor_ArrayU8))
<BR><BR>[Stack]<UL><LI>Max Depth = 40<LI>Call Chain = Send_Motor_ArrayU8 &rArr; Send_Motor_U8 &rArr; DL_UART_transmitData
</UL>
<BR>[Calls]<UL><LI><a href="#[8a]">&gt;&gt;</a>&nbsp;&nbsp;&nbsp;Send_Motor_U8
</UL>
<BR>[Called By]<UL><LI><a href="#[a4]">&gt;&gt;</a>&nbsp;&nbsp;&nbsp;send_motor_PID
<LI><a href="#[91]">&gt;&gt;</a>&nbsp;&nbsp;&nbsp;send_wheel_diameter
<LI><a href="#[8f]">&gt;&gt;</a>&nbsp;&nbsp;&nbsp;send_pulse_phase
<LI><a href="#[90]">&gt;&gt;</a>&nbsp;&nbsp;&nbsp;send_pulse_line
<LI><a href="#[92]">&gt;&gt;</a>&nbsp;&nbsp;&nbsp;send_motor_deadzone
<LI><a href="#[8e]">&gt;&gt;</a>&nbsp;&nbsp;&nbsp;send_motor_type
</UL>

<P><STRONG><a name="[8a]"></a>Send_Motor_U8</STRONG> (Thumb, 40 bytes, Stack size 16 bytes, bsp_motor_usart.o(.text.Send_Motor_U8))
<BR><BR>[Stack]<UL><LI>Max Depth = 24<LI>Call Chain = Send_Motor_U8 &rArr; DL_UART_transmitData
</UL>
<BR>[Calls]<UL><LI><a href="#[8c]">&gt;&gt;</a>&nbsp;&nbsp;&nbsp;DL_UART_transmitData
<LI><a href="#[8b]">&gt;&gt;</a>&nbsp;&nbsp;&nbsp;DL_UART_isBusy
</UL>
<BR>[Called By]<UL><LI><a href="#[89]">&gt;&gt;</a>&nbsp;&nbsp;&nbsp;Send_Motor_ArrayU8
</UL>

<P><STRONG><a name="[8d]"></a>Set_Motor</STRONG> (Thumb, 360 bytes, Stack size 32 bytes, app_motor.o(.text.Set_Motor))
<BR><BR>[Stack]<UL><LI>Max Depth = 88<LI>Call Chain = Set_Motor &rArr; send_wheel_diameter &rArr; Send_Motor_ArrayU8 &rArr; Send_Motor_U8 &rArr; DL_UART_transmitData
</UL>
<BR>[Calls]<UL><LI><a href="#[91]">&gt;&gt;</a>&nbsp;&nbsp;&nbsp;send_wheel_diameter
<LI><a href="#[8f]">&gt;&gt;</a>&nbsp;&nbsp;&nbsp;send_pulse_phase
<LI><a href="#[90]">&gt;&gt;</a>&nbsp;&nbsp;&nbsp;send_pulse_line
<LI><a href="#[92]">&gt;&gt;</a>&nbsp;&nbsp;&nbsp;send_motor_deadzone
<LI><a href="#[8e]">&gt;&gt;</a>&nbsp;&nbsp;&nbsp;send_motor_type
<LI><a href="#[5b]">&gt;&gt;</a>&nbsp;&nbsp;&nbsp;delay_ms
</UL>
<BR>[Called By]<UL><LI><a href="#[1e]">&gt;&gt;</a>&nbsp;&nbsp;&nbsp;main
</UL>

<P><STRONG><a name="[12]"></a>UART0_IRQHandler</STRONG> (Thumb, 80 bytes, Stack size 16 bytes, usart.o(.text.UART0_IRQHandler))
<BR><BR>[Stack]<UL><LI>Max Depth = 20<LI>Call Chain = UART0_IRQHandler &rArr; DL_UART_receiveData
</UL>
<BR>[Calls]<UL><LI><a href="#[94]">&gt;&gt;</a>&nbsp;&nbsp;&nbsp;DL_UART_receiveData
<LI><a href="#[93]">&gt;&gt;</a>&nbsp;&nbsp;&nbsp;DL_UART_getPendingInterrupt
</UL>
<BR>[Address Reference Count : 1]<UL><LI> startup_mspm0g350x_uvision.o(RESET)
</UL>
<P><STRONG><a name="[10]"></a>UART1_IRQHandler</STRONG> (Thumb, 56 bytes, Stack size 16 bytes, bsp_motor_usart.o(.text.UART1_IRQHandler))
<BR><BR>[Stack]<UL><LI>Max Depth = 20<LI>Call Chain = UART1_IRQHandler &rArr; DL_UART_getPendingInterrupt
</UL>
<BR>[Calls]<UL><LI><a href="#[95]">&gt;&gt;</a>&nbsp;&nbsp;&nbsp;DL_UART_getPendingInterrupt
</UL>
<BR>[Address Reference Count : 1]<UL><LI> startup_mspm0g350x_uvision.o(RESET)
</UL>
<P><STRONG><a name="[3d]"></a>UART_Console_write</STRONG> (Thumb, 84 bytes, Stack size 24 bytes, bsp_motor_usart.o(.text.UART_Console_write))
<BR><BR>[Stack]<UL><LI>Max Depth = 44<LI>Call Chain = UART_Console_write &rArr; DL_DMA_setTransferSize
</UL>
<BR>[Calls]<UL><LI><a href="#[99]">&gt;&gt;</a>&nbsp;&nbsp;&nbsp;DL_DMA_enableChannel
<LI><a href="#[98]">&gt;&gt;</a>&nbsp;&nbsp;&nbsp;DL_DMA_setTransferSize
<LI><a href="#[97]">&gt;&gt;</a>&nbsp;&nbsp;&nbsp;DL_DMA_setDestAddr
<LI><a href="#[96]">&gt;&gt;</a>&nbsp;&nbsp;&nbsp;DL_DMA_setSrcAddr
</UL>
<BR>[Called By]<UL><LI><a href="#[3a]">&gt;&gt;</a>&nbsp;&nbsp;&nbsp;Contrl_Speed
</UL>

<P><STRONG><a name="[9a]"></a>USART_Init</STRONG> (Thumb, 26 bytes, Stack size 16 bytes, usart.o(.text.USART_Init))
<BR><BR>[Stack]<UL><LI>Max Depth = 144<LI>Call Chain = USART_Init &rArr; SYSCFG_DL_init &rArr; SYSCFG_DL_DMA_init &rArr; SYSCFG_DL_DMA_CH0_init &rArr; DL_DMA_initChannel &rArr; DL_DMA_setTrigger &rArr; DL_Common_updateReg
</UL>
<BR>[Calls]<UL><LI><a href="#[80]">&gt;&gt;</a>&nbsp;&nbsp;&nbsp;SYSCFG_DL_init
<LI><a href="#[9c]">&gt;&gt;</a>&nbsp;&nbsp;&nbsp;__NVIC_EnableIRQ
<LI><a href="#[9b]">&gt;&gt;</a>&nbsp;&nbsp;&nbsp;__NVIC_ClearPendingIRQ
</UL>
<BR>[Called By]<UL><LI><a href="#[1e]">&gt;&gt;</a>&nbsp;&nbsp;&nbsp;main
</UL>

<P><STRONG><a name="[5a]"></a>deal_IRdata</STRONG> (Thumb, 122 bytes, Stack size 32 bytes, app_irtracking.o(.text.deal_IRdata))
<BR><BR>[Stack]<UL><LI>Max Depth = 104<LI>Call Chain = deal_IRdata &rArr; IRI2C_ReadByte &rArr; DL_I2C_startControllerTransfer &rArr; DL_Common_updateReg
</UL>
<BR>[Calls]<UL><LI><a href="#[55]">&gt;&gt;</a>&nbsp;&nbsp;&nbsp;IRI2C_ReadByte
</UL>
<BR>[Called By]<UL><LI><a href="#[59]">&gt;&gt;</a>&nbsp;&nbsp;&nbsp;LineWalking
</UL>

<P><STRONG><a name="[5b]"></a>delay_ms</STRONG> (Thumb, 22 bytes, Stack size 16 bytes, delay.o(.text.delay_ms))
<BR><BR>[Stack]<UL><LI>Max Depth = 36<LI>Call Chain = delay_ms &rArr; delay_us
</UL>
<BR>[Calls]<UL><LI><a href="#[9d]">&gt;&gt;</a>&nbsp;&nbsp;&nbsp;delay_us
</UL>
<BR>[Called By]<UL><LI><a href="#[59]">&gt;&gt;</a>&nbsp;&nbsp;&nbsp;LineWalking
<LI><a href="#[8d]">&gt;&gt;</a>&nbsp;&nbsp;&nbsp;Set_Motor
</UL>

<P><STRONG><a name="[9d]"></a>delay_us</STRONG> (Thumb, 108 bytes, Stack size 20 bytes, delay.o(.text.delay_us))
<BR><BR>[Stack]<UL><LI>Max Depth = 20<LI>Call Chain = delay_us
</UL>
<BR>[Called By]<UL><LI><a href="#[5b]">&gt;&gt;</a>&nbsp;&nbsp;&nbsp;delay_ms
</UL>

<P><STRONG><a name="[20]"></a>fputc</STRONG> (Thumb, 40 bytes, Stack size 16 bytes, usart.o(.text.fputc))
<BR><BR>[Stack]<UL><LI>Max Depth = 24<LI>Call Chain = fputc &rArr; DL_UART_transmitData
</UL>
<BR>[Calls]<UL><LI><a href="#[9f]">&gt;&gt;</a>&nbsp;&nbsp;&nbsp;DL_UART_transmitData
<LI><a href="#[9e]">&gt;&gt;</a>&nbsp;&nbsp;&nbsp;DL_UART_isBusy
</UL>
<BR>[Address Reference Count : 1]<UL><LI> printfa.o(i.__0printf)
</UL>
<P><STRONG><a name="[1e]"></a>main</STRONG> (Thumb, 72 bytes, Stack size 24 bytes, empty.o(.text.main))
<BR><BR>[Stack]<UL><LI>Max Depth = 196<LI>Call Chain = main &rArr; LineWalking &rArr; Motion_Car_Control &rArr; Contrl_Speed &rArr; UART_Console_write &rArr; DL_DMA_setTransferSize
</UL>
<BR>[Calls]<UL><LI><a href="#[59]">&gt;&gt;</a>&nbsp;&nbsp;&nbsp;LineWalking
<LI><a href="#[a4]">&gt;&gt;</a>&nbsp;&nbsp;&nbsp;send_motor_PID
<LI><a href="#[8d]">&gt;&gt;</a>&nbsp;&nbsp;&nbsp;Set_Motor
<LI><a href="#[9a]">&gt;&gt;</a>&nbsp;&nbsp;&nbsp;USART_Init
<LI><a href="#[a3]">&gt;&gt;</a>&nbsp;&nbsp;&nbsp;__NVIC_EnableIRQ
<LI><a href="#[a2]">&gt;&gt;</a>&nbsp;&nbsp;&nbsp;DL_DMA_enableChannel
<LI><a href="#[a1]">&gt;&gt;</a>&nbsp;&nbsp;&nbsp;__NVIC_ClearPendingIRQ
<LI><a href="#[a0]">&gt;&gt;</a>&nbsp;&nbsp;&nbsp;printf
</UL>
<BR>[Address Reference Count : 1]<UL><LI> entry9a.o(.ARM.Collect$$$$0000000B)
</UL>
<P><STRONG><a name="[a4]"></a>send_motor_PID</STRONG> (Thumb, 88 bytes, Stack size 64 bytes, app_motor_usart.o(.text.send_motor_PID))
<BR><BR>[Stack]<UL><LI>Max Depth = 104<LI>Call Chain = send_motor_PID &rArr; Send_Motor_ArrayU8 &rArr; Send_Motor_U8 &rArr; DL_UART_transmitData
</UL>
<BR>[Calls]<UL><LI><a href="#[3b]">&gt;&gt;</a>&nbsp;&nbsp;&nbsp;sprintf
<LI><a href="#[3c]">&gt;&gt;</a>&nbsp;&nbsp;&nbsp;strlen
<LI><a href="#[a5]">&gt;&gt;</a>&nbsp;&nbsp;&nbsp;__aeabi_f2d
<LI><a href="#[89]">&gt;&gt;</a>&nbsp;&nbsp;&nbsp;Send_Motor_ArrayU8
</UL>
<BR>[Called By]<UL><LI><a href="#[1e]">&gt;&gt;</a>&nbsp;&nbsp;&nbsp;main
</UL>

<P><STRONG><a name="[92]"></a>send_motor_deadzone</STRONG> (Thumb, 44 bytes, Stack size 16 bytes, app_motor_usart.o(.text.send_motor_deadzone))
<BR><BR>[Stack]<UL><LI>Max Depth = 56<LI>Call Chain = send_motor_deadzone &rArr; Send_Motor_ArrayU8 &rArr; Send_Motor_U8 &rArr; DL_UART_transmitData
</UL>
<BR>[Calls]<UL><LI><a href="#[3b]">&gt;&gt;</a>&nbsp;&nbsp;&nbsp;sprintf
<LI><a href="#[3c]">&gt;&gt;</a>&nbsp;&nbsp;&nbsp;strlen
<LI><a href="#[89]">&gt;&gt;</a>&nbsp;&nbsp;&nbsp;Send_Motor_ArrayU8
</UL>
<BR>[Called By]<UL><LI><a href="#[8d]">&gt;&gt;</a>&nbsp;&nbsp;&nbsp;Set_Motor
</UL>

<P><STRONG><a name="[8e]"></a>send_motor_type</STRONG> (Thumb, 44 bytes, Stack size 16 bytes, app_motor_usart.o(.text.send_motor_type))
<BR><BR>[Stack]<UL><LI>Max Depth = 56<LI>Call Chain = send_motor_type &rArr; Send_Motor_ArrayU8 &rArr; Send_Motor_U8 &rArr; DL_UART_transmitData
</UL>
<BR>[Calls]<UL><LI><a href="#[3b]">&gt;&gt;</a>&nbsp;&nbsp;&nbsp;sprintf
<LI><a href="#[3c]">&gt;&gt;</a>&nbsp;&nbsp;&nbsp;strlen
<LI><a href="#[89]">&gt;&gt;</a>&nbsp;&nbsp;&nbsp;Send_Motor_ArrayU8
</UL>
<BR>[Called By]<UL><LI><a href="#[8d]">&gt;&gt;</a>&nbsp;&nbsp;&nbsp;Set_Motor
</UL>

<P><STRONG><a name="[90]"></a>send_pulse_line</STRONG> (Thumb, 44 bytes, Stack size 16 bytes, app_motor_usart.o(.text.send_pulse_line))
<BR><BR>[Stack]<UL><LI>Max Depth = 56<LI>Call Chain = send_pulse_line &rArr; Send_Motor_ArrayU8 &rArr; Send_Motor_U8 &rArr; DL_UART_transmitData
</UL>
<BR>[Calls]<UL><LI><a href="#[3b]">&gt;&gt;</a>&nbsp;&nbsp;&nbsp;sprintf
<LI><a href="#[3c]">&gt;&gt;</a>&nbsp;&nbsp;&nbsp;strlen
<LI><a href="#[89]">&gt;&gt;</a>&nbsp;&nbsp;&nbsp;Send_Motor_ArrayU8
</UL>
<BR>[Called By]<UL><LI><a href="#[8d]">&gt;&gt;</a>&nbsp;&nbsp;&nbsp;Set_Motor
</UL>

<P><STRONG><a name="[8f]"></a>send_pulse_phase</STRONG> (Thumb, 44 bytes, Stack size 16 bytes, app_motor_usart.o(.text.send_pulse_phase))
<BR><BR>[Stack]<UL><LI>Max Depth = 56<LI>Call Chain = send_pulse_phase &rArr; Send_Motor_ArrayU8 &rArr; Send_Motor_U8 &rArr; DL_UART_transmitData
</UL>
<BR>[Calls]<UL><LI><a href="#[3b]">&gt;&gt;</a>&nbsp;&nbsp;&nbsp;sprintf
<LI><a href="#[3c]">&gt;&gt;</a>&nbsp;&nbsp;&nbsp;strlen
<LI><a href="#[89]">&gt;&gt;</a>&nbsp;&nbsp;&nbsp;Send_Motor_ArrayU8
</UL>
<BR>[Called By]<UL><LI><a href="#[8d]">&gt;&gt;</a>&nbsp;&nbsp;&nbsp;Set_Motor
</UL>

<P><STRONG><a name="[91]"></a>send_wheel_diameter</STRONG> (Thumb, 48 bytes, Stack size 16 bytes, app_motor_usart.o(.text.send_wheel_diameter))
<BR><BR>[Stack]<UL><LI>Max Depth = 56<LI>Call Chain = send_wheel_diameter &rArr; Send_Motor_ArrayU8 &rArr; Send_Motor_U8 &rArr; DL_UART_transmitData
</UL>
<BR>[Calls]<UL><LI><a href="#[3b]">&gt;&gt;</a>&nbsp;&nbsp;&nbsp;sprintf
<LI><a href="#[3c]">&gt;&gt;</a>&nbsp;&nbsp;&nbsp;strlen
<LI><a href="#[a5]">&gt;&gt;</a>&nbsp;&nbsp;&nbsp;__aeabi_f2d
<LI><a href="#[89]">&gt;&gt;</a>&nbsp;&nbsp;&nbsp;Send_Motor_ArrayU8
</UL>
<BR>[Called By]<UL><LI><a href="#[8d]">&gt;&gt;</a>&nbsp;&nbsp;&nbsp;Set_Motor
</UL>

<P><STRONG><a name="[a6]"></a>__0printf</STRONG> (Thumb, 24 bytes, Stack size 24 bytes, printfa.o(i.__0printf), UNUSED)
<BR><BR>[Calls]<UL><LI><a href="#[a7]">&gt;&gt;</a>&nbsp;&nbsp;&nbsp;_printf_core
</UL>

<P><STRONG><a name="[ba]"></a>__1printf</STRONG> (Thumb, 0 bytes, Stack size 24 bytes, printfa.o(i.__0printf), UNUSED)

<P><STRONG><a name="[bb]"></a>__2printf</STRONG> (Thumb, 0 bytes, Stack size 24 bytes, printfa.o(i.__0printf), UNUSED)

<P><STRONG><a name="[bc]"></a>__c89printf</STRONG> (Thumb, 0 bytes, Stack size 24 bytes, printfa.o(i.__0printf), UNUSED)

<P><STRONG><a name="[a0]"></a>printf</STRONG> (Thumb, 0 bytes, Stack size 24 bytes, printfa.o(i.__0printf))
<BR><BR>[Stack]<UL><LI>Max Depth = 24<LI>Call Chain = printf
</UL>
<BR>[Called By]<UL><LI><a href="#[1e]">&gt;&gt;</a>&nbsp;&nbsp;&nbsp;main
</UL>

<P><STRONG><a name="[a8]"></a>__0sprintf</STRONG> (Thumb, 36 bytes, Stack size 24 bytes, printfa.o(i.__0sprintf), UNUSED)
<BR><BR>[Calls]<UL><LI><a href="#[21]">&gt;&gt;</a>&nbsp;&nbsp;&nbsp;_sputc
<LI><a href="#[a7]">&gt;&gt;</a>&nbsp;&nbsp;&nbsp;_printf_core
</UL>

<P><STRONG><a name="[bd]"></a>__1sprintf</STRONG> (Thumb, 0 bytes, Stack size 24 bytes, printfa.o(i.__0sprintf), UNUSED)

<P><STRONG><a name="[be]"></a>__2sprintf</STRONG> (Thumb, 0 bytes, Stack size 24 bytes, printfa.o(i.__0sprintf), UNUSED)

<P><STRONG><a name="[bf]"></a>__c89sprintf</STRONG> (Thumb, 0 bytes, Stack size 24 bytes, printfa.o(i.__0sprintf), UNUSED)

<P><STRONG><a name="[3b]"></a>sprintf</STRONG> (Thumb, 0 bytes, Stack size 24 bytes, printfa.o(i.__0sprintf))
<BR><BR>[Stack]<UL><LI>Max Depth = 24<LI>Call Chain = sprintf
</UL>
<BR>[Called By]<UL><LI><a href="#[a4]">&gt;&gt;</a>&nbsp;&nbsp;&nbsp;send_motor_PID
<LI><a href="#[3a]">&gt;&gt;</a>&nbsp;&nbsp;&nbsp;Contrl_Speed
<LI><a href="#[91]">&gt;&gt;</a>&nbsp;&nbsp;&nbsp;send_wheel_diameter
<LI><a href="#[8f]">&gt;&gt;</a>&nbsp;&nbsp;&nbsp;send_pulse_phase
<LI><a href="#[90]">&gt;&gt;</a>&nbsp;&nbsp;&nbsp;send_pulse_line
<LI><a href="#[92]">&gt;&gt;</a>&nbsp;&nbsp;&nbsp;send_motor_deadzone
<LI><a href="#[8e]">&gt;&gt;</a>&nbsp;&nbsp;&nbsp;send_motor_type
</UL>

<P><STRONG><a name="[39]"></a>__ARM_clz</STRONG> (Thumb, 46 bytes, Stack size 0 bytes, depilogue.o(i.__ARM_clz), UNUSED)
<BR><BR>[Called By]<UL><LI><a href="#[31]">&gt;&gt;</a>&nbsp;&nbsp;&nbsp;_double_epilogue
</UL>

<P><STRONG><a name="[c0]"></a>__scatterload_copy</STRONG> (Thumb, 14 bytes, Stack size unknown bytes, handlers.o(i.__scatterload_copy), UNUSED)

<P><STRONG><a name="[c1]"></a>__scatterload_null</STRONG> (Thumb, 2 bytes, Stack size unknown bytes, handlers.o(i.__scatterload_null), UNUSED)

<P><STRONG><a name="[c2]"></a>__scatterload_zeroinit</STRONG> (Thumb, 14 bytes, Stack size unknown bytes, handlers.o(i.__scatterload_zeroinit), UNUSED)
<P>
<H3>
Local Symbols
</H3>
<P><STRONG><a name="[a1]"></a>__NVIC_ClearPendingIRQ</STRONG> (Thumb, 40 bytes, Stack size 4 bytes, empty.o(.text.__NVIC_ClearPendingIRQ))
<BR><BR>[Stack]<UL><LI>Max Depth = 4<LI>Call Chain = __NVIC_ClearPendingIRQ
</UL>
<BR>[Called By]<UL><LI><a href="#[1e]">&gt;&gt;</a>&nbsp;&nbsp;&nbsp;main
</UL>

<P><STRONG><a name="[a2]"></a>DL_DMA_enableChannel</STRONG> (Thumb, 38 bytes, Stack size 12 bytes, empty.o(.text.DL_DMA_enableChannel))
<BR><BR>[Stack]<UL><LI>Max Depth = 12<LI>Call Chain = DL_DMA_enableChannel
</UL>
<BR>[Called By]<UL><LI><a href="#[1e]">&gt;&gt;</a>&nbsp;&nbsp;&nbsp;main
</UL>

<P><STRONG><a name="[a3]"></a>__NVIC_EnableIRQ</STRONG> (Thumb, 40 bytes, Stack size 4 bytes, empty.o(.text.__NVIC_EnableIRQ))
<BR><BR>[Stack]<UL><LI>Max Depth = 4<LI>Call Chain = __NVIC_EnableIRQ
</UL>
<BR>[Called By]<UL><LI><a href="#[1e]">&gt;&gt;</a>&nbsp;&nbsp;&nbsp;main
</UL>

<P><STRONG><a name="[82]"></a>DL_GPIO_reset</STRONG> (Thumb, 16 bytes, Stack size 4 bytes, ti_msp_dl_config.o(.text.DL_GPIO_reset))
<BR><BR>[Stack]<UL><LI>Max Depth = 4<LI>Call Chain = DL_GPIO_reset
</UL>
<BR>[Called By]<UL><LI><a href="#[81]">&gt;&gt;</a>&nbsp;&nbsp;&nbsp;SYSCFG_DL_initPower
</UL>

<P><STRONG><a name="[83]"></a>DL_I2C_reset</STRONG> (Thumb, 16 bytes, Stack size 4 bytes, ti_msp_dl_config.o(.text.DL_I2C_reset))
<BR><BR>[Stack]<UL><LI>Max Depth = 4<LI>Call Chain = DL_I2C_reset
</UL>
<BR>[Called By]<UL><LI><a href="#[81]">&gt;&gt;</a>&nbsp;&nbsp;&nbsp;SYSCFG_DL_initPower
</UL>

<P><STRONG><a name="[84]"></a>DL_UART_reset</STRONG> (Thumb, 16 bytes, Stack size 4 bytes, ti_msp_dl_config.o(.text.DL_UART_reset))
<BR><BR>[Stack]<UL><LI>Max Depth = 4<LI>Call Chain = DL_UART_reset
</UL>
<BR>[Called By]<UL><LI><a href="#[81]">&gt;&gt;</a>&nbsp;&nbsp;&nbsp;SYSCFG_DL_initPower
</UL>

<P><STRONG><a name="[85]"></a>DL_GPIO_enablePower</STRONG> (Thumb, 20 bytes, Stack size 4 bytes, ti_msp_dl_config.o(.text.DL_GPIO_enablePower))
<BR><BR>[Stack]<UL><LI>Max Depth = 4<LI>Call Chain = DL_GPIO_enablePower
</UL>
<BR>[Called By]<UL><LI><a href="#[81]">&gt;&gt;</a>&nbsp;&nbsp;&nbsp;SYSCFG_DL_initPower
</UL>

<P><STRONG><a name="[86]"></a>DL_I2C_enablePower</STRONG> (Thumb, 20 bytes, Stack size 4 bytes, ti_msp_dl_config.o(.text.DL_I2C_enablePower))
<BR><BR>[Stack]<UL><LI>Max Depth = 4<LI>Call Chain = DL_I2C_enablePower
</UL>
<BR>[Called By]<UL><LI><a href="#[81]">&gt;&gt;</a>&nbsp;&nbsp;&nbsp;SYSCFG_DL_initPower
</UL>

<P><STRONG><a name="[87]"></a>DL_UART_enablePower</STRONG> (Thumb, 20 bytes, Stack size 4 bytes, ti_msp_dl_config.o(.text.DL_UART_enablePower))
<BR><BR>[Stack]<UL><LI>Max Depth = 4<LI>Call Chain = DL_UART_enablePower
</UL>
<BR>[Called By]<UL><LI><a href="#[81]">&gt;&gt;</a>&nbsp;&nbsp;&nbsp;SYSCFG_DL_initPower
</UL>

<P><STRONG><a name="[64]"></a>DL_GPIO_initPeripheralInputFunctionFeatures</STRONG> (Thumb, 52 bytes, Stack size 24 bytes, ti_msp_dl_config.o(.text.DL_GPIO_initPeripheralInputFunctionFeatures))
<BR><BR>[Stack]<UL><LI>Max Depth = 24<LI>Call Chain = DL_GPIO_initPeripheralInputFunctionFeatures
</UL>
<BR>[Called By]<UL><LI><a href="#[63]">&gt;&gt;</a>&nbsp;&nbsp;&nbsp;SYSCFG_DL_GPIO_init
</UL>

<P><STRONG><a name="[65]"></a>DL_GPIO_enableHiZ</STRONG> (Thumb, 24 bytes, Stack size 4 bytes, ti_msp_dl_config.o(.text.DL_GPIO_enableHiZ))
<BR><BR>[Stack]<UL><LI>Max Depth = 4<LI>Call Chain = DL_GPIO_enableHiZ
</UL>
<BR>[Called By]<UL><LI><a href="#[63]">&gt;&gt;</a>&nbsp;&nbsp;&nbsp;SYSCFG_DL_GPIO_init
</UL>

<P><STRONG><a name="[66]"></a>DL_GPIO_initPeripheralOutputFunction</STRONG> (Thumb, 24 bytes, Stack size 8 bytes, ti_msp_dl_config.o(.text.DL_GPIO_initPeripheralOutputFunction))
<BR><BR>[Stack]<UL><LI>Max Depth = 8<LI>Call Chain = DL_GPIO_initPeripheralOutputFunction
</UL>
<BR>[Called By]<UL><LI><a href="#[63]">&gt;&gt;</a>&nbsp;&nbsp;&nbsp;SYSCFG_DL_GPIO_init
</UL>

<P><STRONG><a name="[67]"></a>DL_GPIO_initPeripheralInputFunction</STRONG> (Thumb, 24 bytes, Stack size 8 bytes, ti_msp_dl_config.o(.text.DL_GPIO_initPeripheralInputFunction))
<BR><BR>[Stack]<UL><LI>Max Depth = 8<LI>Call Chain = DL_GPIO_initPeripheralInputFunction
</UL>
<BR>[Called By]<UL><LI><a href="#[63]">&gt;&gt;</a>&nbsp;&nbsp;&nbsp;SYSCFG_DL_GPIO_init
</UL>

<P><STRONG><a name="[68]"></a>DL_GPIO_initDigitalOutput</STRONG> (Thumb, 20 bytes, Stack size 4 bytes, ti_msp_dl_config.o(.text.DL_GPIO_initDigitalOutput))
<BR><BR>[Stack]<UL><LI>Max Depth = 4<LI>Call Chain = DL_GPIO_initDigitalOutput
</UL>
<BR>[Called By]<UL><LI><a href="#[63]">&gt;&gt;</a>&nbsp;&nbsp;&nbsp;SYSCFG_DL_GPIO_init
</UL>

<P><STRONG><a name="[69]"></a>DL_GPIO_setPins</STRONG> (Thumb, 20 bytes, Stack size 8 bytes, ti_msp_dl_config.o(.text.DL_GPIO_setPins))
<BR><BR>[Stack]<UL><LI>Max Depth = 8<LI>Call Chain = DL_GPIO_setPins
</UL>
<BR>[Called By]<UL><LI><a href="#[63]">&gt;&gt;</a>&nbsp;&nbsp;&nbsp;SYSCFG_DL_GPIO_init
</UL>

<P><STRONG><a name="[6a]"></a>DL_GPIO_enableOutput</STRONG> (Thumb, 20 bytes, Stack size 8 bytes, ti_msp_dl_config.o(.text.DL_GPIO_enableOutput))
<BR><BR>[Stack]<UL><LI>Max Depth = 8<LI>Call Chain = DL_GPIO_enableOutput
</UL>
<BR>[Called By]<UL><LI><a href="#[63]">&gt;&gt;</a>&nbsp;&nbsp;&nbsp;SYSCFG_DL_GPIO_init
</UL>

<P><STRONG><a name="[72]"></a>DL_SYSCTL_setBORThreshold</STRONG> (Thumb, 20 bytes, Stack size 4 bytes, ti_msp_dl_config.o(.text.DL_SYSCTL_setBORThreshold))
<BR><BR>[Stack]<UL><LI>Max Depth = 4<LI>Call Chain = DL_SYSCTL_setBORThreshold
</UL>
<BR>[Called By]<UL><LI><a href="#[71]">&gt;&gt;</a>&nbsp;&nbsp;&nbsp;SYSCFG_DL_SYSCTL_init
</UL>

<P><STRONG><a name="[4d]"></a>DL_SYSCTL_setSYSOSCFreq</STRONG> (Thumb, 24 bytes, Stack size 16 bytes, ti_msp_dl_config.o(.text.DL_SYSCTL_setSYSOSCFreq))
<BR><BR>[Stack]<UL><LI>Max Depth = 32<LI>Call Chain = DL_SYSCTL_setSYSOSCFreq &rArr; DL_Common_updateReg
</UL>
<BR>[Calls]<UL><LI><a href="#[46]">&gt;&gt;</a>&nbsp;&nbsp;&nbsp;DL_Common_updateReg
</UL>
<BR>[Called By]<UL><LI><a href="#[71]">&gt;&gt;</a>&nbsp;&nbsp;&nbsp;SYSCFG_DL_SYSCTL_init
</UL>

<P><STRONG><a name="[73]"></a>DL_SYSCTL_disableHFXT</STRONG> (Thumb, 12 bytes, Stack size 0 bytes, ti_msp_dl_config.o(.text.DL_SYSCTL_disableHFXT))
<BR><BR>[Called By]<UL><LI><a href="#[71]">&gt;&gt;</a>&nbsp;&nbsp;&nbsp;SYSCFG_DL_SYSCTL_init
</UL>

<P><STRONG><a name="[74]"></a>DL_SYSCTL_disableSYSPLL</STRONG> (Thumb, 16 bytes, Stack size 0 bytes, ti_msp_dl_config.o(.text.DL_SYSCTL_disableSYSPLL))
<BR><BR>[Called By]<UL><LI><a href="#[71]">&gt;&gt;</a>&nbsp;&nbsp;&nbsp;SYSCFG_DL_SYSCTL_init
</UL>

<P><STRONG><a name="[75]"></a>DL_SYSCTL_enableMFCLK</STRONG> (Thumb, 16 bytes, Stack size 0 bytes, ti_msp_dl_config.o(.text.DL_SYSCTL_enableMFCLK))
<BR><BR>[Called By]<UL><LI><a href="#[71]">&gt;&gt;</a>&nbsp;&nbsp;&nbsp;SYSCFG_DL_SYSCTL_init
</UL>

<P><STRONG><a name="[45]"></a>DL_I2C_setAnalogGlitchFilterPulseWidth</STRONG> (Thumb, 38 bytes, Stack size 24 bytes, ti_msp_dl_config.o(.text.DL_I2C_setAnalogGlitchFilterPulseWidth))
<BR><BR>[Stack]<UL><LI>Max Depth = 40<LI>Call Chain = DL_I2C_setAnalogGlitchFilterPulseWidth &rArr; DL_Common_updateReg
</UL>
<BR>[Calls]<UL><LI><a href="#[46]">&gt;&gt;</a>&nbsp;&nbsp;&nbsp;DL_Common_updateReg
</UL>
<BR>[Called By]<UL><LI><a href="#[6b]">&gt;&gt;</a>&nbsp;&nbsp;&nbsp;SYSCFG_DL_I2C_1_init
</UL>

<P><STRONG><a name="[6c]"></a>DL_I2C_enableAnalogGlitchFilter</STRONG> (Thumb, 24 bytes, Stack size 4 bytes, ti_msp_dl_config.o(.text.DL_I2C_enableAnalogGlitchFilter))
<BR><BR>[Stack]<UL><LI>Max Depth = 4<LI>Call Chain = DL_I2C_enableAnalogGlitchFilter
</UL>
<BR>[Called By]<UL><LI><a href="#[6b]">&gt;&gt;</a>&nbsp;&nbsp;&nbsp;SYSCFG_DL_I2C_1_init
</UL>

<P><STRONG><a name="[6d]"></a>DL_I2C_resetControllerTransfer</STRONG> (Thumb, 16 bytes, Stack size 4 bytes, ti_msp_dl_config.o(.text.DL_I2C_resetControllerTransfer))
<BR><BR>[Stack]<UL><LI>Max Depth = 4<LI>Call Chain = DL_I2C_resetControllerTransfer
</UL>
<BR>[Called By]<UL><LI><a href="#[6b]">&gt;&gt;</a>&nbsp;&nbsp;&nbsp;SYSCFG_DL_I2C_1_init
</UL>

<P><STRONG><a name="[6e]"></a>DL_I2C_setTimerPeriod</STRONG> (Thumb, 20 bytes, Stack size 8 bytes, ti_msp_dl_config.o(.text.DL_I2C_setTimerPeriod))
<BR><BR>[Stack]<UL><LI>Max Depth = 8<LI>Call Chain = DL_I2C_setTimerPeriod
</UL>
<BR>[Called By]<UL><LI><a href="#[6b]">&gt;&gt;</a>&nbsp;&nbsp;&nbsp;SYSCFG_DL_I2C_1_init
</UL>

<P><STRONG><a name="[4a]"></a>DL_I2C_setControllerTXFIFOThreshold</STRONG> (Thumb, 36 bytes, Stack size 24 bytes, ti_msp_dl_config.o(.text.DL_I2C_setControllerTXFIFOThreshold))
<BR><BR>[Stack]<UL><LI>Max Depth = 40<LI>Call Chain = DL_I2C_setControllerTXFIFOThreshold &rArr; DL_Common_updateReg
</UL>
<BR>[Calls]<UL><LI><a href="#[46]">&gt;&gt;</a>&nbsp;&nbsp;&nbsp;DL_Common_updateReg
</UL>
<BR>[Called By]<UL><LI><a href="#[6b]">&gt;&gt;</a>&nbsp;&nbsp;&nbsp;SYSCFG_DL_I2C_1_init
</UL>

<P><STRONG><a name="[49]"></a>DL_I2C_setControllerRXFIFOThreshold</STRONG> (Thumb, 36 bytes, Stack size 24 bytes, ti_msp_dl_config.o(.text.DL_I2C_setControllerRXFIFOThreshold))
<BR><BR>[Stack]<UL><LI>Max Depth = 40<LI>Call Chain = DL_I2C_setControllerRXFIFOThreshold &rArr; DL_Common_updateReg
</UL>
<BR>[Calls]<UL><LI><a href="#[46]">&gt;&gt;</a>&nbsp;&nbsp;&nbsp;DL_Common_updateReg
</UL>
<BR>[Called By]<UL><LI><a href="#[6b]">&gt;&gt;</a>&nbsp;&nbsp;&nbsp;SYSCFG_DL_I2C_1_init
</UL>

<P><STRONG><a name="[6f]"></a>DL_I2C_enableControllerClockStretching</STRONG> (Thumb, 20 bytes, Stack size 4 bytes, ti_msp_dl_config.o(.text.DL_I2C_enableControllerClockStretching))
<BR><BR>[Stack]<UL><LI>Max Depth = 4<LI>Call Chain = DL_I2C_enableControllerClockStretching
</UL>
<BR>[Called By]<UL><LI><a href="#[6b]">&gt;&gt;</a>&nbsp;&nbsp;&nbsp;SYSCFG_DL_I2C_1_init
</UL>

<P><STRONG><a name="[70]"></a>DL_I2C_enableController</STRONG> (Thumb, 20 bytes, Stack size 4 bytes, ti_msp_dl_config.o(.text.DL_I2C_enableController))
<BR><BR>[Stack]<UL><LI>Max Depth = 4<LI>Call Chain = DL_I2C_enableController
</UL>
<BR>[Called By]<UL><LI><a href="#[6b]">&gt;&gt;</a>&nbsp;&nbsp;&nbsp;SYSCFG_DL_I2C_1_init
</UL>

<P><STRONG><a name="[52]"></a>DL_UART_setOversampling</STRONG> (Thumb, 30 bytes, Stack size 16 bytes, ti_msp_dl_config.o(.text.DL_UART_setOversampling))
<BR><BR>[Stack]<UL><LI>Max Depth = 32<LI>Call Chain = DL_UART_setOversampling &rArr; DL_Common_updateReg
</UL>
<BR>[Calls]<UL><LI><a href="#[46]">&gt;&gt;</a>&nbsp;&nbsp;&nbsp;DL_Common_updateReg
</UL>
<BR>[Called By]<UL><LI><a href="#[7d]">&gt;&gt;</a>&nbsp;&nbsp;&nbsp;SYSCFG_DL_UART_1_init
<LI><a href="#[79]">&gt;&gt;</a>&nbsp;&nbsp;&nbsp;SYSCFG_DL_UART_0_init
</UL>

<P><STRONG><a name="[51]"></a>DL_UART_setBaudRateDivisor</STRONG> (Thumb, 60 bytes, Stack size 24 bytes, ti_msp_dl_config.o(.text.DL_UART_setBaudRateDivisor))
<BR><BR>[Stack]<UL><LI>Max Depth = 40<LI>Call Chain = DL_UART_setBaudRateDivisor &rArr; DL_Common_updateReg
</UL>
<BR>[Calls]<UL><LI><a href="#[46]">&gt;&gt;</a>&nbsp;&nbsp;&nbsp;DL_Common_updateReg
</UL>
<BR>[Called By]<UL><LI><a href="#[7d]">&gt;&gt;</a>&nbsp;&nbsp;&nbsp;SYSCFG_DL_UART_1_init
<LI><a href="#[79]">&gt;&gt;</a>&nbsp;&nbsp;&nbsp;SYSCFG_DL_UART_0_init
</UL>

<P><STRONG><a name="[7b]"></a>DL_UART_enableInterrupt</STRONG> (Thumb, 24 bytes, Stack size 8 bytes, ti_msp_dl_config.o(.text.DL_UART_enableInterrupt))
<BR><BR>[Stack]<UL><LI>Max Depth = 8<LI>Call Chain = DL_UART_enableInterrupt
</UL>
<BR>[Called By]<UL><LI><a href="#[7d]">&gt;&gt;</a>&nbsp;&nbsp;&nbsp;SYSCFG_DL_UART_1_init
<LI><a href="#[79]">&gt;&gt;</a>&nbsp;&nbsp;&nbsp;SYSCFG_DL_UART_0_init
</UL>

<P><STRONG><a name="[7c]"></a>DL_UART_enable</STRONG> (Thumb, 22 bytes, Stack size 4 bytes, ti_msp_dl_config.o(.text.DL_UART_enable))
<BR><BR>[Stack]<UL><LI>Max Depth = 4<LI>Call Chain = DL_UART_enable
</UL>
<BR>[Called By]<UL><LI><a href="#[7d]">&gt;&gt;</a>&nbsp;&nbsp;&nbsp;SYSCFG_DL_UART_1_init
<LI><a href="#[79]">&gt;&gt;</a>&nbsp;&nbsp;&nbsp;SYSCFG_DL_UART_0_init
</UL>

<P><STRONG><a name="[7e]"></a>DL_UART_enableDMATransmitEvent</STRONG> (Thumb, 20 bytes, Stack size 4 bytes, ti_msp_dl_config.o(.text.DL_UART_enableDMATransmitEvent))
<BR><BR>[Stack]<UL><LI>Max Depth = 4<LI>Call Chain = DL_UART_enableDMATransmitEvent
</UL>
<BR>[Called By]<UL><LI><a href="#[7d]">&gt;&gt;</a>&nbsp;&nbsp;&nbsp;SYSCFG_DL_UART_1_init
</UL>

<P><STRONG><a name="[7f]"></a>DL_UART_enableFIFOs</STRONG> (Thumb, 24 bytes, Stack size 4 bytes, ti_msp_dl_config.o(.text.DL_UART_enableFIFOs))
<BR><BR>[Stack]<UL><LI>Max Depth = 4<LI>Call Chain = DL_UART_enableFIFOs
</UL>
<BR>[Called By]<UL><LI><a href="#[7d]">&gt;&gt;</a>&nbsp;&nbsp;&nbsp;SYSCFG_DL_UART_1_init
</UL>

<P><STRONG><a name="[53]"></a>DL_UART_setRXFIFOThreshold</STRONG> (Thumb, 36 bytes, Stack size 24 bytes, ti_msp_dl_config.o(.text.DL_UART_setRXFIFOThreshold))
<BR><BR>[Stack]<UL><LI>Max Depth = 40<LI>Call Chain = DL_UART_setRXFIFOThreshold &rArr; DL_Common_updateReg
</UL>
<BR>[Calls]<UL><LI><a href="#[46]">&gt;&gt;</a>&nbsp;&nbsp;&nbsp;DL_Common_updateReg
</UL>
<BR>[Called By]<UL><LI><a href="#[7d]">&gt;&gt;</a>&nbsp;&nbsp;&nbsp;SYSCFG_DL_UART_1_init
</UL>

<P><STRONG><a name="[54]"></a>DL_UART_setTXFIFOThreshold</STRONG> (Thumb, 36 bytes, Stack size 24 bytes, ti_msp_dl_config.o(.text.DL_UART_setTXFIFOThreshold))
<BR><BR>[Stack]<UL><LI>Max Depth = 40<LI>Call Chain = DL_UART_setTXFIFOThreshold &rArr; DL_Common_updateReg
</UL>
<BR>[Calls]<UL><LI><a href="#[46]">&gt;&gt;</a>&nbsp;&nbsp;&nbsp;DL_Common_updateReg
</UL>
<BR>[Called By]<UL><LI><a href="#[7d]">&gt;&gt;</a>&nbsp;&nbsp;&nbsp;SYSCFG_DL_UART_1_init
</UL>

<P><STRONG><a name="[77]"></a>DL_SYSTICK_init</STRONG> (Thumb, 28 bytes, Stack size 4 bytes, ti_msp_dl_config.o(.text.DL_SYSTICK_init))
<BR><BR>[Stack]<UL><LI>Max Depth = 4<LI>Call Chain = DL_SYSTICK_init
</UL>
<BR>[Called By]<UL><LI><a href="#[76]">&gt;&gt;</a>&nbsp;&nbsp;&nbsp;SYSCFG_DL_SYSTICK_init
</UL>

<P><STRONG><a name="[78]"></a>DL_SYSTICK_enable</STRONG> (Thumb, 12 bytes, Stack size 0 bytes, ti_msp_dl_config.o(.text.DL_SYSTICK_enable))
<BR><BR>[Called By]<UL><LI><a href="#[76]">&gt;&gt;</a>&nbsp;&nbsp;&nbsp;SYSCFG_DL_SYSTICK_init
</UL>

<P><STRONG><a name="[46]"></a>DL_Common_updateReg</STRONG> (Thumb, 40 bytes, Stack size 16 bytes, ti_msp_dl_config.o(.text.DL_Common_updateReg))
<BR><BR>[Stack]<UL><LI>Max Depth = 16<LI>Call Chain = DL_Common_updateReg
</UL>
<BR>[Called By]<UL><LI><a href="#[54]">&gt;&gt;</a>&nbsp;&nbsp;&nbsp;DL_UART_setTXFIFOThreshold
<LI><a href="#[53]">&gt;&gt;</a>&nbsp;&nbsp;&nbsp;DL_UART_setRXFIFOThreshold
<LI><a href="#[51]">&gt;&gt;</a>&nbsp;&nbsp;&nbsp;DL_UART_setBaudRateDivisor
<LI><a href="#[52]">&gt;&gt;</a>&nbsp;&nbsp;&nbsp;DL_UART_setOversampling
<LI><a href="#[49]">&gt;&gt;</a>&nbsp;&nbsp;&nbsp;DL_I2C_setControllerRXFIFOThreshold
<LI><a href="#[4a]">&gt;&gt;</a>&nbsp;&nbsp;&nbsp;DL_I2C_setControllerTXFIFOThreshold
<LI><a href="#[45]">&gt;&gt;</a>&nbsp;&nbsp;&nbsp;DL_I2C_setAnalogGlitchFilterPulseWidth
<LI><a href="#[4d]">&gt;&gt;</a>&nbsp;&nbsp;&nbsp;DL_SYSCTL_setSYSOSCFreq
</UL>

<P><STRONG><a name="[3f]"></a>DL_DMA_configTransfer</STRONG> (Thumb, 84 bytes, Stack size 44 bytes, dl_dma.o(.text.DL_DMA_configTransfer))
<BR><BR>[Stack]<UL><LI>Max Depth = 44<LI>Call Chain = DL_DMA_configTransfer
</UL>
<BR>[Called By]<UL><LI><a href="#[3e]">&gt;&gt;</a>&nbsp;&nbsp;&nbsp;DL_DMA_initChannel
</UL>

<P><STRONG><a name="[40]"></a>DL_DMA_setTrigger</STRONG> (Thumb, 52 bytes, Stack size 32 bytes, dl_dma.o(.text.DL_DMA_setTrigger))
<BR><BR>[Stack]<UL><LI>Max Depth = 48<LI>Call Chain = DL_DMA_setTrigger &rArr; DL_Common_updateReg
</UL>
<BR>[Calls]<UL><LI><a href="#[41]">&gt;&gt;</a>&nbsp;&nbsp;&nbsp;DL_Common_updateReg
</UL>
<BR>[Called By]<UL><LI><a href="#[3e]">&gt;&gt;</a>&nbsp;&nbsp;&nbsp;DL_DMA_initChannel
</UL>

<P><STRONG><a name="[41]"></a>DL_Common_updateReg</STRONG> (Thumb, 40 bytes, Stack size 16 bytes, dl_dma.o(.text.DL_Common_updateReg))
<BR><BR>[Stack]<UL><LI>Max Depth = 16<LI>Call Chain = DL_Common_updateReg
</UL>
<BR>[Called By]<UL><LI><a href="#[40]">&gt;&gt;</a>&nbsp;&nbsp;&nbsp;DL_DMA_setTrigger
</UL>

<P><STRONG><a name="[48]"></a>DL_Common_updateReg</STRONG> (Thumb, 40 bytes, Stack size 16 bytes, dl_i2c.o(.text.DL_Common_updateReg))
<BR><BR>[Stack]<UL><LI>Max Depth = 16<LI>Call Chain = DL_Common_updateReg
</UL>
<BR>[Called By]<UL><LI><a href="#[47]">&gt;&gt;</a>&nbsp;&nbsp;&nbsp;DL_I2C_setClockConfig
</UL>

<P><STRONG><a name="[43]"></a>DL_I2C_isControllerTXFIFOFull</STRONG> (Thumb, 24 bytes, Stack size 4 bytes, dl_i2c.o(.text.DL_I2C_isControllerTXFIFOFull))
<BR><BR>[Stack]<UL><LI>Max Depth = 4<LI>Call Chain = DL_I2C_isControllerTXFIFOFull
</UL>
<BR>[Called By]<UL><LI><a href="#[42]">&gt;&gt;</a>&nbsp;&nbsp;&nbsp;DL_I2C_fillControllerTXFIFO
</UL>

<P><STRONG><a name="[44]"></a>DL_I2C_transmitControllerData</STRONG> (Thumb, 22 bytes, Stack size 8 bytes, dl_i2c.o(.text.DL_I2C_transmitControllerData))
<BR><BR>[Stack]<UL><LI>Max Depth = 8<LI>Call Chain = DL_I2C_transmitControllerData
</UL>
<BR>[Called By]<UL><LI><a href="#[42]">&gt;&gt;</a>&nbsp;&nbsp;&nbsp;DL_I2C_fillControllerTXFIFO
</UL>

<P><STRONG><a name="[4f]"></a>DL_UART_disable</STRONG> (Thumb, 22 bytes, Stack size 4 bytes, dl_uart.o(.text.DL_UART_disable))
<BR><BR>[Stack]<UL><LI>Max Depth = 4<LI>Call Chain = DL_UART_disable
</UL>
<BR>[Called By]<UL><LI><a href="#[4e]">&gt;&gt;</a>&nbsp;&nbsp;&nbsp;DL_UART_init
</UL>

<P><STRONG><a name="[50]"></a>DL_Common_updateReg</STRONG> (Thumb, 40 bytes, Stack size 16 bytes, dl_uart.o(.text.DL_Common_updateReg))
<BR><BR>[Stack]<UL><LI>Max Depth = 16<LI>Call Chain = DL_Common_updateReg
</UL>
<BR>[Called By]<UL><LI><a href="#[4e]">&gt;&gt;</a>&nbsp;&nbsp;&nbsp;DL_UART_init
</UL>

<P><STRONG><a name="[9b]"></a>__NVIC_ClearPendingIRQ</STRONG> (Thumb, 40 bytes, Stack size 4 bytes, usart.o(.text.__NVIC_ClearPendingIRQ))
<BR><BR>[Stack]<UL><LI>Max Depth = 4<LI>Call Chain = __NVIC_ClearPendingIRQ
</UL>
<BR>[Called By]<UL><LI><a href="#[9a]">&gt;&gt;</a>&nbsp;&nbsp;&nbsp;USART_Init
</UL>

<P><STRONG><a name="[9c]"></a>__NVIC_EnableIRQ</STRONG> (Thumb, 40 bytes, Stack size 4 bytes, usart.o(.text.__NVIC_EnableIRQ))
<BR><BR>[Stack]<UL><LI>Max Depth = 4<LI>Call Chain = __NVIC_EnableIRQ
</UL>
<BR>[Called By]<UL><LI><a href="#[9a]">&gt;&gt;</a>&nbsp;&nbsp;&nbsp;USART_Init
</UL>

<P><STRONG><a name="[9e]"></a>DL_UART_isBusy</STRONG> (Thumb, 20 bytes, Stack size 4 bytes, usart.o(.text.DL_UART_isBusy))
<BR><BR>[Stack]<UL><LI>Max Depth = 4<LI>Call Chain = DL_UART_isBusy
</UL>
<BR>[Called By]<UL><LI><a href="#[20]">&gt;&gt;</a>&nbsp;&nbsp;&nbsp;fputc
</UL>

<P><STRONG><a name="[9f]"></a>DL_UART_transmitData</STRONG> (Thumb, 22 bytes, Stack size 8 bytes, usart.o(.text.DL_UART_transmitData))
<BR><BR>[Stack]<UL><LI>Max Depth = 8<LI>Call Chain = DL_UART_transmitData
</UL>
<BR>[Called By]<UL><LI><a href="#[20]">&gt;&gt;</a>&nbsp;&nbsp;&nbsp;fputc
</UL>

<P><STRONG><a name="[93]"></a>DL_UART_getPendingInterrupt</STRONG> (Thumb, 18 bytes, Stack size 4 bytes, usart.o(.text.DL_UART_getPendingInterrupt))
<BR><BR>[Stack]<UL><LI>Max Depth = 4<LI>Call Chain = DL_UART_getPendingInterrupt
</UL>
<BR>[Called By]<UL><LI><a href="#[12]">&gt;&gt;</a>&nbsp;&nbsp;&nbsp;UART0_IRQHandler
</UL>

<P><STRONG><a name="[94]"></a>DL_UART_receiveData</STRONG> (Thumb, 16 bytes, Stack size 4 bytes, usart.o(.text.DL_UART_receiveData))
<BR><BR>[Stack]<UL><LI>Max Depth = 4<LI>Call Chain = DL_UART_receiveData
</UL>
<BR>[Called By]<UL><LI><a href="#[12]">&gt;&gt;</a>&nbsp;&nbsp;&nbsp;UART0_IRQHandler
</UL>

<P><STRONG><a name="[57]"></a>DL_I2C_getControllerStatus</STRONG> (Thumb, 16 bytes, Stack size 4 bytes, app_irtracking.o(.text.DL_I2C_getControllerStatus))
<BR><BR>[Stack]<UL><LI>Max Depth = 4<LI>Call Chain = DL_I2C_getControllerStatus
</UL>
<BR>[Called By]<UL><LI><a href="#[55]">&gt;&gt;</a>&nbsp;&nbsp;&nbsp;IRI2C_ReadByte
</UL>

<P><STRONG><a name="[4b]"></a>DL_I2C_startControllerTransfer</STRONG> (Thumb, 64 bytes, Stack size 32 bytes, app_irtracking.o(.text.DL_I2C_startControllerTransfer))
<BR><BR>[Stack]<UL><LI>Max Depth = 48<LI>Call Chain = DL_I2C_startControllerTransfer &rArr; DL_Common_updateReg
</UL>
<BR>[Calls]<UL><LI><a href="#[4c]">&gt;&gt;</a>&nbsp;&nbsp;&nbsp;DL_Common_updateReg
</UL>
<BR>[Called By]<UL><LI><a href="#[55]">&gt;&gt;</a>&nbsp;&nbsp;&nbsp;IRI2C_ReadByte
</UL>

<P><STRONG><a name="[4c]"></a>DL_Common_updateReg</STRONG> (Thumb, 40 bytes, Stack size 16 bytes, app_irtracking.o(.text.DL_Common_updateReg))
<BR><BR>[Stack]<UL><LI>Max Depth = 16<LI>Call Chain = DL_Common_updateReg
</UL>
<BR>[Called By]<UL><LI><a href="#[4b]">&gt;&gt;</a>&nbsp;&nbsp;&nbsp;DL_I2C_startControllerTransfer
</UL>

<P><STRONG><a name="[56]"></a>DL_I2C_disableInterrupt</STRONG> (Thumb, 24 bytes, Stack size 8 bytes, app_irtracking.o(.text.DL_I2C_disableInterrupt))
<BR><BR>[Stack]<UL><LI>Max Depth = 8<LI>Call Chain = DL_I2C_disableInterrupt
</UL>
<BR>[Called By]<UL><LI><a href="#[55]">&gt;&gt;</a>&nbsp;&nbsp;&nbsp;IRI2C_ReadByte
</UL>

<P><STRONG><a name="[58]"></a>DL_I2C_receiveControllerData</STRONG> (Thumb, 16 bytes, Stack size 4 bytes, app_irtracking.o(.text.DL_I2C_receiveControllerData))
<BR><BR>[Stack]<UL><LI>Max Depth = 4<LI>Call Chain = DL_I2C_receiveControllerData
</UL>
<BR>[Called By]<UL><LI><a href="#[55]">&gt;&gt;</a>&nbsp;&nbsp;&nbsp;IRI2C_ReadByte
</UL>

<P><STRONG><a name="[8b]"></a>DL_UART_isBusy</STRONG> (Thumb, 20 bytes, Stack size 4 bytes, bsp_motor_usart.o(.text.DL_UART_isBusy))
<BR><BR>[Stack]<UL><LI>Max Depth = 4<LI>Call Chain = DL_UART_isBusy
</UL>
<BR>[Called By]<UL><LI><a href="#[8a]">&gt;&gt;</a>&nbsp;&nbsp;&nbsp;Send_Motor_U8
</UL>

<P><STRONG><a name="[8c]"></a>DL_UART_transmitData</STRONG> (Thumb, 22 bytes, Stack size 8 bytes, bsp_motor_usart.o(.text.DL_UART_transmitData))
<BR><BR>[Stack]<UL><LI>Max Depth = 8<LI>Call Chain = DL_UART_transmitData
</UL>
<BR>[Called By]<UL><LI><a href="#[8a]">&gt;&gt;</a>&nbsp;&nbsp;&nbsp;Send_Motor_U8
</UL>

<P><STRONG><a name="[96]"></a>DL_DMA_setSrcAddr</STRONG> (Thumb, 36 bytes, Stack size 16 bytes, bsp_motor_usart.o(.text.DL_DMA_setSrcAddr))
<BR><BR>[Stack]<UL><LI>Max Depth = 16<LI>Call Chain = DL_DMA_setSrcAddr
</UL>
<BR>[Called By]<UL><LI><a href="#[3d]">&gt;&gt;</a>&nbsp;&nbsp;&nbsp;UART_Console_write
</UL>

<P><STRONG><a name="[97]"></a>DL_DMA_setDestAddr</STRONG> (Thumb, 36 bytes, Stack size 16 bytes, bsp_motor_usart.o(.text.DL_DMA_setDestAddr))
<BR><BR>[Stack]<UL><LI>Max Depth = 16<LI>Call Chain = DL_DMA_setDestAddr
</UL>
<BR>[Called By]<UL><LI><a href="#[3d]">&gt;&gt;</a>&nbsp;&nbsp;&nbsp;UART_Console_write
</UL>

<P><STRONG><a name="[98]"></a>DL_DMA_setTransferSize</STRONG> (Thumb, 44 bytes, Stack size 20 bytes, bsp_motor_usart.o(.text.DL_DMA_setTransferSize))
<BR><BR>[Stack]<UL><LI>Max Depth = 20<LI>Call Chain = DL_DMA_setTransferSize
</UL>
<BR>[Called By]<UL><LI><a href="#[3d]">&gt;&gt;</a>&nbsp;&nbsp;&nbsp;UART_Console_write
</UL>

<P><STRONG><a name="[99]"></a>DL_DMA_enableChannel</STRONG> (Thumb, 38 bytes, Stack size 12 bytes, bsp_motor_usart.o(.text.DL_DMA_enableChannel))
<BR><BR>[Stack]<UL><LI>Max Depth = 12<LI>Call Chain = DL_DMA_enableChannel
</UL>
<BR>[Called By]<UL><LI><a href="#[3d]">&gt;&gt;</a>&nbsp;&nbsp;&nbsp;UART_Console_write
</UL>

<P><STRONG><a name="[95]"></a>DL_UART_getPendingInterrupt</STRONG> (Thumb, 18 bytes, Stack size 4 bytes, bsp_motor_usart.o(.text.DL_UART_getPendingInterrupt))
<BR><BR>[Stack]<UL><LI>Max Depth = 4<LI>Call Chain = DL_UART_getPendingInterrupt
</UL>
<BR>[Called By]<UL><LI><a href="#[10]">&gt;&gt;</a>&nbsp;&nbsp;&nbsp;UART1_IRQHandler
</UL>

<P><STRONG><a name="[5f]"></a>Motion_Get_APB</STRONG> (Thumb, 4 bytes, Stack size 0 bytes, app_motor.o(.text.Motion_Get_APB))
<BR><BR>[Called By]<UL><LI><a href="#[5e]">&gt;&gt;</a>&nbsp;&nbsp;&nbsp;Motion_Car_Control
</UL>

<P><STRONG><a name="[a9]"></a>_fp_digits</STRONG> (Thumb, 344 bytes, Stack size 64 bytes, printfa.o(i._fp_digits), UNUSED)
<BR><BR>[Calls]<UL><LI><a href="#[2c]">&gt;&gt;</a>&nbsp;&nbsp;&nbsp;__aeabi_uldivmod
<LI><a href="#[35]">&gt;&gt;</a>&nbsp;&nbsp;&nbsp;__aeabi_dmul
<LI><a href="#[36]">&gt;&gt;</a>&nbsp;&nbsp;&nbsp;__aeabi_ddiv
<LI><a href="#[2f]">&gt;&gt;</a>&nbsp;&nbsp;&nbsp;__aeabi_dadd
<LI><a href="#[37]">&gt;&gt;</a>&nbsp;&nbsp;&nbsp;__aeabi_d2ulz
<LI><a href="#[aa]">&gt;&gt;</a>&nbsp;&nbsp;&nbsp;__aeabi_cdrcmple
</UL>
<BR>[Called By]<UL><LI><a href="#[a7]">&gt;&gt;</a>&nbsp;&nbsp;&nbsp;_printf_core
</UL>

<P><STRONG><a name="[a7]"></a>_printf_core</STRONG> (Thumb, 1754 bytes, Stack size 128 bytes, printfa.o(i._printf_core), UNUSED)
<BR><BR>[Calls]<UL><LI><a href="#[2c]">&gt;&gt;</a>&nbsp;&nbsp;&nbsp;__aeabi_uldivmod
<LI><a href="#[ad]">&gt;&gt;</a>&nbsp;&nbsp;&nbsp;__aeabi_uidivmod
<LI><a href="#[ab]">&gt;&gt;</a>&nbsp;&nbsp;&nbsp;_printf_pre_padding
<LI><a href="#[ac]">&gt;&gt;</a>&nbsp;&nbsp;&nbsp;_printf_post_padding
<LI><a href="#[a9]">&gt;&gt;</a>&nbsp;&nbsp;&nbsp;_fp_digits
</UL>
<BR>[Called By]<UL><LI><a href="#[a8]">&gt;&gt;</a>&nbsp;&nbsp;&nbsp;__0sprintf
<LI><a href="#[a6]">&gt;&gt;</a>&nbsp;&nbsp;&nbsp;__0printf
</UL>

<P><STRONG><a name="[ac]"></a>_printf_post_padding</STRONG> (Thumb, 32 bytes, Stack size 24 bytes, printfa.o(i._printf_post_padding), UNUSED)
<BR><BR>[Called By]<UL><LI><a href="#[a7]">&gt;&gt;</a>&nbsp;&nbsp;&nbsp;_printf_core
</UL>

<P><STRONG><a name="[ab]"></a>_printf_pre_padding</STRONG> (Thumb, 44 bytes, Stack size 40 bytes, printfa.o(i._printf_pre_padding), UNUSED)
<BR><BR>[Called By]<UL><LI><a href="#[a7]">&gt;&gt;</a>&nbsp;&nbsp;&nbsp;_printf_core
</UL>

<P><STRONG><a name="[21]"></a>_sputc</STRONG> (Thumb, 10 bytes, Stack size 0 bytes, printfa.o(i._sputc))
<BR><BR>[Called By]<UL><LI><a href="#[a8]">&gt;&gt;</a>&nbsp;&nbsp;&nbsp;__0sprintf
</UL>
<BR>[Address Reference Count : 1]<UL><LI> printfa.o(i.__0sprintf)
</UL><P>
<H3>
Undefined Global Symbols
</H3><HR></body></html>
