<html>
<body>
<pre>
<h1>礦ision Build Log</h1>
<h2>Tool Versions:</h2>
IDE-Version: μVision V5.27.0.0
Copyright (C) 2018 ARM Ltd and ARM Germany GmbH. All rights reserved.
License Information: Vincent Wang, HUST, LIC=GMZI6-D04NB-CX0U6-D0U2G-M73G1-EZRP8
 
Tool Versions:
Toolchain:       MDK-ARM Plus  Version: 5.27.0.0
Toolchain Path:  D:\Application\Keil5\ARM\ARMCC\Bin
C Compiler:      Armcc.exe V5.06 update 6 (build 750)
Assembler:       Armasm.exe V5.06 update 6 (build 750)
Linker/Locator:  ArmLink.exe V5.06 update 6 (build 750)
Library Manager: ArmAr.exe V5.06 update 6 (build 750)
Hex Converter:   FromElf.exe V5.06 update 6 (build 750)
CPU DLL:         SARMCM3.DLL V5.27.0.0
Dialog DLL:      DCM.DLL V1.17.2.0
Target DLL:      CMSIS_AGDI.dll V1.31.9.0
Dialog DLL:      TCM.DLL V1.36.1.0
 
<h2>Project:</h2>
C:\Users\14437\Desktop\2024H\陀螺仪 ATK-IMU601模块资料\ATK-IMU601模块资料（新资料）\2，程序源码\ATK-MS601M模块测试实验\阿波罗STM32H743开发板\阿波罗STM32H743开发板\Projects\MDK-ARM\atk_h743.uvprojx
Project File Date:  07/03/2025

<h2>Output:</h2>
*** Using Compiler 'V5.06 update 6 (build 750)', folder: 'D:\Application\Keil5\ARM\ARMCC\Bin'
Build target 'ATK-MS601M'
compiling sys.c...
compiling stm32h7xx_it.c...
compiling stm32h7xx_hal.c...
compiling usart.c...
compiling system_stm32h7xx.c...
compiling main.c...
compiling stm32h7xx_hal_cortex.c...
compiling stm32h7xx_hal_gpio.c...
compiling stm32h7xx_hal_pwr.c...
compiling stm32h7xx_hal_uart.c...
compiling delay.c...
compiling stm32h7xx_hal_dma_ex.c...
compiling stm32h7xx_hal_rcc_ex.c...
compiling stm32h7xx_hal_pwr_ex.c...
compiling stm32h7xx_hal_rcc.c...
compiling stm32h7xx_hal_dma.c...
compiling stm32h7xx_hal_uart_ex.c...
compiling stm32h7xx_hal_tim_ex.c...
compiling stm32h7xx_hal_sdram.c...
compiling led.c...
compiling stm32h7xx_ll_fmc.c...
compiling stm32h7xx_hal_mdma.c...
compiling stm32h7xx_hal_sram.c...
compiling stm32h7xx_hal_ltdc.c...
compiling stm32h7xx_hal_dma2d.c...
compiling stm32h7xx_hal_ltdc_ex.c...
compiling lcd.c...
compiling sdram.c...
compiling stm32h7xx_hal_tim.c...
compiling mpu.c...
compiling ltdc.c...
compiling atk_ms601m_uart.c...
compiling key.c...
compiling atk_ms601m.c...
linking...
Program Size: Code=47454 RO-data=13126 RW-data=52 ZI-data=2051220  
FromELF: creating hex file...
"..\..\Output\atk_h743.axf" - 0 Error(s), 0 Warning(s).

<h2>Software Packages used:</h2>

Package Vendor: Keil
                https://www.keil.com/pack/Keil.STM32H7xx_DFP.3.1.1.pack
                Keil.STM32H7xx_DFP.3.1.1
                STMicroelectronics STM32H7 Series Device Support and Examples

<h2>Collection of Component include folders:</h2>
  .\RTE\_ATK-MS601M
  D:\Application\Keil5\ARM\PACK\Keil\STM32H7xx_DFP\3.1.1\Drivers\CMSIS\Device\ST\STM32H7xx\Include

<h2>Collection of Component Files used:</h2>
Build Time Elapsed:  00:02:00
</pre>
</body>
</html>
