<?xml version="1.0" encoding="ISO-8859-1" ?>
<link_info>
   <banner>TI ARM Clang Linker PC v4.0.0.LTS</banner>
   <copyright>Copyright (c) 1996-2018 Texas Instruments Incorporated</copyright>
   <command_line>C:\ti\ccstheia151\ccs\tools\compiler\ti-cgt-armllvm_4.0.0.LTS\bin\tiarmlnk -IC:\ti\ccstheia151\ccs\tools\compiler\ti-cgt-armllvm_4.0.0.LTS\lib -o EightWayTrack.out -mEightWayTrack.map -iC:/ti/mspm0_sdk_2_02_00_05/source -iC:/ti/mspm0_sdk_2_02_00_05/EightWayTrack/Debug/syscfg -iC:/ti/ccstheia151/ccs/tools/compiler/ti-cgt-armllvm_4.0.0.LTS/lib --diag_wrap=off --display_error_number --warn_sections --xml_link_info=EightWayTrack_linkInfo.xml --rom_model ./empty.o ./syscfg/ti_msp_dl_config.o ./startup_mspm0g350x_ticlang.o ./BSP/Eight_Tracking/app_irtracking.o ./BSP/Motor/app_motor.o ./BSP/Motor/app_motor_usart.o ./BSP/Motor/bsp_motor_usart.o ./BSP/delay.o ./BSP/usart.o -lsyscfg/device_linker.cmd -ldevice.cmd.genlibs -llibc.a --start-group -llibc++.a -llibc++abi.a -llibc.a -llibsys.a -llibsysbm.a -llibclang_rt.builtins.a -llibclang_rt.profile.a --end-group --cg_opt_level=2</command_line>
   <link_time>0x6819dffa</link_time>
   <link_errors>0x0</link_errors>
   <output_file>C:\ti\mspm0_sdk_2_02_00_05\EightWayTrack\Debug\EightWayTrack.out</output_file>
   <entry_point>
      <name>_c_int00_noargs</name>
      <address>0x3a95</address>
   </entry_point>
   <input_file_list>
      <input_file id="fl-1">
         <path>C:\ti\mspm0_sdk_2_02_00_05\EightWayTrack\Debug\.\</path>
         <kind>object</kind>
         <file>empty.o</file>
         <name>empty.o</name>
      </input_file>
      <input_file id="fl-2">
         <path>C:\ti\mspm0_sdk_2_02_00_05\EightWayTrack\Debug\.\syscfg\</path>
         <kind>object</kind>
         <file>ti_msp_dl_config.o</file>
         <name>ti_msp_dl_config.o</name>
      </input_file>
      <input_file id="fl-3">
         <path>C:\ti\mspm0_sdk_2_02_00_05\EightWayTrack\Debug\.\</path>
         <kind>object</kind>
         <file>startup_mspm0g350x_ticlang.o</file>
         <name>startup_mspm0g350x_ticlang.o</name>
      </input_file>
      <input_file id="fl-4">
         <path>C:\ti\mspm0_sdk_2_02_00_05\EightWayTrack\Debug\.\BSP\Eight_Tracking\</path>
         <kind>object</kind>
         <file>app_irtracking.o</file>
         <name>app_irtracking.o</name>
      </input_file>
      <input_file id="fl-5">
         <path>C:\ti\mspm0_sdk_2_02_00_05\EightWayTrack\Debug\.\BSP\Motor\</path>
         <kind>object</kind>
         <file>app_motor.o</file>
         <name>app_motor.o</name>
      </input_file>
      <input_file id="fl-6">
         <path>C:\ti\mspm0_sdk_2_02_00_05\EightWayTrack\Debug\.\BSP\Motor\</path>
         <kind>object</kind>
         <file>app_motor_usart.o</file>
         <name>app_motor_usart.o</name>
      </input_file>
      <input_file id="fl-7">
         <path>C:\ti\mspm0_sdk_2_02_00_05\EightWayTrack\Debug\.\BSP\Motor\</path>
         <kind>object</kind>
         <file>bsp_motor_usart.o</file>
         <name>bsp_motor_usart.o</name>
      </input_file>
      <input_file id="fl-8">
         <path>C:\ti\mspm0_sdk_2_02_00_05\EightWayTrack\Debug\.\BSP\</path>
         <kind>object</kind>
         <file>delay.o</file>
         <name>delay.o</name>
      </input_file>
      <input_file id="fl-9">
         <path>C:\ti\mspm0_sdk_2_02_00_05\EightWayTrack\Debug\.\BSP\</path>
         <kind>object</kind>
         <file>usart.o</file>
         <name>usart.o</name>
      </input_file>
      <input_file id="fl-16">
         <path>C:\ti\mspm0_sdk_2_02_00_05\EightWayTrack\Debug\</path>
         <kind>object</kind>
         <file>&lt;internal&gt;</file>
         <name>&lt;internal&gt;</name>
      </input_file>
      <input_file id="fl-17">
         <path>C:\ti\mspm0_sdk_2_02_00_05\source\ti\driverlib\lib\ticlang\m0p\mspm0g1x0x_g3x0x\</path>
         <kind>archive</kind>
         <file>driverlib.a</file>
         <name>dl_common.o</name>
      </input_file>
      <input_file id="fl-18">
         <path>C:\ti\mspm0_sdk_2_02_00_05\source\ti\driverlib\lib\ticlang\m0p\mspm0g1x0x_g3x0x\</path>
         <kind>archive</kind>
         <file>driverlib.a</file>
         <name>dl_dma.o</name>
      </input_file>
      <input_file id="fl-19">
         <path>C:\ti\mspm0_sdk_2_02_00_05\source\ti\driverlib\lib\ticlang\m0p\mspm0g1x0x_g3x0x\</path>
         <kind>archive</kind>
         <file>driverlib.a</file>
         <name>dl_i2c.o</name>
      </input_file>
      <input_file id="fl-1a">
         <path>C:\ti\mspm0_sdk_2_02_00_05\source\ti\driverlib\lib\ticlang\m0p\mspm0g1x0x_g3x0x\</path>
         <kind>archive</kind>
         <file>driverlib.a</file>
         <name>dl_uart.o</name>
      </input_file>
      <input_file id="fl-2f">
         <path>C:\ti\ccstheia151\ccs\tools\compiler\ti-cgt-armllvm_4.0.0.LTS\lib\armv6m-ti-none-eabi\c\</path>
         <kind>archive</kind>
         <file>libc.a</file>
         <name>printf.c.obj</name>
      </input_file>
      <input_file id="fl-30">
         <path>C:\ti\ccstheia151\ccs\tools\compiler\ti-cgt-armllvm_4.0.0.LTS\lib\armv6m-ti-none-eabi\c\</path>
         <kind>archive</kind>
         <file>libc.a</file>
         <name>_printfi.c.obj</name>
      </input_file>
      <input_file id="fl-31">
         <path>C:\ti\ccstheia151\ccs\tools\compiler\ti-cgt-armllvm_4.0.0.LTS\lib\armv6m-ti-none-eabi\c\</path>
         <kind>archive</kind>
         <file>libc.a</file>
         <name>sprintf.c.obj</name>
      </input_file>
      <input_file id="fl-32">
         <path>C:\ti\ccstheia151\ccs\tools\compiler\ti-cgt-armllvm_4.0.0.LTS\lib\armv6m-ti-none-eabi\c\</path>
         <kind>archive</kind>
         <file>libc.a</file>
         <name>fputs.c.obj</name>
      </input_file>
      <input_file id="fl-33">
         <path>C:\ti\ccstheia151\ccs\tools\compiler\ti-cgt-armllvm_4.0.0.LTS\lib\armv6m-ti-none-eabi\c\</path>
         <kind>archive</kind>
         <file>libc.a</file>
         <name>_io_perm.c.obj</name>
      </input_file>
      <input_file id="fl-34">
         <path>C:\ti\ccstheia151\ccs\tools\compiler\ti-cgt-armllvm_4.0.0.LTS\lib\armv6m-ti-none-eabi\c\</path>
         <kind>archive</kind>
         <file>libc.a</file>
         <name>setvbuf.c.obj</name>
      </input_file>
      <input_file id="fl-35">
         <path>C:\ti\ccstheia151\ccs\tools\compiler\ti-cgt-armllvm_4.0.0.LTS\lib\armv6m-ti-none-eabi\c\</path>
         <kind>archive</kind>
         <file>libc.a</file>
         <name>wcslen.c.obj</name>
      </input_file>
      <input_file id="fl-36">
         <path>C:\ti\ccstheia151\ccs\tools\compiler\ti-cgt-armllvm_4.0.0.LTS\lib\armv6m-ti-none-eabi\c\</path>
         <kind>archive</kind>
         <file>libc.a</file>
         <name>s_frexp.c.obj</name>
      </input_file>
      <input_file id="fl-37">
         <path>C:\ti\ccstheia151\ccs\tools\compiler\ti-cgt-armllvm_4.0.0.LTS\lib\armv6m-ti-none-eabi\c\</path>
         <kind>archive</kind>
         <file>libc.a</file>
         <name>s_scalbn.c.obj</name>
      </input_file>
      <input_file id="fl-38">
         <path>C:\ti\ccstheia151\ccs\tools\compiler\ti-cgt-armllvm_4.0.0.LTS\lib\armv6m-ti-none-eabi\c\</path>
         <kind>archive</kind>
         <file>libc.a</file>
         <name>aeabi_portable.c.obj</name>
      </input_file>
      <input_file id="fl-39">
         <path>C:\ti\ccstheia151\ccs\tools\compiler\ti-cgt-armllvm_4.0.0.LTS\lib\armv6m-ti-none-eabi\c\</path>
         <kind>archive</kind>
         <file>libc.a</file>
         <name>exit.c.obj</name>
      </input_file>
      <input_file id="fl-3a">
         <path>C:\ti\ccstheia151\ccs\tools\compiler\ti-cgt-armllvm_4.0.0.LTS\lib\armv6m-ti-none-eabi\c\</path>
         <kind>archive</kind>
         <file>libc.a</file>
         <name>_lock.c.obj</name>
      </input_file>
      <input_file id="fl-3b">
         <path>C:\ti\ccstheia151\ccs\tools\compiler\ti-cgt-armllvm_4.0.0.LTS\lib\armv6m-ti-none-eabi\c\</path>
         <kind>archive</kind>
         <file>libc.a</file>
         <name>_ltoa.c.obj</name>
      </input_file>
      <input_file id="fl-3c">
         <path>C:\ti\ccstheia151\ccs\tools\compiler\ti-cgt-armllvm_4.0.0.LTS\lib\armv6m-ti-none-eabi\c\</path>
         <kind>archive</kind>
         <file>libc.a</file>
         <name>assert.c.obj</name>
      </input_file>
      <input_file id="fl-3d">
         <path>C:\ti\ccstheia151\ccs\tools\compiler\ti-cgt-armllvm_4.0.0.LTS\lib\armv6m-ti-none-eabi\c\</path>
         <kind>archive</kind>
         <file>libc.a</file>
         <name>atoi.c.obj</name>
      </input_file>
      <input_file id="fl-3e">
         <path>C:\ti\ccstheia151\ccs\tools\compiler\ti-cgt-armllvm_4.0.0.LTS\lib\armv6m-ti-none-eabi\c\</path>
         <kind>archive</kind>
         <file>libc.a</file>
         <name>defs.c.obj</name>
      </input_file>
      <input_file id="fl-3f">
         <path>C:\ti\ccstheia151\ccs\tools\compiler\ti-cgt-armllvm_4.0.0.LTS\lib\armv6m-ti-none-eabi\c\</path>
         <kind>archive</kind>
         <file>libc.a</file>
         <name>memccpy.c.obj</name>
      </input_file>
      <input_file id="fl-40">
         <path>C:\ti\ccstheia151\ccs\tools\compiler\ti-cgt-armllvm_4.0.0.LTS\lib\armv6m-ti-none-eabi\c\</path>
         <kind>archive</kind>
         <file>libc.a</file>
         <name>memory.c.obj</name>
      </input_file>
      <input_file id="fl-41">
         <path>C:\ti\ccstheia151\ccs\tools\compiler\ti-cgt-armllvm_4.0.0.LTS\lib\armv6m-ti-none-eabi\c\</path>
         <kind>archive</kind>
         <file>libc.a</file>
         <name>strtod.c.obj</name>
      </input_file>
      <input_file id="fl-42">
         <path>C:\ti\ccstheia151\ccs\tools\compiler\ti-cgt-armllvm_4.0.0.LTS\lib\armv6m-ti-none-eabi\c\</path>
         <kind>archive</kind>
         <file>libc.a</file>
         <name>strtok.c.obj</name>
      </input_file>
      <input_file id="fl-43">
         <path>C:\ti\ccstheia151\ccs\tools\compiler\ti-cgt-armllvm_4.0.0.LTS\lib\armv6m-ti-none-eabi\c\</path>
         <kind>archive</kind>
         <file>libc.a</file>
         <name>boot_cortex_m.c.obj</name>
      </input_file>
      <input_file id="fl-44">
         <path>C:\ti\ccstheia151\ccs\tools\compiler\ti-cgt-armllvm_4.0.0.LTS\lib\armv6m-ti-none-eabi\c\</path>
         <kind>archive</kind>
         <file>libc.a</file>
         <name>mathacl_init.c.obj</name>
      </input_file>
      <input_file id="fl-45">
         <path>C:\ti\ccstheia151\ccs\tools\compiler\ti-cgt-armllvm_4.0.0.LTS\lib\armv6m-ti-none-eabi\c\</path>
         <kind>archive</kind>
         <file>libc.a</file>
         <name>autoinit.c.obj</name>
      </input_file>
      <input_file id="fl-46">
         <path>C:\ti\ccstheia151\ccs\tools\compiler\ti-cgt-armllvm_4.0.0.LTS\lib\armv6m-ti-none-eabi\c\</path>
         <kind>archive</kind>
         <file>libc.a</file>
         <name>pre_init.c.obj</name>
      </input_file>
      <input_file id="fl-47">
         <path>C:\ti\ccstheia151\ccs\tools\compiler\ti-cgt-armllvm_4.0.0.LTS\lib\armv6m-ti-none-eabi\c\</path>
         <kind>archive</kind>
         <file>libc.a</file>
         <name>cpy_tbl.c.obj</name>
      </input_file>
      <input_file id="fl-48">
         <path>C:\ti\ccstheia151\ccs\tools\compiler\ti-cgt-armllvm_4.0.0.LTS\lib\armv6m-ti-none-eabi\c\</path>
         <kind>archive</kind>
         <file>libc.a</file>
         <name>copy_zero_init.c.obj</name>
      </input_file>
      <input_file id="fl-49">
         <path>C:\ti\ccstheia151\ccs\tools\compiler\ti-cgt-armllvm_4.0.0.LTS\lib\armv6m-ti-none-eabi\c\</path>
         <kind>archive</kind>
         <file>libc.a</file>
         <name>copy_decompress_none.c.obj</name>
      </input_file>
      <input_file id="fl-4a">
         <path>C:\ti\ccstheia151\ccs\tools\compiler\ti-cgt-armllvm_4.0.0.LTS\lib\armv6m-ti-none-eabi\c\</path>
         <kind>archive</kind>
         <file>libc.a</file>
         <name>copy_decompress_lzss.c.obj</name>
      </input_file>
      <input_file id="fl-4b">
         <path>C:\ti\ccstheia151\ccs\tools\compiler\ti-cgt-armllvm_4.0.0.LTS\lib\armv6m-ti-none-eabi\c\</path>
         <kind>archive</kind>
         <file>libc.a</file>
         <name>fflush.c.obj</name>
      </input_file>
      <input_file id="fl-4c">
         <path>C:\ti\ccstheia151\ccs\tools\compiler\ti-cgt-armllvm_4.0.0.LTS\lib\armv6m-ti-none-eabi\c\</path>
         <kind>archive</kind>
         <file>libc.a</file>
         <name>fopen.c.obj</name>
      </input_file>
      <input_file id="fl-4d">
         <path>C:\ti\ccstheia151\ccs\tools\compiler\ti-cgt-armllvm_4.0.0.LTS\lib\armv6m-ti-none-eabi\c\</path>
         <kind>archive</kind>
         <file>libc.a</file>
         <name>fseek.c.obj</name>
      </input_file>
      <input_file id="fl-4e">
         <path>C:\ti\ccstheia151\ccs\tools\compiler\ti-cgt-armllvm_4.0.0.LTS\lib\armv6m-ti-none-eabi\c\</path>
         <kind>archive</kind>
         <file>libc.a</file>
         <name>aeabi_ctype.S.obj</name>
      </input_file>
      <input_file id="fl-4f">
         <path>C:\ti\ccstheia151\ccs\tools\compiler\ti-cgt-armllvm_4.0.0.LTS\lib\armv6m-ti-none-eabi\c\</path>
         <kind>archive</kind>
         <file>libc.a</file>
         <name>args_main.c.obj</name>
      </input_file>
      <input_file id="fl-50">
         <path>C:\ti\ccstheia151\ccs\tools\compiler\ti-cgt-armllvm_4.0.0.LTS\lib\armv6m-ti-none-eabi\c\</path>
         <kind>archive</kind>
         <file>libc.a</file>
         <name>strcspn.c.obj</name>
      </input_file>
      <input_file id="fl-51">
         <path>C:\ti\ccstheia151\ccs\tools\compiler\ti-cgt-armllvm_4.0.0.LTS\lib\armv6m-ti-none-eabi\c\</path>
         <kind>archive</kind>
         <file>libc.a</file>
         <name>strspn.c.obj</name>
      </input_file>
      <input_file id="fl-52">
         <path>C:\ti\ccstheia151\ccs\tools\compiler\ti-cgt-armllvm_4.0.0.LTS\lib\armv6m-ti-none-eabi\c\</path>
         <kind>archive</kind>
         <file>libc.a</file>
         <name>fclose.c.obj</name>
      </input_file>
      <input_file id="fl-e8">
         <path>C:\ti\ccstheia151\ccs\tools\compiler\ti-cgt-armllvm_4.0.0.LTS\lib\armv6m-ti-none-eabi\c\</path>
         <kind>archive</kind>
         <file>libsysbm.a</file>
         <name>write.c.obj</name>
      </input_file>
      <input_file id="fl-e9">
         <path>C:\ti\ccstheia151\ccs\tools\compiler\ti-cgt-armllvm_4.0.0.LTS\lib\armv6m-ti-none-eabi\c\</path>
         <kind>archive</kind>
         <file>libsysbm.a</file>
         <name>host_device.c.obj</name>
      </input_file>
      <input_file id="fl-ea">
         <path>C:\ti\ccstheia151\ccs\tools\compiler\ti-cgt-armllvm_4.0.0.LTS\lib\armv6m-ti-none-eabi\c\</path>
         <kind>archive</kind>
         <file>libsysbm.a</file>
         <name>remove.c.obj</name>
      </input_file>
      <input_file id="fl-eb">
         <path>C:\ti\ccstheia151\ccs\tools\compiler\ti-cgt-armllvm_4.0.0.LTS\lib\armv6m-ti-none-eabi\c\</path>
         <kind>archive</kind>
         <file>libsysbm.a</file>
         <name>open.c.obj</name>
      </input_file>
      <input_file id="fl-ec">
         <path>C:\ti\ccstheia151\ccs\tools\compiler\ti-cgt-armllvm_4.0.0.LTS\lib\armv6m-ti-none-eabi\c\</path>
         <kind>archive</kind>
         <file>libsysbm.a</file>
         <name>lseek.c.obj</name>
      </input_file>
      <input_file id="fl-ed">
         <path>C:\ti\ccstheia151\ccs\tools\compiler\ti-cgt-armllvm_4.0.0.LTS\lib\armv6m-ti-none-eabi\c\</path>
         <kind>archive</kind>
         <file>libsysbm.a</file>
         <name>close.c.obj</name>
      </input_file>
      <input_file id="fl-ee">
         <path>C:\ti\ccstheia151\ccs\tools\compiler\ti-cgt-armllvm_4.0.0.LTS\lib\armv6m-ti-none-eabi\c\</path>
         <kind>archive</kind>
         <file>libsysbm.a</file>
         <name>unlink.c.obj</name>
      </input_file>
      <input_file id="fl-ef">
         <path>C:\ti\ccstheia151\ccs\tools\compiler\ti-cgt-armllvm_4.0.0.LTS\lib\armv6m-ti-none-eabi\c\</path>
         <kind>archive</kind>
         <file>libsysbm.a</file>
         <name>hostclose.c.obj</name>
      </input_file>
      <input_file id="fl-f0">
         <path>C:\ti\ccstheia151\ccs\tools\compiler\ti-cgt-armllvm_4.0.0.LTS\lib\armv6m-ti-none-eabi\c\</path>
         <kind>archive</kind>
         <file>libsysbm.a</file>
         <name>hostlseek.c.obj</name>
      </input_file>
      <input_file id="fl-f1">
         <path>C:\ti\ccstheia151\ccs\tools\compiler\ti-cgt-armllvm_4.0.0.LTS\lib\armv6m-ti-none-eabi\c\</path>
         <kind>archive</kind>
         <file>libsysbm.a</file>
         <name>hostopen.c.obj</name>
      </input_file>
      <input_file id="fl-f2">
         <path>C:\ti\ccstheia151\ccs\tools\compiler\ti-cgt-armllvm_4.0.0.LTS\lib\armv6m-ti-none-eabi\c\</path>
         <kind>archive</kind>
         <file>libsysbm.a</file>
         <name>hostread.c.obj</name>
      </input_file>
      <input_file id="fl-f3">
         <path>C:\ti\ccstheia151\ccs\tools\compiler\ti-cgt-armllvm_4.0.0.LTS\lib\armv6m-ti-none-eabi\c\</path>
         <kind>archive</kind>
         <file>libsysbm.a</file>
         <name>hostrename.c.obj</name>
      </input_file>
      <input_file id="fl-f4">
         <path>C:\ti\ccstheia151\ccs\tools\compiler\ti-cgt-armllvm_4.0.0.LTS\lib\armv6m-ti-none-eabi\c\</path>
         <kind>archive</kind>
         <file>libsysbm.a</file>
         <name>hostunlink.c.obj</name>
      </input_file>
      <input_file id="fl-f5">
         <path>C:\ti\ccstheia151\ccs\tools\compiler\ti-cgt-armllvm_4.0.0.LTS\lib\armv6m-ti-none-eabi\c\</path>
         <kind>archive</kind>
         <file>libsysbm.a</file>
         <name>hostwrite.c.obj</name>
      </input_file>
      <input_file id="fl-f6">
         <path>C:\ti\ccstheia151\ccs\tools\compiler\ti-cgt-armllvm_4.0.0.LTS\lib\armv6m-ti-none-eabi\c\</path>
         <kind>archive</kind>
         <file>libsysbm.a</file>
         <name>trgmsg.c.obj</name>
      </input_file>
      <input_file id="fl-f7">
         <path>C:\ti\ccstheia151\ccs\tools\compiler\ti-cgt-armllvm_4.0.0.LTS\lib\armv6m-ti-none-eabi\</path>
         <kind>archive</kind>
         <file>libclang_rt.builtins.a</file>
         <name>addsf3.S.obj</name>
      </input_file>
      <input_file id="fl-f8">
         <path>C:\ti\ccstheia151\ccs\tools\compiler\ti-cgt-armllvm_4.0.0.LTS\lib\armv6m-ti-none-eabi\</path>
         <kind>archive</kind>
         <file>libclang_rt.builtins.a</file>
         <name>adddf3.S.obj</name>
      </input_file>
      <input_file id="fl-f9">
         <path>C:\ti\ccstheia151\ccs\tools\compiler\ti-cgt-armllvm_4.0.0.LTS\lib\armv6m-ti-none-eabi\</path>
         <kind>archive</kind>
         <file>libclang_rt.builtins.a</file>
         <name>muldf3.S.obj</name>
      </input_file>
      <input_file id="fl-fa">
         <path>C:\ti\ccstheia151\ccs\tools\compiler\ti-cgt-armllvm_4.0.0.LTS\lib\armv6m-ti-none-eabi\</path>
         <kind>archive</kind>
         <file>libclang_rt.builtins.a</file>
         <name>muldsi3.S.obj</name>
      </input_file>
      <input_file id="fl-fb">
         <path>C:\ti\ccstheia151\ccs\tools\compiler\ti-cgt-armllvm_4.0.0.LTS\lib\armv6m-ti-none-eabi\</path>
         <kind>archive</kind>
         <file>libclang_rt.builtins.a</file>
         <name>mulsf3.S.obj</name>
      </input_file>
      <input_file id="fl-fc">
         <path>C:\ti\ccstheia151\ccs\tools\compiler\ti-cgt-armllvm_4.0.0.LTS\lib\armv6m-ti-none-eabi\</path>
         <kind>archive</kind>
         <file>libclang_rt.builtins.a</file>
         <name>divsf3.S.obj</name>
      </input_file>
      <input_file id="fl-fd">
         <path>C:\ti\ccstheia151\ccs\tools\compiler\ti-cgt-armllvm_4.0.0.LTS\lib\armv6m-ti-none-eabi\</path>
         <kind>archive</kind>
         <file>libclang_rt.builtins.a</file>
         <name>divdf3.S.obj</name>
      </input_file>
      <input_file id="fl-fe">
         <path>C:\ti\ccstheia151\ccs\tools\compiler\ti-cgt-armllvm_4.0.0.LTS\lib\armv6m-ti-none-eabi\</path>
         <kind>archive</kind>
         <file>libclang_rt.builtins.a</file>
         <name>extendsfdf2.S.obj</name>
      </input_file>
      <input_file id="fl-ff">
         <path>C:\ti\ccstheia151\ccs\tools\compiler\ti-cgt-armllvm_4.0.0.LTS\lib\armv6m-ti-none-eabi\</path>
         <kind>archive</kind>
         <file>libclang_rt.builtins.a</file>
         <name>fixdfsi.S.obj</name>
      </input_file>
      <input_file id="fl-100">
         <path>C:\ti\ccstheia151\ccs\tools\compiler\ti-cgt-armllvm_4.0.0.LTS\lib\armv6m-ti-none-eabi\</path>
         <kind>archive</kind>
         <file>libclang_rt.builtins.a</file>
         <name>fixsfsi.S.obj</name>
      </input_file>
      <input_file id="fl-101">
         <path>C:\ti\ccstheia151\ccs\tools\compiler\ti-cgt-armllvm_4.0.0.LTS\lib\armv6m-ti-none-eabi\</path>
         <kind>archive</kind>
         <file>libclang_rt.builtins.a</file>
         <name>floatsidf.S.obj</name>
      </input_file>
      <input_file id="fl-102">
         <path>C:\ti\ccstheia151\ccs\tools\compiler\ti-cgt-armllvm_4.0.0.LTS\lib\armv6m-ti-none-eabi\</path>
         <kind>archive</kind>
         <file>libclang_rt.builtins.a</file>
         <name>floatsisf.S.obj</name>
      </input_file>
      <input_file id="fl-103">
         <path>C:\ti\ccstheia151\ccs\tools\compiler\ti-cgt-armllvm_4.0.0.LTS\lib\armv6m-ti-none-eabi\</path>
         <kind>archive</kind>
         <file>libclang_rt.builtins.a</file>
         <name>muldi3.S.obj</name>
      </input_file>
      <input_file id="fl-104">
         <path>C:\ti\ccstheia151\ccs\tools\compiler\ti-cgt-armllvm_4.0.0.LTS\lib\armv6m-ti-none-eabi\</path>
         <kind>archive</kind>
         <file>libclang_rt.builtins.a</file>
         <name>truncdfsf2.S.obj</name>
      </input_file>
      <input_file id="fl-105">
         <path>C:\ti\ccstheia151\ccs\tools\compiler\ti-cgt-armllvm_4.0.0.LTS\lib\armv6m-ti-none-eabi\</path>
         <kind>archive</kind>
         <file>libclang_rt.builtins.a</file>
         <name>aeabi_dcmp.S.obj</name>
      </input_file>
      <input_file id="fl-106">
         <path>C:\ti\ccstheia151\ccs\tools\compiler\ti-cgt-armllvm_4.0.0.LTS\lib\armv6m-ti-none-eabi\</path>
         <kind>archive</kind>
         <file>libclang_rt.builtins.a</file>
         <name>aeabi_fcmp.S.obj</name>
      </input_file>
      <input_file id="fl-107">
         <path>C:\ti\ccstheia151\ccs\tools\compiler\ti-cgt-armllvm_4.0.0.LTS\lib\armv6m-ti-none-eabi\</path>
         <kind>archive</kind>
         <file>libclang_rt.builtins.a</file>
         <name>aeabi_idivmod.S.obj</name>
      </input_file>
      <input_file id="fl-108">
         <path>C:\ti\ccstheia151\ccs\tools\compiler\ti-cgt-armllvm_4.0.0.LTS\lib\armv6m-ti-none-eabi\</path>
         <kind>archive</kind>
         <file>libclang_rt.builtins.a</file>
         <name>aeabi_memcpy.S.obj</name>
      </input_file>
      <input_file id="fl-109">
         <path>C:\ti\ccstheia151\ccs\tools\compiler\ti-cgt-armllvm_4.0.0.LTS\lib\armv6m-ti-none-eabi\</path>
         <kind>archive</kind>
         <file>libclang_rt.builtins.a</file>
         <name>aeabi_memset.S.obj</name>
      </input_file>
      <input_file id="fl-10a">
         <path>C:\ti\ccstheia151\ccs\tools\compiler\ti-cgt-armllvm_4.0.0.LTS\lib\armv6m-ti-none-eabi\</path>
         <kind>archive</kind>
         <file>libclang_rt.builtins.a</file>
         <name>aeabi_uidivmod.S.obj</name>
      </input_file>
      <input_file id="fl-10b">
         <path>C:\ti\ccstheia151\ccs\tools\compiler\ti-cgt-armllvm_4.0.0.LTS\lib\armv6m-ti-none-eabi\</path>
         <kind>archive</kind>
         <file>libclang_rt.builtins.a</file>
         <name>aeabi_uldivmod.S.obj</name>
      </input_file>
      <input_file id="fl-10c">
         <path>C:\ti\ccstheia151\ccs\tools\compiler\ti-cgt-armllvm_4.0.0.LTS\lib\armv6m-ti-none-eabi\</path>
         <kind>archive</kind>
         <file>libclang_rt.builtins.a</file>
         <name>comparesf2.S.obj</name>
      </input_file>
      <input_file id="fl-10d">
         <path>C:\ti\ccstheia151\ccs\tools\compiler\ti-cgt-armllvm_4.0.0.LTS\lib\armv6m-ti-none-eabi\</path>
         <kind>archive</kind>
         <file>libclang_rt.builtins.a</file>
         <name>udivmoddi4.S.obj</name>
      </input_file>
      <input_file id="fl-10e">
         <path>C:\ti\ccstheia151\ccs\tools\compiler\ti-cgt-armllvm_4.0.0.LTS\lib\armv6m-ti-none-eabi\</path>
         <kind>archive</kind>
         <file>libclang_rt.builtins.a</file>
         <name>ashldi3.S.obj</name>
      </input_file>
      <input_file id="fl-10f">
         <path>C:\ti\ccstheia151\ccs\tools\compiler\ti-cgt-armllvm_4.0.0.LTS\lib\armv6m-ti-none-eabi\</path>
         <kind>archive</kind>
         <file>libclang_rt.builtins.a</file>
         <name>comparedf2.c.obj</name>
      </input_file>
      <input_file id="fl-110">
         <path>C:\ti\ccstheia151\ccs\tools\compiler\ti-cgt-armllvm_4.0.0.LTS\lib\armv6m-ti-none-eabi\</path>
         <kind>archive</kind>
         <file>libclang_rt.builtins.a</file>
         <name>aeabi_div0.c.obj</name>
      </input_file>
      <input_file id="fl-111">
         <path>C:\ti\ccstheia151\ccs\tools\compiler\ti-cgt-armllvm_4.0.0.LTS\lib\armv6m-ti-none-eabi\c\</path>
         <kind>archive</kind>
         <file>libc.a</file>
         <name>getdevice.c.obj</name>
      </input_file>
      <input_file id="fl-112">
         <path>C:\ti\ccstheia151\ccs\tools\compiler\ti-cgt-armllvm_4.0.0.LTS\lib\armv6m-ti-none-eabi\c\</path>
         <kind>archive</kind>
         <file>libc.a</file>
         <name>memcpy16.S.obj</name>
      </input_file>
      <input_file id="fl-113">
         <path>C:\ti\ccstheia151\ccs\tools\compiler\ti-cgt-armllvm_4.0.0.LTS\lib\armv6m-ti-none-eabi\c\</path>
         <kind>archive</kind>
         <file>libc.a</file>
         <name>memset16.S.obj</name>
      </input_file>
      <input_file id="fl-114">
         <path>C:\ti\ccstheia151\ccs\tools\compiler\ti-cgt-armllvm_4.0.0.LTS\lib\armv6m-ti-none-eabi\c\</path>
         <kind>archive</kind>
         <file>libc.a</file>
         <name>strcmp-armv6m.S.obj</name>
      </input_file>
   </input_file_list>
   <object_component_list>
      <object_component id="oc-18">
         <name>.intvecs</name>
         <load_address>0x0</load_address>
         <readonly>true</readonly>
         <run_address>0x0</run_address>
         <size>0xc0</size>
         <alignment>0x4</alignment>
         <input_file_ref idref="fl-3"/>
      </object_component>
      <object_component id="oc-1b3">
         <name>.text:__TI_printfi</name>
         <load_address>0xc0</load_address>
         <readonly>true</readonly>
         <executable>true</executable>
         <run_address>0xc0</run_address>
         <size>0x9d0</size>
         <alignment>0x4</alignment>
         <input_file_ref idref="fl-30"/>
      </object_component>
      <object_component id="oc-a3">
         <name>.text.LineWalking</name>
         <load_address>0xa90</load_address>
         <readonly>true</readonly>
         <executable>true</executable>
         <run_address>0xa90</run_address>
         <size>0x4d4</size>
         <alignment>0x4</alignment>
         <input_file_ref idref="fl-4"/>
      </object_component>
      <object_component id="oc-200">
         <name>.text._pconv_a</name>
         <load_address>0xf64</load_address>
         <readonly>true</readonly>
         <executable>true</executable>
         <run_address>0xf64</run_address>
         <size>0x220</size>
         <alignment>0x4</alignment>
         <input_file_ref idref="fl-30"/>
      </object_component>
      <object_component id="oc-205">
         <name>.text._pconv_g</name>
         <load_address>0x1184</load_address>
         <readonly>true</readonly>
         <executable>true</executable>
         <run_address>0x1184</run_address>
         <size>0x1dc</size>
         <alignment>0x4</alignment>
         <input_file_ref idref="fl-30"/>
      </object_component>
      <object_component id="oc-109">
         <name>.text.adddf3_subdf3</name>
         <load_address>0x1360</load_address>
         <readonly>true</readonly>
         <executable>true</executable>
         <run_address>0x1360</run_address>
         <size>0x192</size>
         <alignment>0x4</alignment>
         <input_file_ref idref="fl-f8"/>
      </object_component>
      <object_component id="oc-33">
         <name>.text.Default_Handler</name>
         <load_address>0x14f2</load_address>
         <readonly>true</readonly>
         <executable>true</executable>
         <run_address>0x14f2</run_address>
         <size>0x2</size>
         <alignment>0x2</alignment>
         <input_file_ref idref="fl-3"/>
      </object_component>
      <object_component id="oc-278">
         <name>.text.fcvt</name>
         <load_address>0x14f4</load_address>
         <readonly>true</readonly>
         <executable>true</executable>
         <run_address>0x14f4</run_address>
         <size>0x13c</size>
         <alignment>0x4</alignment>
         <input_file_ref idref="fl-30"/>
      </object_component>
      <object_component id="oc-207">
         <name>.text._pconv_e</name>
         <load_address>0x1630</load_address>
         <readonly>true</readonly>
         <executable>true</executable>
         <run_address>0x1630</run_address>
         <size>0x120</size>
         <alignment>0x4</alignment>
         <input_file_ref idref="fl-30"/>
      </object_component>
      <object_component id="oc-f4">
         <name>.text.deal_IRdata</name>
         <load_address>0x1750</load_address>
         <readonly>true</readonly>
         <executable>true</executable>
         <run_address>0x1750</run_address>
         <size>0x120</size>
         <alignment>0x4</alignment>
         <input_file_ref idref="fl-4"/>
      </object_component>
      <object_component id="oc-215">
         <name>.text.aligned_alloc</name>
         <load_address>0x1870</load_address>
         <readonly>true</readonly>
         <executable>true</executable>
         <run_address>0x1870</run_address>
         <size>0x114</size>
         <alignment>0x4</alignment>
         <input_file_ref idref="fl-40"/>
      </object_component>
      <object_component id="oc-274">
         <name>.text.__divdf3</name>
         <load_address>0x1984</load_address>
         <readonly>true</readonly>
         <executable>true</executable>
         <run_address>0x1984</run_address>
         <size>0x10c</size>
         <alignment>0x4</alignment>
         <input_file_ref idref="fl-fd"/>
      </object_component>
      <object_component id="oc-d2">
         <name>.text.fputs</name>
         <load_address>0x1a90</load_address>
         <readonly>true</readonly>
         <executable>true</executable>
         <run_address>0x1a90</run_address>
         <size>0xf8</size>
         <alignment>0x4</alignment>
         <input_file_ref idref="fl-32"/>
      </object_component>
      <object_component id="oc-97">
         <name>.text.Set_Motor</name>
         <load_address>0x1b88</load_address>
         <readonly>true</readonly>
         <executable>true</executable>
         <run_address>0x1b88</run_address>
         <size>0xf4</size>
         <alignment>0x4</alignment>
         <input_file_ref idref="fl-5"/>
      </object_component>
      <object_component id="oc-1c9">
         <name>.text.free</name>
         <load_address>0x1c7c</load_address>
         <readonly>true</readonly>
         <executable>true</executable>
         <run_address>0x1c7c</run_address>
         <size>0xe8</size>
         <alignment>0x4</alignment>
         <input_file_ref idref="fl-40"/>
      </object_component>
      <object_component id="oc-ef">
         <name>.text.Send_Motor_ArrayU8</name>
         <load_address>0x1d64</load_address>
         <readonly>true</readonly>
         <executable>true</executable>
         <run_address>0x1d64</run_address>
         <size>0xe4</size>
         <alignment>0x4</alignment>
         <input_file_ref idref="fl-7"/>
      </object_component>
      <object_component id="oc-105">
         <name>.text.__muldf3</name>
         <load_address>0x1e48</load_address>
         <readonly>true</readonly>
         <executable>true</executable>
         <run_address>0x1e48</run_address>
         <size>0xe4</size>
         <alignment>0x4</alignment>
         <input_file_ref idref="fl-f9"/>
      </object_component>
      <object_component id="oc-19f">
         <name>.text.setvbuf</name>
         <load_address>0x1f2c</load_address>
         <readonly>true</readonly>
         <executable>true</executable>
         <run_address>0x1f2c</run_address>
         <size>0xe0</size>
         <alignment>0x4</alignment>
         <input_file_ref idref="fl-34"/>
      </object_component>
      <object_component id="oc-25b">
         <name>.text.scalbn</name>
         <load_address>0x200c</load_address>
         <readonly>true</readonly>
         <executable>true</executable>
         <run_address>0x200c</run_address>
         <size>0xd8</size>
         <alignment>0x4</alignment>
         <input_file_ref idref="fl-37"/>
      </object_component>
      <object_component id="oc-f9">
         <name>.text</name>
         <load_address>0x20e4</load_address>
         <readonly>true</readonly>
         <executable>true</executable>
         <run_address>0x20e4</run_address>
         <size>0xd8</size>
         <alignment>0x4</alignment>
         <input_file_ref idref="fl-f7"/>
      </object_component>
      <object_component id="oc-252">
         <name>.text</name>
         <load_address>0x21bc</load_address>
         <readonly>true</readonly>
         <executable>true</executable>
         <run_address>0x21bc</run_address>
         <size>0xa2</size>
         <alignment>0x4</alignment>
         <input_file_ref idref="fl-10d"/>
      </object_component>
      <object_component id="oc-8b">
         <name>.text:memcpy</name>
         <load_address>0x225e</load_address>
         <readonly>true</readonly>
         <executable>true</executable>
         <run_address>0x225e</run_address>
         <size>0x9a</size>
         <alignment>0x1</alignment>
         <input_file_ref idref="fl-112"/>
      </object_component>
      <object_component id="oc-115">
         <name>.text.Motion_Car_Control</name>
         <load_address>0x22f8</load_address>
         <readonly>true</readonly>
         <executable>true</executable>
         <run_address>0x22f8</run_address>
         <size>0x90</size>
         <alignment>0x4</alignment>
         <input_file_ref idref="fl-5"/>
      </object_component>
      <object_component id="oc-138">
         <name>.text.SYSCFG_DL_UART_1_init</name>
         <load_address>0x2388</load_address>
         <readonly>true</readonly>
         <executable>true</executable>
         <run_address>0x2388</run_address>
         <size>0x90</size>
         <alignment>0x4</alignment>
         <input_file_ref idref="fl-2"/>
      </object_component>
      <object_component id="oc-179">
         <name>.text.__mulsf3</name>
         <load_address>0x2418</load_address>
         <readonly>true</readonly>
         <executable>true</executable>
         <run_address>0x2418</run_address>
         <size>0x8c</size>
         <alignment>0x4</alignment>
         <input_file_ref idref="fl-fb"/>
      </object_component>
      <object_component id="oc-6f">
         <name>.text.__aeabi_memclr</name>
         <load_address>0x24a4</load_address>
         <readonly>true</readonly>
         <executable>true</executable>
         <run_address>0x24a4</run_address>
         <size>0xc</size>
         <alignment>0x4</alignment>
         <input_file_ref idref="fl-109"/>
      </object_component>
      <object_component id="oc-2de">
         <name>.text:strcmp</name>
         <load_address>0x24b0</load_address>
         <readonly>true</readonly>
         <executable>true</executable>
         <run_address>0x24b0</run_address>
         <size>0x88</size>
         <alignment>0x10</alignment>
         <input_file_ref idref="fl-114"/>
      </object_component>
      <object_component id="oc-175">
         <name>.text.__divsf3</name>
         <load_address>0x2538</load_address>
         <readonly>true</readonly>
         <executable>true</executable>
         <run_address>0x2538</run_address>
         <size>0x82</size>
         <alignment>0x4</alignment>
         <input_file_ref idref="fl-fc"/>
      </object_component>
      <object_component id="oc-240">
         <name>.text.__aeabi_idiv0</name>
         <load_address>0x25ba</load_address>
         <readonly>true</readonly>
         <executable>true</executable>
         <run_address>0x25ba</run_address>
         <size>0x2</size>
         <alignment>0x2</alignment>
         <input_file_ref idref="fl-110"/>
      </object_component>
      <object_component id="oc-216">
         <name>.text.__TI_closefile</name>
         <load_address>0x25bc</load_address>
         <readonly>true</readonly>
         <executable>true</executable>
         <run_address>0x25bc</run_address>
         <size>0x7c</size>
         <alignment>0x4</alignment>
         <input_file_ref idref="fl-52"/>
      </object_component>
      <object_component id="oc-1c">
         <name>.text:decompress:lzss</name>
         <load_address>0x2638</load_address>
         <readonly>true</readonly>
         <executable>true</executable>
         <run_address>0x2638</run_address>
         <size>0x7c</size>
         <alignment>0x4</alignment>
         <input_file_ref idref="fl-4a"/>
      </object_component>
      <object_component id="oc-272">
         <name>.text.__gedf2</name>
         <load_address>0x26b4</load_address>
         <readonly>true</readonly>
         <executable>true</executable>
         <run_address>0x26b4</run_address>
         <size>0x74</size>
         <alignment>0x4</alignment>
         <input_file_ref idref="fl-10f"/>
      </object_component>
      <object_component id="oc-139">
         <name>.text.SYSCFG_DL_DMA_init</name>
         <load_address>0x2728</load_address>
         <readonly>true</readonly>
         <executable>true</executable>
         <run_address>0x2728</run_address>
         <size>0x8</size>
         <alignment>0x2</alignment>
         <input_file_ref idref="fl-2"/>
      </object_component>
      <object_component id="oc-10d">
         <name>.text.__truncdfsf2</name>
         <load_address>0x2730</load_address>
         <readonly>true</readonly>
         <executable>true</executable>
         <run_address>0x2730</run_address>
         <size>0x74</size>
         <alignment>0x10</alignment>
         <input_file_ref idref="fl-104"/>
      </object_component>
      <object_component id="oc-137">
         <name>.text.SYSCFG_DL_UART_0_init</name>
         <load_address>0x27a4</load_address>
         <readonly>true</readonly>
         <executable>true</executable>
         <run_address>0x27a4</run_address>
         <size>0x70</size>
         <alignment>0x4</alignment>
         <input_file_ref idref="fl-2"/>
      </object_component>
      <object_component id="oc-22f">
         <name>.text.HOSTlseek</name>
         <load_address>0x2814</load_address>
         <readonly>true</readonly>
         <executable>true</executable>
         <run_address>0x2814</run_address>
         <size>0x6c</size>
         <alignment>0x4</alignment>
         <input_file_ref idref="fl-f0"/>
      </object_component>
      <object_component id="oc-237">
         <name>.text.HOSTrename</name>
         <load_address>0x2880</load_address>
         <readonly>true</readonly>
         <executable>true</executable>
         <run_address>0x2880</run_address>
         <size>0x6c</size>
         <alignment>0x4</alignment>
         <input_file_ref idref="fl-f3"/>
      </object_component>
      <object_component id="oc-1c6">
         <name>.text.fseeko</name>
         <load_address>0x28ec</load_address>
         <readonly>true</readonly>
         <executable>true</executable>
         <run_address>0x28ec</run_address>
         <size>0x6c</size>
         <alignment>0x4</alignment>
         <input_file_ref idref="fl-4d"/>
      </object_component>
      <object_component id="oc-2d2">
         <name>.text.getdevice</name>
         <load_address>0x2958</load_address>
         <readonly>true</readonly>
         <executable>true</executable>
         <run_address>0x2958</run_address>
         <size>0x6c</size>
         <alignment>0x4</alignment>
         <input_file_ref idref="fl-111"/>
      </object_component>
      <object_component id="oc-26c">
         <name>.text.__ledf2</name>
         <load_address>0x29c4</load_address>
         <readonly>true</readonly>
         <executable>true</executable>
         <run_address>0x29c4</run_address>
         <size>0x68</size>
         <alignment>0x4</alignment>
         <input_file_ref idref="fl-10f"/>
      </object_component>
      <object_component id="oc-9d">
         <name>.text.send_motor_PID</name>
         <load_address>0x2a2c</load_address>
         <readonly>true</readonly>
         <executable>true</executable>
         <run_address>0x2a2c</run_address>
         <size>0x68</size>
         <alignment>0x4</alignment>
         <input_file_ref idref="fl-6"/>
      </object_component>
      <object_component id="oc-26b">
         <name>.text._mcpy</name>
         <load_address>0x2a94</load_address>
         <readonly>true</readonly>
         <executable>true</executable>
         <run_address>0x2a94</run_address>
         <size>0x66</size>
         <alignment>0x2</alignment>
         <input_file_ref idref="fl-30"/>
      </object_component>
      <object_component id="oc-2ac">
         <name>.text.__aeabi_ldiv0</name>
         <load_address>0x2afa</load_address>
         <readonly>true</readonly>
         <executable>true</executable>
         <run_address>0x2afa</run_address>
         <size>0x2</size>
         <alignment>0x2</alignment>
         <input_file_ref idref="fl-110"/>
      </object_component>
      <object_component id="oc-133">
         <name>.text.SYSCFG_DL_GPIO_init</name>
         <load_address>0x2afc</load_address>
         <readonly>true</readonly>
         <executable>true</executable>
         <run_address>0x2afc</run_address>
         <size>0x64</size>
         <alignment>0x4</alignment>
         <input_file_ref idref="fl-2"/>
      </object_component>
      <object_component id="oc-13d">
         <name>.text.__TI_wrt_ok</name>
         <load_address>0x2b60</load_address>
         <readonly>true</readonly>
         <executable>true</executable>
         <run_address>0x2b60</run_address>
         <size>0x64</size>
         <alignment>0x2</alignment>
         <input_file_ref idref="fl-33"/>
      </object_component>
      <object_component id="oc-78">
         <name>.text.main</name>
         <load_address>0x2bc4</load_address>
         <readonly>true</readonly>
         <executable>true</executable>
         <run_address>0x2bc4</run_address>
         <size>0x64</size>
         <alignment>0x4</alignment>
         <input_file_ref idref="fl-1"/>
      </object_component>
      <object_component id="oc-27e">
         <name>.text.split</name>
         <load_address>0x2c28</load_address>
         <readonly>true</readonly>
         <executable>true</executable>
         <run_address>0x2c28</run_address>
         <size>0x64</size>
         <alignment>0x4</alignment>
         <input_file_ref idref="fl-40"/>
      </object_component>
      <object_component id="oc-201">
         <name>.text.__aeabi_dcmp</name>
         <load_address>0x2c8c</load_address>
         <readonly>true</readonly>
         <executable>true</executable>
         <run_address>0x2c8c</run_address>
         <size>0x62</size>
         <alignment>0x4</alignment>
         <input_file_ref idref="fl-105"/>
      </object_component>
      <object_component id="oc-17e">
         <name>.text._nop</name>
         <load_address>0x2cee</load_address>
         <readonly>true</readonly>
         <executable>true</executable>
         <run_address>0x2cee</run_address>
         <size>0x2</size>
         <alignment>0x2</alignment>
         <input_file_ref idref="fl-3a"/>
      </object_component>
      <object_component id="oc-fd">
         <name>.text.__aeabi_fcmp</name>
         <load_address>0x2cf0</load_address>
         <readonly>true</readonly>
         <executable>true</executable>
         <run_address>0x2cf0</run_address>
         <size>0x62</size>
         <alignment>0x4</alignment>
         <input_file_ref idref="fl-106"/>
      </object_component>
      <object_component id="oc-cc">
         <name>.text:memset</name>
         <load_address>0x2d52</load_address>
         <readonly>true</readonly>
         <executable>true</executable>
         <run_address>0x2d52</run_address>
         <size>0x62</size>
         <alignment>0x1</alignment>
         <input_file_ref idref="fl-113"/>
      </object_component>
      <object_component id="oc-21f">
         <name>.text.HOSTopen</name>
         <load_address>0x2db4</load_address>
         <readonly>true</readonly>
         <executable>true</executable>
         <run_address>0x2db4</run_address>
         <size>0x60</size>
         <alignment>0x4</alignment>
         <input_file_ref idref="fl-f1"/>
      </object_component>
      <object_component id="oc-15d">
         <name>.text.DL_I2C_fillControllerTXFIFO</name>
         <load_address>0x2e14</load_address>
         <readonly>true</readonly>
         <executable>true</executable>
         <run_address>0x2e14</run_address>
         <size>0x5e</size>
         <alignment>0x2</alignment>
         <input_file_ref idref="fl-19"/>
      </object_component>
      <object_component id="oc-257">
         <name>.text.frexp</name>
         <load_address>0x2e74</load_address>
         <readonly>true</readonly>
         <executable>true</executable>
         <run_address>0x2e74</run_address>
         <size>0x5c</size>
         <alignment>0x4</alignment>
         <input_file_ref idref="fl-36"/>
      </object_component>
      <object_component id="oc-227">
         <name>.text.HOSTread</name>
         <load_address>0x2ed0</load_address>
         <readonly>true</readonly>
         <executable>true</executable>
         <run_address>0x2ed0</run_address>
         <size>0x58</size>
         <alignment>0x4</alignment>
         <input_file_ref idref="fl-f2"/>
      </object_component>
      <object_component id="oc-22b">
         <name>.text.HOSTwrite</name>
         <load_address>0x2f28</load_address>
         <readonly>true</readonly>
         <executable>true</executable>
         <run_address>0x2f28</run_address>
         <size>0x58</size>
         <alignment>0x4</alignment>
         <input_file_ref idref="fl-f5"/>
      </object_component>
      <object_component id="oc-263">
         <name>.text.__TI_ltoa</name>
         <load_address>0x2f80</load_address>
         <readonly>true</readonly>
         <executable>true</executable>
         <run_address>0x2f80</run_address>
         <size>0x58</size>
         <alignment>0x2</alignment>
         <input_file_ref idref="fl-3b"/>
      </object_component>
      <object_component id="oc-206">
         <name>.text._pconv_f</name>
         <load_address>0x2fd8</load_address>
         <readonly>true</readonly>
         <executable>true</executable>
         <run_address>0x2fd8</run_address>
         <size>0x58</size>
         <alignment>0x2</alignment>
         <input_file_ref idref="fl-30"/>
      </object_component>
      <object_component id="oc-2b9">
         <name>.text.__aeabi_idivmod</name>
         <load_address>0x3030</load_address>
         <readonly>true</readonly>
         <executable>true</executable>
         <run_address>0x3030</run_address>
         <size>0x56</size>
         <alignment>0x4</alignment>
         <input_file_ref idref="fl-107"/>
      </object_component>
      <object_component id="oc-136">
         <name>.text.SYSCFG_DL_I2C_1_init</name>
         <load_address>0x3088</load_address>
         <readonly>true</readonly>
         <executable>true</executable>
         <run_address>0x3088</run_address>
         <size>0x54</size>
         <alignment>0x4</alignment>
         <input_file_ref idref="fl-2"/>
      </object_component>
      <object_component id="oc-147">
         <name>.text.__TI_doflush</name>
         <load_address>0x30dc</load_address>
         <readonly>true</readonly>
         <executable>true</executable>
         <run_address>0x30dc</run_address>
         <size>0x52</size>
         <alignment>0x2</alignment>
         <input_file_ref idref="fl-4b"/>
      </object_component>
      <object_component id="oc-269">
         <name>.text._ecpy</name>
         <load_address>0x312e</load_address>
         <readonly>true</readonly>
         <executable>true</executable>
         <run_address>0x312e</run_address>
         <size>0x52</size>
         <alignment>0x2</alignment>
         <input_file_ref idref="fl-30"/>
      </object_component>
      <object_component id="oc-280">
         <name>.text.close</name>
         <load_address>0x3180</load_address>
         <readonly>true</readonly>
         <executable>true</executable>
         <run_address>0x3180</run_address>
         <size>0x50</size>
         <alignment>0x4</alignment>
         <input_file_ref idref="fl-ed"/>
      </object_component>
      <object_component id="oc-17d">
         <name>.text.Contrl_Speed</name>
         <load_address>0x31d0</load_address>
         <readonly>true</readonly>
         <executable>true</executable>
         <run_address>0x31d0</run_address>
         <size>0x4c</size>
         <alignment>0x4</alignment>
         <input_file_ref idref="fl-6"/>
      </object_component>
      <object_component id="oc-1c1">
         <name>.text.DL_DMA_initChannel</name>
         <load_address>0x321c</load_address>
         <readonly>true</readonly>
         <executable>true</executable>
         <run_address>0x321c</run_address>
         <size>0x4c</size>
         <alignment>0x4</alignment>
         <input_file_ref idref="fl-18"/>
      </object_component>
      <object_component id="oc-25f">
         <name>.text.__fixdfsi</name>
         <load_address>0x3268</load_address>
         <readonly>true</readonly>
         <executable>true</executable>
         <run_address>0x3268</run_address>
         <size>0x4a</size>
         <alignment>0x4</alignment>
         <input_file_ref idref="fl-ff"/>
      </object_component>
      <object_component id="oc-193">
         <name>.text.DL_UART_init</name>
         <load_address>0x32b4</load_address>
         <readonly>true</readonly>
         <executable>true</executable>
         <run_address>0x32b4</run_address>
         <size>0x48</size>
         <alignment>0x4</alignment>
         <input_file_ref idref="fl-1a"/>
      </object_component>
      <object_component id="oc-223">
         <name>.text.HOSTclose</name>
         <load_address>0x32fc</load_address>
         <readonly>true</readonly>
         <executable>true</executable>
         <run_address>0x32fc</run_address>
         <size>0x48</size>
         <alignment>0x4</alignment>
         <input_file_ref idref="fl-ef"/>
      </object_component>
      <object_component id="oc-233">
         <name>.text.HOSTunlink</name>
         <load_address>0x3344</load_address>
         <readonly>true</readonly>
         <executable>true</executable>
         <run_address>0x3344</run_address>
         <size>0x48</size>
         <alignment>0x4</alignment>
         <input_file_ref idref="fl-f4"/>
      </object_component>
      <object_component id="oc-132">
         <name>.text.SYSCFG_DL_initPower</name>
         <load_address>0x338c</load_address>
         <readonly>true</readonly>
         <executable>true</executable>
         <run_address>0x338c</run_address>
         <size>0x48</size>
         <alignment>0x4</alignment>
         <input_file_ref idref="fl-2"/>
      </object_component>
      <object_component id="oc-39">
         <name>.text.UART0_IRQHandler</name>
         <load_address>0x33d4</load_address>
         <readonly>true</readonly>
         <executable>true</executable>
         <run_address>0x33d4</run_address>
         <size>0x44</size>
         <alignment>0x4</alignment>
         <input_file_ref idref="fl-9"/>
      </object_component>
      <object_component id="oc-e1">
         <name>.text.send_wheel_diameter</name>
         <load_address>0x3418</load_address>
         <readonly>true</readonly>
         <executable>true</executable>
         <run_address>0x3418</run_address>
         <size>0x44</size>
         <alignment>0x4</alignment>
         <input_file_ref idref="fl-6"/>
      </object_component>
      <object_component id="oc-1e4">
         <name>.text.__aeabi_uidivmod</name>
         <load_address>0x345c</load_address>
         <readonly>true</readonly>
         <executable>true</executable>
         <run_address>0x345c</run_address>
         <size>0x40</size>
         <alignment>0x4</alignment>
         <input_file_ref idref="fl-10a"/>
      </object_component>
      <object_component id="oc-e5">
         <name>.text.__extendsfdf2</name>
         <load_address>0x349c</load_address>
         <readonly>true</readonly>
         <executable>true</executable>
         <run_address>0x349c</run_address>
         <size>0x40</size>
         <alignment>0x4</alignment>
         <input_file_ref idref="fl-fe"/>
      </object_component>
      <object_component id="oc-1ea">
         <name>.text.atoi</name>
         <load_address>0x34dc</load_address>
         <readonly>true</readonly>
         <executable>true</executable>
         <run_address>0x34dc</run_address>
         <size>0x40</size>
         <alignment>0x4</alignment>
         <input_file_ref idref="fl-3d"/>
      </object_component>
      <object_component id="oc-d9">
         <name>.text.delay_ms</name>
         <load_address>0x351c</load_address>
         <readonly>true</readonly>
         <executable>true</executable>
         <run_address>0x351c</run_address>
         <size>0x40</size>
         <alignment>0x4</alignment>
         <input_file_ref idref="fl-8"/>
      </object_component>
      <object_component id="oc-e2">
         <name>.text.send_motor_deadzone</name>
         <load_address>0x355c</load_address>
         <readonly>true</readonly>
         <executable>true</executable>
         <run_address>0x355c</run_address>
         <size>0x40</size>
         <alignment>0x4</alignment>
         <input_file_ref idref="fl-6"/>
      </object_component>
      <object_component id="oc-d8">
         <name>.text.send_motor_type</name>
         <load_address>0x359c</load_address>
         <readonly>true</readonly>
         <executable>true</executable>
         <run_address>0x359c</run_address>
         <size>0x40</size>
         <alignment>0x4</alignment>
         <input_file_ref idref="fl-6"/>
      </object_component>
      <object_component id="oc-e0">
         <name>.text.send_pulse_line</name>
         <load_address>0x35dc</load_address>
         <readonly>true</readonly>
         <executable>true</executable>
         <run_address>0x35dc</run_address>
         <size>0x40</size>
         <alignment>0x4</alignment>
         <input_file_ref idref="fl-6"/>
      </object_component>
      <object_component id="oc-df">
         <name>.text.send_pulse_phase</name>
         <load_address>0x361c</load_address>
         <readonly>true</readonly>
         <executable>true</executable>
         <run_address>0x361c</run_address>
         <size>0x40</size>
         <alignment>0x4</alignment>
         <input_file_ref idref="fl-6"/>
      </object_component>
      <object_component id="oc-134">
         <name>.text.SYSCFG_DL_SYSCTL_init</name>
         <load_address>0x365c</load_address>
         <readonly>true</readonly>
         <executable>true</executable>
         <run_address>0x365c</run_address>
         <size>0x3c</size>
         <alignment>0x4</alignment>
         <input_file_ref idref="fl-2"/>
      </object_component>
      <object_component id="oc-f5">
         <name>.text.__floatsisf</name>
         <load_address>0x3698</load_address>
         <readonly>true</readonly>
         <executable>true</executable>
         <run_address>0x3698</run_address>
         <size>0x3c</size>
         <alignment>0x4</alignment>
         <input_file_ref idref="fl-102"/>
      </object_component>
      <object_component id="oc-16a">
         <name>.text.__gtsf2</name>
         <load_address>0x36d4</load_address>
         <readonly>true</readonly>
         <executable>true</executable>
         <run_address>0x36d4</run_address>
         <size>0x3c</size>
         <alignment>0x4</alignment>
         <input_file_ref idref="fl-10c"/>
      </object_component>
      <object_component id="oc-b4">
         <name>.text:__TI_auto_init_nobinit_nopinit</name>
         <load_address>0x3710</load_address>
         <readonly>true</readonly>
         <executable>true</executable>
         <run_address>0x3710</run_address>
         <size>0x3c</size>
         <alignment>0x4</alignment>
         <input_file_ref idref="fl-45"/>
      </object_component>
      <object_component id="oc-165">
         <name>.text.__eqsf2</name>
         <load_address>0x374c</load_address>
         <readonly>true</readonly>
         <executable>true</executable>
         <run_address>0x374c</run_address>
         <size>0x3a</size>
         <alignment>0x4</alignment>
         <input_file_ref idref="fl-10c"/>
      </object_component>
      <object_component id="oc-16d">
         <name>.text.__muldsi3</name>
         <load_address>0x3788</load_address>
         <readonly>true</readonly>
         <executable>true</executable>
         <run_address>0x3788</run_address>
         <size>0x3a</size>
         <alignment>0x4</alignment>
         <input_file_ref idref="fl-fa"/>
      </object_component>
      <object_component id="oc-111">
         <name>.text.__fixsfsi</name>
         <load_address>0x37c4</load_address>
         <readonly>true</readonly>
         <executable>true</executable>
         <run_address>0x37c4</run_address>
         <size>0x38</size>
         <alignment>0x4</alignment>
         <input_file_ref idref="fl-100"/>
      </object_component>
      <object_component id="oc-e9">
         <name>.text.sprintf</name>
         <load_address>0x37fc</load_address>
         <readonly>true</readonly>
         <executable>true</executable>
         <run_address>0x37fc</run_address>
         <size>0x38</size>
         <alignment>0x4</alignment>
         <input_file_ref idref="fl-31"/>
      </object_component>
      <object_component id="oc-1ba">
         <name>.text.UART_Console_write</name>
         <load_address>0x3834</load_address>
         <readonly>true</readonly>
         <executable>true</executable>
         <run_address>0x3834</run_address>
         <size>0x34</size>
         <alignment>0x4</alignment>
         <input_file_ref idref="fl-7"/>
      </object_component>
      <object_component id="oc-1d0">
         <name>.text.__TI_cleanup</name>
         <load_address>0x3868</load_address>
         <readonly>true</readonly>
         <executable>true</executable>
         <run_address>0x3868</run_address>
         <size>0x34</size>
         <alignment>0x4</alignment>
         <input_file_ref idref="fl-4c"/>
      </object_component>
      <object_component id="oc-291">
         <name>.text.__TI_readmsg</name>
         <load_address>0x389c</load_address>
         <readonly>true</readonly>
         <executable>true</executable>
         <run_address>0x389c</run_address>
         <size>0x34</size>
         <alignment>0x4</alignment>
         <input_file_ref idref="fl-f6"/>
      </object_component>
      <object_component id="oc-28b">
         <name>.text.__TI_writemsg</name>
         <load_address>0x38d0</load_address>
         <readonly>true</readonly>
         <executable>true</executable>
         <run_address>0x38d0</run_address>
         <size>0x34</size>
         <alignment>0x4</alignment>
         <input_file_ref idref="fl-f6"/>
      </object_component>
      <object_component id="oc-b2">
         <name>.text.exit</name>
         <load_address>0x3904</load_address>
         <readonly>true</readonly>
         <executable>true</executable>
         <run_address>0x3904</run_address>
         <size>0x34</size>
         <alignment>0x4</alignment>
         <input_file_ref idref="fl-39"/>
      </object_component>
      <object_component id="oc-2db">
         <name>.text.finddevice</name>
         <load_address>0x3938</load_address>
         <readonly>true</readonly>
         <executable>true</executable>
         <run_address>0x3938</run_address>
         <size>0x34</size>
         <alignment>0x4</alignment>
         <input_file_ref idref="fl-111"/>
      </object_component>
      <object_component id="oc-26a">
         <name>.text._fcpy</name>
         <load_address>0x396c</load_address>
         <readonly>true</readonly>
         <executable>true</executable>
         <run_address>0x396c</run_address>
         <size>0x30</size>
         <alignment>0x2</alignment>
         <input_file_ref idref="fl-30"/>
      </object_component>
      <object_component id="oc-101">
         <name>.text.__floatsidf</name>
         <load_address>0x399c</load_address>
         <readonly>true</readonly>
         <executable>true</executable>
         <run_address>0x399c</run_address>
         <size>0x2c</size>
         <alignment>0x4</alignment>
         <input_file_ref idref="fl-101"/>
      </object_component>
      <object_component id="oc-2c6">
         <name>.text.unlink</name>
         <load_address>0x39c8</load_address>
         <readonly>true</readonly>
         <executable>true</executable>
         <run_address>0x39c8</run_address>
         <size>0x2c</size>
         <alignment>0x4</alignment>
         <input_file_ref idref="fl-ee"/>
      </object_component>
      <object_component id="oc-34">
         <name>.text.UART1_IRQHandler</name>
         <load_address>0x39f4</load_address>
         <readonly>true</readonly>
         <executable>true</executable>
         <run_address>0x39f4</run_address>
         <size>0x28</size>
         <alignment>0x4</alignment>
         <input_file_ref idref="fl-7"/>
      </object_component>
      <object_component id="oc-211">
         <name>.text.free_list_insert</name>
         <load_address>0x3a1c</load_address>
         <readonly>true</readonly>
         <executable>true</executable>
         <run_address>0x3a1c</run_address>
         <size>0x28</size>
         <alignment>0x4</alignment>
         <input_file_ref idref="fl-40"/>
      </object_component>
      <object_component id="oc-20b">
         <name>.text.lseek</name>
         <load_address>0x3a44</load_address>
         <readonly>true</readonly>
         <executable>true</executable>
         <run_address>0x3a44</run_address>
         <size>0x28</size>
         <alignment>0x4</alignment>
         <input_file_ref idref="fl-ec"/>
      </object_component>
      <object_component id="oc-143">
         <name>.text.write</name>
         <load_address>0x3a6c</load_address>
         <readonly>true</readonly>
         <executable>true</executable>
         <run_address>0x3a6c</run_address>
         <size>0x28</size>
         <alignment>0x4</alignment>
         <input_file_ref idref="fl-e8"/>
      </object_component>
      <object_component id="oc-5a">
         <name>.text:_c_int00_noargs</name>
         <load_address>0x3a94</load_address>
         <readonly>true</readonly>
         <executable>true</executable>
         <run_address>0x3a94</run_address>
         <size>0x28</size>
         <alignment>0x4</alignment>
         <input_file_ref idref="fl-43"/>
      </object_component>
      <object_component id="oc-18b">
         <name>.text.DL_I2C_setClockConfig</name>
         <load_address>0x3abc</load_address>
         <readonly>true</readonly>
         <executable>true</executable>
         <run_address>0x3abc</run_address>
         <size>0x26</size>
         <alignment>0x2</alignment>
         <input_file_ref idref="fl-19"/>
      </object_component>
      <object_component id="oc-cd">
         <name>.text.SYSCFG_DL_init</name>
         <load_address>0x3ae2</load_address>
         <readonly>true</readonly>
         <executable>true</executable>
         <run_address>0x3ae2</run_address>
         <size>0x24</size>
         <alignment>0x2</alignment>
         <input_file_ref idref="fl-2"/>
      </object_component>
      <object_component id="oc-1f7">
         <name>.text.__muldi3</name>
         <load_address>0x3b08</load_address>
         <readonly>true</readonly>
         <executable>true</executable>
         <run_address>0x3b08</run_address>
         <size>0x24</size>
         <alignment>0x4</alignment>
         <input_file_ref idref="fl-103"/>
      </object_component>
      <object_component id="oc-91">
         <name>.text.puts</name>
         <load_address>0x3b2c</load_address>
         <readonly>true</readonly>
         <executable>true</executable>
         <run_address>0x3b2c</run_address>
         <size>0x24</size>
         <alignment>0x4</alignment>
         <input_file_ref idref="fl-32"/>
      </object_component>
      <object_component id="oc-1df">
         <name>.text.memccpy</name>
         <load_address>0x3b50</load_address>
         <readonly>true</readonly>
         <executable>true</executable>
         <run_address>0x3b50</run_address>
         <size>0x22</size>
         <alignment>0x2</alignment>
         <input_file_ref idref="fl-3f"/>
      </object_component>
      <object_component id="oc-2ad">
         <name>.text.__ashldi3</name>
         <load_address>0x3b74</load_address>
         <readonly>true</readonly>
         <executable>true</executable>
         <run_address>0x3b74</run_address>
         <size>0x1e</size>
         <alignment>0x4</alignment>
         <input_file_ref idref="fl-10e"/>
      </object_component>
      <object_component id="oc-13a">
         <name>.text.SYSCFG_DL_SYSTICK_init</name>
         <load_address>0x3b94</load_address>
         <readonly>true</readonly>
         <executable>true</executable>
         <run_address>0x3b94</run_address>
         <size>0x1c</size>
         <alignment>0x4</alignment>
         <input_file_ref idref="fl-2"/>
      </object_component>
      <object_component id="oc-90">
         <name>.text.USART_Init</name>
         <load_address>0x3bb0</load_address>
         <readonly>true</readonly>
         <executable>true</executable>
         <run_address>0x3bb0</run_address>
         <size>0x1c</size>
         <alignment>0x4</alignment>
         <input_file_ref idref="fl-9"/>
      </object_component>
      <object_component id="oc-20f">
         <name>.text.free_list_remove</name>
         <load_address>0x3bcc</load_address>
         <readonly>true</readonly>
         <executable>true</executable>
         <run_address>0x3bcc</run_address>
         <size>0x1c</size>
         <alignment>0x4</alignment>
         <input_file_ref idref="fl-40"/>
      </object_component>
      <object_component id="oc-198">
         <name>.text.SYSCFG_DL_DMA_CH0_init</name>
         <load_address>0x3be8</load_address>
         <readonly>true</readonly>
         <executable>true</executable>
         <run_address>0x3be8</run_address>
         <size>0x18</size>
         <alignment>0x4</alignment>
         <input_file_ref idref="fl-2"/>
      </object_component>
      <object_component id="oc-159">
         <name>.text._outs</name>
         <load_address>0x3c00</load_address>
         <readonly>true</readonly>
         <executable>true</executable>
         <run_address>0x3c00</run_address>
         <size>0x18</size>
         <alignment>0x2</alignment>
         <input_file_ref idref="fl-31"/>
      </object_component>
      <object_component id="oc-51">
         <name>.text:decompress:ZI:__TI_zero_init_nomemset</name>
         <load_address>0x3c18</load_address>
         <readonly>true</readonly>
         <executable>true</executable>
         <run_address>0x3c18</run_address>
         <size>0x16</size>
         <alignment>0x2</alignment>
         <input_file_ref idref="fl-48"/>
      </object_component>
      <object_component id="oc-1fc">
         <name>.text.__aeabi_uldivmod</name>
         <load_address>0x3c30</load_address>
         <readonly>true</readonly>
         <executable>true</executable>
         <run_address>0x3c30</run_address>
         <size>0x14</size>
         <alignment>0x4</alignment>
         <input_file_ref idref="fl-10b"/>
      </object_component>
      <object_component id="oc-268">
         <name>.text.strchr</name>
         <load_address>0x3c44</load_address>
         <readonly>true</readonly>
         <executable>true</executable>
         <run_address>0x3c44</run_address>
         <size>0x14</size>
         <alignment>0x2</alignment>
         <input_file_ref idref="fl-30"/>
      </object_component>
      <object_component id="oc-18d">
         <name>.text.DL_UART_setClockConfig</name>
         <load_address>0x3c58</load_address>
         <readonly>true</readonly>
         <executable>true</executable>
         <run_address>0x3c58</run_address>
         <size>0x12</size>
         <alignment>0x2</alignment>
         <input_file_ref idref="fl-1a"/>
      </object_component>
      <object_component id="oc-20">
         <name>.text:decompress:none</name>
         <load_address>0x3c6a</load_address>
         <readonly>true</readonly>
         <executable>true</executable>
         <run_address>0x3c6a</run_address>
         <size>0x12</size>
         <alignment>0x2</alignment>
         <input_file_ref idref="fl-49"/>
      </object_component>
      <object_component id="oc-1ee">
         <name>.text.wcslen</name>
         <load_address>0x3c7c</load_address>
         <readonly>true</readonly>
         <executable>true</executable>
         <run_address>0x3c7c</run_address>
         <size>0x10</size>
         <alignment>0x2</alignment>
         <input_file_ref idref="fl-35"/>
      </object_component>
      <object_component id="oc-210">
         <name>.text.OUTLINED_FUNCTION_0</name>
         <load_address>0x3c8c</load_address>
         <readonly>true</readonly>
         <executable>true</executable>
         <run_address>0x3c8c</run_address>
         <size>0xe</size>
         <alignment>0x2</alignment>
         <input_file_ref idref="fl-40"/>
      </object_component>
      <object_component id="oc-1de">
         <name>.text.__aeabi_memset</name>
         <load_address>0x3c9c</load_address>
         <readonly>true</readonly>
         <executable>true</executable>
         <run_address>0x3c9c</run_address>
         <size>0xe</size>
         <alignment>0x4</alignment>
         <input_file_ref idref="fl-109"/>
      </object_component>
      <object_component id="oc-2a5">
         <name>.text.strcpy</name>
         <load_address>0x3caa</load_address>
         <readonly>true</readonly>
         <executable>true</executable>
         <run_address>0x3caa</run_address>
         <size>0xe</size>
         <alignment>0x2</alignment>
         <input_file_ref idref="fl-f3"/>
      </object_component>
      <object_component id="oc-1dd">
         <name>.text.strlen</name>
         <load_address>0x3cb8</load_address>
         <readonly>true</readonly>
         <executable>true</executable>
         <run_address>0x3cb8</run_address>
         <size>0xe</size>
         <alignment>0x2</alignment>
         <input_file_ref idref="fl-30"/>
      </object_component>
      <object_component id="oc-2a6">
         <name>.text.strlen</name>
         <load_address>0x3cc6</load_address>
         <readonly>true</readonly>
         <executable>true</executable>
         <run_address>0x3cc6</run_address>
         <size>0xe</size>
         <alignment>0x2</alignment>
         <input_file_ref idref="fl-f3"/>
      </object_component>
      <object_component id="oc-1cf">
         <name>.text.malloc</name>
         <load_address>0x3cd4</load_address>
         <readonly>true</readonly>
         <executable>true</executable>
         <run_address>0x3cd4</run_address>
         <size>0xc</size>
         <alignment>0x2</alignment>
         <input_file_ref idref="fl-40"/>
      </object_component>
      <object_component id="oc-187">
         <name>.text.DL_Common_delayCycles</name>
         <load_address>0x3ce0</load_address>
         <readonly>true</readonly>
         <executable>true</executable>
         <run_address>0x3ce0</run_address>
         <size>0xa</size>
         <alignment>0x2</alignment>
         <input_file_ref idref="fl-17"/>
      </object_component>
      <object_component id="oc-267">
         <name>.text.OUTLINED_FUNCTION_0</name>
         <load_address>0x3cea</load_address>
         <readonly>true</readonly>
         <executable>true</executable>
         <run_address>0x3cea</run_address>
         <size>0xa</size>
         <alignment>0x2</alignment>
         <input_file_ref idref="fl-30"/>
      </object_component>
      <object_component id="oc-32b">
         <name>.tramp.__aeabi_dsub.1</name>
         <load_address>0x3cf4</load_address>
         <readonly>true</readonly>
         <executable>true</executable>
         <run_address>0x3cf4</run_address>
         <size>0x10</size>
         <alignment>0x4</alignment>
         <input_file_ref idref="fl-f8"/>
      </object_component>
      <object_component id="oc-279">
         <name>.text.OUTLINED_FUNCTION_1</name>
         <load_address>0x3d04</load_address>
         <readonly>true</readonly>
         <executable>true</executable>
         <run_address>0x3d04</run_address>
         <size>0xa</size>
         <alignment>0x2</alignment>
         <input_file_ref idref="fl-30"/>
      </object_component>
      <object_component id="oc-15a">
         <name>.text._outc</name>
         <load_address>0x3d0e</load_address>
         <readonly>true</readonly>
         <executable>true</executable>
         <run_address>0x3d0e</run_address>
         <size>0xa</size>
         <alignment>0x2</alignment>
         <input_file_ref idref="fl-31"/>
      </object_component>
      <object_component id="oc-1f2">
         <name>.text.__aeabi_errno_addr</name>
         <load_address>0x3d18</load_address>
         <readonly>true</readonly>
         <executable>true</executable>
         <run_address>0x3d18</run_address>
         <size>0x8</size>
         <alignment>0x4</alignment>
         <input_file_ref idref="fl-38"/>
      </object_component>
      <object_component id="oc-4a">
         <name>.text.__aeabi_memcpy</name>
         <load_address>0x3d20</load_address>
         <readonly>true</readonly>
         <executable>true</executable>
         <run_address>0x3d20</run_address>
         <size>0x8</size>
         <alignment>0x4</alignment>
         <input_file_ref idref="fl-108"/>
      </object_component>
      <object_component id="oc-199">
         <name>.text.fseek</name>
         <load_address>0x3d28</load_address>
         <readonly>true</readonly>
         <executable>true</executable>
         <run_address>0x3d28</run_address>
         <size>0x8</size>
         <alignment>0x2</alignment>
         <input_file_ref idref="fl-4d"/>
      </object_component>
      <object_component id="oc-284">
         <name>.text.remove</name>
         <load_address>0x3d30</load_address>
         <readonly>true</readonly>
         <executable>true</executable>
         <run_address>0x3d30</run_address>
         <size>0x8</size>
         <alignment>0x2</alignment>
         <input_file_ref idref="fl-ea"/>
      </object_component>
      <object_component id="oc-2f">
         <name>.text.Reset_Handler</name>
         <load_address>0x3d38</load_address>
         <readonly>true</readonly>
         <executable>true</executable>
         <run_address>0x3d38</run_address>
         <size>0x4</size>
         <alignment>0x2</alignment>
         <input_file_ref idref="fl-3"/>
      </object_component>
      <object_component id="oc-74">
         <name>.text._system_pre_init</name>
         <load_address>0x3d3c</load_address>
         <readonly>true</readonly>
         <executable>true</executable>
         <run_address>0x3d3c</run_address>
         <size>0x4</size>
         <alignment>0x2</alignment>
         <input_file_ref idref="fl-46"/>
      </object_component>
      <object_component id="oc-ad">
         <name>.text:abort</name>
         <load_address>0x3d40</load_address>
         <readonly>true</readonly>
         <executable>true</executable>
         <run_address>0x3d40</run_address>
         <size>0x4</size>
         <alignment>0x2</alignment>
         <input_file_ref idref="fl-39"/>
      </object_component>
      <object_component id="oc-326">
         <name>.cinit..data.load</name>
         <load_address>0x3f40</load_address>
         <readonly>true</readonly>
         <run_address>0x3f40</run_address>
         <size>0x67</size>
         <alignment>0x1</alignment>
      </object_component>
      <object_component id="oc-324">
         <name>__TI_handler_table</name>
         <load_address>0x3fa8</load_address>
         <readonly>true</readonly>
         <run_address>0x3fa8</run_address>
         <size>0xc</size>
         <alignment>0x4</alignment>
      </object_component>
      <object_component id="oc-327">
         <name>.cinit..bss.load</name>
         <load_address>0x3fb4</load_address>
         <readonly>true</readonly>
         <run_address>0x3fb4</run_address>
         <size>0x8</size>
         <alignment>0x4</alignment>
      </object_component>
      <object_component id="oc-325">
         <name>__TI_cinit_table</name>
         <load_address>0x3fbc</load_address>
         <readonly>true</readonly>
         <run_address>0x3fbc</run_address>
         <size>0x10</size>
         <alignment>0x4</alignment>
      </object_component>
      <object_component id="oc-246">
         <name>.rodata:__aeabi_ctype_table_</name>
         <load_address>0x3d50</load_address>
         <readonly>true</readonly>
         <run_address>0x3d50</run_address>
         <size>0x101</size>
         <alignment>0x10</alignment>
         <input_file_ref idref="fl-4e"/>
[...]
         <value>0x20200800</value>
         <object_component_ref idref="oc-d3"/>
      </symbol>
      <symbol id="sm-252">
         <name>__TI_ft_end</name>
         <value>0x20200a44</value>
         <object_component_ref idref="oc-21c"/>
      </symbol>
      <symbol id="sm-253">
         <name>__TI_tmpnams</name>
         <value>0x20200b84</value>
         <object_component_ref idref="oc-288"/>
      </symbol>
      <symbol id="sm-25c">
         <name>memccpy</name>
         <value>0x3b51</value>
         <object_component_ref idref="oc-1df"/>
      </symbol>
      <symbol id="sm-27f">
         <name>malloc</name>
         <value>0x3cd5</value>
         <object_component_ref idref="oc-1cf"/>
      </symbol>
      <symbol id="sm-280">
         <name>aligned_alloc</name>
         <value>0x1871</value>
         <object_component_ref idref="oc-215"/>
      </symbol>
      <symbol id="sm-281">
         <name>free</name>
         <value>0x1c7d</value>
         <object_component_ref idref="oc-1c9"/>
      </symbol>
      <symbol id="sm-282">
         <name>_sys_memory</name>
         <value>0x20200000</value>
         <object_component_ref idref="oc-212"/>
      </symbol>
      <symbol id="sm-283">
         <name>memalign</name>
         <value>0x1871</value>
         <object_component_ref idref="oc-215"/>
      </symbol>
      <symbol id="sm-290">
         <name>_c_int00_noargs</name>
         <value>0x3a95</value>
         <object_component_ref idref="oc-5a"/>
      </symbol>
      <symbol id="sm-291">
         <name>__stack</name>
         <value>0x20207e00</value>
         <object_component_ref idref="oc-1a"/>
      </symbol>
      <symbol id="sm-29d">
         <name>__TI_auto_init_nobinit_nopinit</name>
         <value>0x3711</value>
         <object_component_ref idref="oc-b4"/>
      </symbol>
      <symbol id="sm-2a5">
         <name>_system_pre_init</name>
         <value>0x3d3d</value>
         <object_component_ref idref="oc-74"/>
      </symbol>
      <symbol id="sm-2b0">
         <name>__TI_zero_init_nomemset</name>
         <value>0x3c19</value>
         <object_component_ref idref="oc-51"/>
      </symbol>
      <symbol id="sm-2b9">
         <name>__TI_decompress_none</name>
         <value>0x3c6b</value>
         <object_component_ref idref="oc-20"/>
      </symbol>
      <symbol id="sm-2c4">
         <name>__TI_decompress_lzss</name>
         <value>0x2639</value>
         <object_component_ref idref="oc-1c"/>
      </symbol>
      <symbol id="sm-2ce">
         <name>__TI_doflush</name>
         <value>0x30dd</value>
         <object_component_ref idref="oc-147"/>
      </symbol>
      <symbol id="sm-2d9">
         <name>__TI_cleanup</name>
         <value>0x3869</value>
         <object_component_ref idref="oc-1d0"/>
      </symbol>
      <symbol id="sm-2e6">
         <name>fseek</name>
         <value>0x3d29</value>
         <object_component_ref idref="oc-199"/>
      </symbol>
      <symbol id="sm-2e7">
         <name>fseeko</name>
         <value>0x28ed</value>
         <object_component_ref idref="oc-1c6"/>
      </symbol>
      <symbol id="sm-2e8">
         <name>__aeabi_ctype_table_</name>
         <value>0x3d50</value>
         <object_component_ref idref="oc-246"/>
      </symbol>
      <symbol id="sm-2e9">
         <name>__aeabi_ctype_table_C</name>
         <value>0x3d50</value>
         <object_component_ref idref="oc-246"/>
      </symbol>
      <symbol id="sm-2f7">
         <name>__TI_closefile</name>
         <value>0x25bd</value>
         <object_component_ref idref="oc-216"/>
      </symbol>
      <symbol id="sm-301">
         <name>write</name>
         <value>0x3a6d</value>
         <object_component_ref idref="oc-143"/>
      </symbol>
      <symbol id="sm-306">
         <name>_device</name>
         <value>0x20200970</value>
         <object_component_ref idref="oc-1d9"/>
      </symbol>
      <symbol id="sm-307">
         <name>_stream</name>
         <value>0x202009e8</value>
         <object_component_ref idref="oc-1a5"/>
      </symbol>
      <symbol id="sm-310">
         <name>remove</name>
         <value>0x3d31</value>
         <object_component_ref idref="oc-284"/>
      </symbol>
      <symbol id="sm-31b">
         <name>lseek</name>
         <value>0x3a45</value>
         <object_component_ref idref="oc-20b"/>
      </symbol>
      <symbol id="sm-325">
         <name>close</name>
         <value>0x3181</value>
         <object_component_ref idref="oc-280"/>
      </symbol>
      <symbol id="sm-32f">
         <name>unlink</name>
         <value>0x39c9</value>
         <object_component_ref idref="oc-2c6"/>
      </symbol>
      <symbol id="sm-339">
         <name>HOSTclose</name>
         <value>0x32fd</value>
         <object_component_ref idref="oc-223"/>
      </symbol>
      <symbol id="sm-343">
         <name>HOSTlseek</name>
         <value>0x2815</value>
         <object_component_ref idref="oc-22f"/>
      </symbol>
      <symbol id="sm-34d">
         <name>HOSTopen</name>
         <value>0x2db5</value>
         <object_component_ref idref="oc-21f"/>
      </symbol>
      <symbol id="sm-34e">
         <name>parmbuf</name>
         <value>0x20200c56</value>
         <object_component_ref idref="oc-292"/>
      </symbol>
      <symbol id="sm-358">
         <name>HOSTread</name>
         <value>0x2ed1</value>
         <object_component_ref idref="oc-227"/>
      </symbol>
      <symbol id="sm-369">
         <name>HOSTrename</name>
         <value>0x2881</value>
         <object_component_ref idref="oc-237"/>
      </symbol>
      <symbol id="sm-373">
         <name>HOSTunlink</name>
         <value>0x3345</value>
         <object_component_ref idref="oc-233"/>
      </symbol>
      <symbol id="sm-37d">
         <name>HOSTwrite</name>
         <value>0x2f29</value>
         <object_component_ref idref="oc-22b"/>
      </symbol>
      <symbol id="sm-38b">
         <name>C$$IO$$</name>
         <value>0x38fd</value>
         <object_component_ref idref="oc-28b"/>
      </symbol>
      <symbol id="sm-38c">
         <name>__TI_writemsg</name>
         <value>0x38d1</value>
         <object_component_ref idref="oc-28b"/>
      </symbol>
      <symbol id="sm-38d">
         <name>__CIOBUF_</name>
         <value>0x20200a64</value>
         <object_component_ref idref="oc-2cd"/>
      </symbol>
      <symbol id="sm-38e">
         <name>__TI_readmsg</name>
         <value>0x389d</value>
         <object_component_ref idref="oc-291"/>
      </symbol>
      <symbol id="sm-38f">
         <name>_CIOBUF_</name>
         <value>0x20200a64</value>
         <object_component_ref idref="oc-2cd"/>
      </symbol>
      <symbol id="sm-395">
         <name>__aeabi_fadd</name>
         <value>0x20ef</value>
         <object_component_ref idref="oc-f9"/>
      </symbol>
      <symbol id="sm-396">
         <name>__addsf3</name>
         <value>0x20ef</value>
         <object_component_ref idref="oc-f9"/>
      </symbol>
      <symbol id="sm-397">
         <name>__aeabi_fsub</name>
         <value>0x20e5</value>
         <object_component_ref idref="oc-f9"/>
      </symbol>
      <symbol id="sm-398">
         <name>__subsf3</name>
         <value>0x20e5</value>
         <object_component_ref idref="oc-f9"/>
      </symbol>
      <symbol id="sm-39e">
         <name>__aeabi_dadd</name>
         <value>0x136b</value>
         <object_component_ref idref="oc-109"/>
      </symbol>
      <symbol id="sm-39f">
         <name>__adddf3</name>
         <value>0x136b</value>
         <object_component_ref idref="oc-109"/>
      </symbol>
      <symbol id="sm-3a0">
         <name>__aeabi_dsub</name>
         <value>0x1361</value>
         <object_component_ref idref="oc-109"/>
      </symbol>
      <symbol id="sm-3a1">
         <name>__subdf3</name>
         <value>0x1361</value>
         <object_component_ref idref="oc-109"/>
      </symbol>
      <symbol id="sm-3aa">
         <name>__aeabi_dmul</name>
         <value>0x1e49</value>
         <object_component_ref idref="oc-105"/>
      </symbol>
      <symbol id="sm-3ab">
         <name>__muldf3</name>
         <value>0x1e49</value>
         <object_component_ref idref="oc-105"/>
      </symbol>
      <symbol id="sm-3b1">
         <name>__muldsi3</name>
         <value>0x3789</value>
         <object_component_ref idref="oc-16d"/>
      </symbol>
      <symbol id="sm-3b7">
         <name>__aeabi_fmul</name>
         <value>0x2419</value>
         <object_component_ref idref="oc-179"/>
      </symbol>
      <symbol id="sm-3b8">
         <name>__mulsf3</name>
         <value>0x2419</value>
         <object_component_ref idref="oc-179"/>
      </symbol>
      <symbol id="sm-3be">
         <name>__aeabi_fdiv</name>
         <value>0x2539</value>
         <object_component_ref idref="oc-175"/>
      </symbol>
      <symbol id="sm-3bf">
         <name>__divsf3</name>
         <value>0x2539</value>
         <object_component_ref idref="oc-175"/>
      </symbol>
      <symbol id="sm-3c5">
         <name>__aeabi_ddiv</name>
         <value>0x1985</value>
         <object_component_ref idref="oc-274"/>
      </symbol>
      <symbol id="sm-3c6">
         <name>__divdf3</name>
         <value>0x1985</value>
         <object_component_ref idref="oc-274"/>
      </symbol>
      <symbol id="sm-3cc">
         <name>__aeabi_f2d</name>
         <value>0x349d</value>
         <object_component_ref idref="oc-e5"/>
      </symbol>
      <symbol id="sm-3cd">
         <name>__extendsfdf2</name>
         <value>0x349d</value>
         <object_component_ref idref="oc-e5"/>
      </symbol>
      <symbol id="sm-3d3">
         <name>__aeabi_d2iz</name>
         <value>0x3269</value>
         <object_component_ref idref="oc-25f"/>
      </symbol>
      <symbol id="sm-3d4">
         <name>__fixdfsi</name>
         <value>0x3269</value>
         <object_component_ref idref="oc-25f"/>
      </symbol>
      <symbol id="sm-3da">
         <name>__aeabi_f2iz</name>
         <value>0x37c5</value>
         <object_component_ref idref="oc-111"/>
      </symbol>
      <symbol id="sm-3db">
         <name>__fixsfsi</name>
         <value>0x37c5</value>
         <object_component_ref idref="oc-111"/>
      </symbol>
      <symbol id="sm-3e1">
         <name>__aeabi_i2d</name>
         <value>0x399d</value>
         <object_component_ref idref="oc-101"/>
      </symbol>
      <symbol id="sm-3e2">
         <name>__floatsidf</name>
         <value>0x399d</value>
         <object_component_ref idref="oc-101"/>
      </symbol>
      <symbol id="sm-3e8">
         <name>__aeabi_i2f</name>
         <value>0x3699</value>
         <object_component_ref idref="oc-f5"/>
      </symbol>
      <symbol id="sm-3e9">
         <name>__floatsisf</name>
         <value>0x3699</value>
         <object_component_ref idref="oc-f5"/>
      </symbol>
      <symbol id="sm-3ef">
         <name>__aeabi_lmul</name>
         <value>0x3b09</value>
         <object_component_ref idref="oc-1f7"/>
      </symbol>
      <symbol id="sm-3f0">
         <name>__muldi3</name>
         <value>0x3b09</value>
         <object_component_ref idref="oc-1f7"/>
      </symbol>
      <symbol id="sm-3f7">
         <name>__aeabi_d2f</name>
         <value>0x2731</value>
         <object_component_ref idref="oc-10d"/>
      </symbol>
      <symbol id="sm-3f8">
         <name>__truncdfsf2</name>
         <value>0x2731</value>
         <object_component_ref idref="oc-10d"/>
      </symbol>
      <symbol id="sm-3fe">
         <name>__aeabi_dcmpeq</name>
         <value>0x2c8d</value>
         <object_component_ref idref="oc-201"/>
      </symbol>
      <symbol id="sm-3ff">
         <name>__aeabi_dcmplt</name>
         <value>0x2ca1</value>
         <object_component_ref idref="oc-201"/>
      </symbol>
      <symbol id="sm-400">
         <name>__aeabi_dcmple</name>
         <value>0x2cb5</value>
         <object_component_ref idref="oc-201"/>
      </symbol>
      <symbol id="sm-401">
         <name>__aeabi_dcmpge</name>
         <value>0x2cc9</value>
         <object_component_ref idref="oc-201"/>
      </symbol>
      <symbol id="sm-402">
         <name>__aeabi_dcmpgt</name>
         <value>0x2cdd</value>
         <object_component_ref idref="oc-201"/>
      </symbol>
      <symbol id="sm-408">
         <name>__aeabi_fcmpeq</name>
         <value>0x2cf1</value>
         <object_component_ref idref="oc-fd"/>
      </symbol>
      <symbol id="sm-409">
         <name>__aeabi_fcmplt</name>
         <value>0x2d05</value>
         <object_component_ref idref="oc-fd"/>
      </symbol>
      <symbol id="sm-40a">
         <name>__aeabi_fcmple</name>
         <value>0x2d19</value>
         <object_component_ref idref="oc-fd"/>
      </symbol>
      <symbol id="sm-40b">
         <name>__aeabi_fcmpge</name>
         <value>0x2d2d</value>
         <object_component_ref idref="oc-fd"/>
      </symbol>
      <symbol id="sm-40c">
         <name>__aeabi_fcmpgt</name>
         <value>0x2d41</value>
         <object_component_ref idref="oc-fd"/>
      </symbol>
      <symbol id="sm-412">
         <name>__aeabi_idiv</name>
         <value>0x3031</value>
         <object_component_ref idref="oc-2b9"/>
      </symbol>
      <symbol id="sm-413">
         <name>__aeabi_idivmod</name>
         <value>0x3031</value>
         <object_component_ref idref="oc-2b9"/>
      </symbol>
      <symbol id="sm-419">
         <name>__aeabi_memcpy</name>
         <value>0x3d21</value>
         <object_component_ref idref="oc-4a"/>
      </symbol>
      <symbol id="sm-41a">
         <name>__aeabi_memcpy4</name>
         <value>0x3d21</value>
         <object_component_ref idref="oc-4a"/>
      </symbol>
      <symbol id="sm-41b">
         <name>__aeabi_memcpy8</name>
         <value>0x3d21</value>
         <object_component_ref idref="oc-4a"/>
      </symbol>
      <symbol id="sm-424">
         <name>__aeabi_memset</name>
         <value>0x3c9d</value>
         <object_component_ref idref="oc-1de"/>
      </symbol>
      <symbol id="sm-425">
         <name>__aeabi_memset4</name>
         <value>0x3c9d</value>
         <object_component_ref idref="oc-1de"/>
      </symbol>
      <symbol id="sm-426">
         <name>__aeabi_memset8</name>
         <value>0x3c9d</value>
         <object_component_ref idref="oc-1de"/>
      </symbol>
      <symbol id="sm-427">
         <name>__aeabi_memclr</name>
         <value>0x24a5</value>
         <object_component_ref idref="oc-6f"/>
      </symbol>
      <symbol id="sm-428">
         <name>__aeabi_memclr4</name>
         <value>0x24a5</value>
         <object_component_ref idref="oc-6f"/>
      </symbol>
      <symbol id="sm-429">
         <name>__aeabi_memclr8</name>
         <value>0x24a5</value>
         <object_component_ref idref="oc-6f"/>
      </symbol>
      <symbol id="sm-42f">
         <name>__aeabi_uidiv</name>
         <value>0x345d</value>
         <object_component_ref idref="oc-1e4"/>
      </symbol>
      <symbol id="sm-430">
         <name>__aeabi_uidivmod</name>
         <value>0x345d</value>
         <object_component_ref idref="oc-1e4"/>
      </symbol>
      <symbol id="sm-436">
         <name>__aeabi_uldivmod</name>
         <value>0x3c31</value>
         <object_component_ref idref="oc-1fc"/>
      </symbol>
      <symbol id="sm-43f">
         <name>__eqsf2</name>
         <value>0x374d</value>
         <object_component_ref idref="oc-165"/>
      </symbol>
      <symbol id="sm-440">
         <name>__lesf2</name>
         <value>0x374d</value>
         <object_component_ref idref="oc-165"/>
      </symbol>
      <symbol id="sm-441">
         <name>__ltsf2</name>
         <value>0x374d</value>
         <object_component_ref idref="oc-165"/>
      </symbol>
      <symbol id="sm-442">
         <name>__nesf2</name>
         <value>0x374d</value>
         <object_component_ref idref="oc-165"/>
      </symbol>
      <symbol id="sm-443">
         <name>__cmpsf2</name>
         <value>0x374d</value>
         <object_component_ref idref="oc-165"/>
      </symbol>
      <symbol id="sm-444">
         <name>__gtsf2</name>
         <value>0x36d5</value>
         <object_component_ref idref="oc-16a"/>
      </symbol>
      <symbol id="sm-445">
         <name>__gesf2</name>
         <value>0x36d5</value>
         <object_component_ref idref="oc-16a"/>
      </symbol>
      <symbol id="sm-44b">
         <name>__udivmoddi4</name>
         <value>0x21bd</value>
         <object_component_ref idref="oc-252"/>
      </symbol>
      <symbol id="sm-451">
         <name>__aeabi_llsl</name>
         <value>0x3b75</value>
         <object_component_ref idref="oc-2ad"/>
      </symbol>
      <symbol id="sm-452">
         <name>__ashldi3</name>
         <value>0x3b75</value>
         <object_component_ref idref="oc-2ad"/>
      </symbol>
      <symbol id="sm-460">
         <name>__ledf2</name>
         <value>0x29c5</value>
         <object_component_ref idref="oc-26c"/>
      </symbol>
      <symbol id="sm-461">
         <name>__gedf2</name>
         <value>0x26b5</value>
         <object_component_ref idref="oc-272"/>
      </symbol>
      <symbol id="sm-462">
         <name>__cmpdf2</name>
         <value>0x29c5</value>
         <object_component_ref idref="oc-26c"/>
      </symbol>
      <symbol id="sm-463">
         <name>__eqdf2</name>
         <value>0x29c5</value>
         <object_component_ref idref="oc-26c"/>
      </symbol>
      <symbol id="sm-464">
         <name>__ltdf2</name>
         <value>0x29c5</value>
         <object_component_ref idref="oc-26c"/>
      </symbol>
      <symbol id="sm-465">
         <name>__nedf2</name>
         <value>0x29c5</value>
         <object_component_ref idref="oc-26c"/>
      </symbol>
      <symbol id="sm-466">
         <name>__gtdf2</name>
         <value>0x26b5</value>
         <object_component_ref idref="oc-272"/>
      </symbol>
      <symbol id="sm-472">
         <name>__aeabi_idiv0</name>
         <value>0x25bb</value>
         <object_component_ref idref="oc-240"/>
      </symbol>
      <symbol id="sm-473">
         <name>__aeabi_ldiv0</name>
         <value>0x2afb</value>
         <object_component_ref idref="oc-2ac"/>
      </symbol>
      <symbol id="sm-481">
         <name>finddevice</name>
         <value>0x3939</value>
         <object_component_ref idref="oc-2db"/>
      </symbol>
      <symbol id="sm-482">
         <name>getdevice</name>
         <value>0x2959</value>
         <object_component_ref idref="oc-2d2"/>
      </symbol>
      <symbol id="sm-49b">
         <name>memcpy</name>
         <value>0x225f</value>
         <object_component_ref idref="oc-8b"/>
      </symbol>
      <symbol id="sm-4aa">
         <name>memset</name>
         <value>0x2d53</value>
         <object_component_ref idref="oc-cc"/>
      </symbol>
      <symbol id="sm-4b2">
         <name>strcmp</name>
         <value>0x24b1</value>
         <object_component_ref idref="oc-2de"/>
      </symbol>
      <symbol id="sm-4b3">
         <name>__TI_static_base__</name>
         <value>0x0</value>
      </symbol>
      <symbol id="sm-4b7">
         <name>__mpu_init</name>
         <value>0x0</value>
      </symbol>
      <symbol id="sm-4b8">
         <name>_system_post_cinit</name>
         <value>0x0</value>
      </symbol>
   </symbol_table>
   <title>Link successful</title>
</link_info>
