Component: ARM Compiler 6.11 Tool: armlink [5d3b3900]

==============================================================================

Section Cross References

    startup_stm32h743xx.o(RESET) refers to startup_stm32h743xx.o(STACK) for __initial_sp
    startup_stm32h743xx.o(RESET) refers to startup_stm32h743xx.o(.text) for Reset_Handler
    startup_stm32h743xx.o(RESET) refers to stm32h7xx_it.o(.text.NMI_Handler) for NMI_Handler
    startup_stm32h743xx.o(RESET) refers to stm32h7xx_it.o(.text.HardFault_Handler) for HardFault_Handler
    startup_stm32h743xx.o(RESET) refers to stm32h7xx_it.o(.text.MemManage_Handler) for MemManage_Handler
    startup_stm32h743xx.o(RESET) refers to stm32h7xx_it.o(.text.BusFault_Handler) for BusFault_Handler
    startup_stm32h743xx.o(RESET) refers to stm32h7xx_it.o(.text.UsageFault_Handler) for UsageFault_Handler
    startup_stm32h743xx.o(RESET) refers to stm32h7xx_it.o(.text.SVC_Handler) for SVC_Handler
    startup_stm32h743xx.o(RESET) refers to stm32h7xx_it.o(.text.DebugMon_Handler) for DebugMon_Handler
    startup_stm32h743xx.o(RESET) refers to stm32h7xx_it.o(.text.PendSV_Handler) for PendSV_Handler
    startup_stm32h743xx.o(RESET) refers to stm32h7xx_it.o(.text.SysTick_Handler) for SysTick_Handler
    startup_stm32h743xx.o(RESET) refers to stm32h7xx_it.o(.text.USART2_IRQHandler) for USART2_IRQHandler
    startup_stm32h743xx.o(RESET) refers to stm32h7xx_it.o(.text.TIM8_UP_TIM13_IRQHandler) for TIM8_UP_TIM13_IRQHandler
    startup_stm32h743xx.o(RESET) refers to stm32h7xx_it.o(.text.TIM7_IRQHandler) for TIM7_IRQHandler
    startup_stm32h743xx.o(.text) refers to system_stm32h7xx.o(.text.SystemInit) for SystemInit
    startup_stm32h743xx.o(.text) refers to entry.o(.ARM.Collect$$$$00000000) for __main
    main.o(.text.main) refers to stm32h7xx_hal.o(.text.HAL_Init) for HAL_Init
    main.o(.text.main) refers to main.o(.text.MPU_Config) for MPU_Config
    main.o(.text.main) refers to main.o(.text.SystemClock_Config) for SystemClock_Config
    main.o(.text.main) refers to gpio.o(.text.MX_GPIO_Init) for MX_GPIO_Init
    main.o(.text.main) refers to tim.o(.text.MX_TIM7_Init) for MX_TIM7_Init
    main.o(.text.main) refers to usart.o(.text.MX_USART1_UART_Init) for MX_USART1_UART_Init
    main.o(.text.main) refers to tim.o(.text.MX_TIM1_Init) for MX_TIM1_Init
    main.o(.text.main) refers to tim.o(.text.MX_TIM3_Init) for MX_TIM3_Init
    main.o(.text.main) refers to tim.o(.text.MX_TIM13_Init) for MX_TIM13_Init
    main.o(.text.main) refers to i2c.o(.text.MX_I2C1_Init) for MX_I2C1_Init
    main.o(.text.main) refers to tim.o(.text.MX_TIM5_Init) for MX_TIM5_Init
    main.o(.text.main) refers to usart.o(.text.MX_USART2_UART_Init) for MX_USART2_UART_Init
    main.o(.text.main) refers to initialize.o(.text.MEInit) for MEInit
    main.o(.text.main) refers to usart.o(.bss.huart2) for huart2
    main.o(.text.main) refers to wit_c_sdk.o(.text.JY61P_Init) for JY61P_Init
    main.o(.text.main) refers to initialize.o(.text.UpdateData_Car) for UpdateData_Car
    main.o(.text.main) refers to main.o(.bss.Digtal) for Digtal
    main.o(.text.main) refers to ganwei_i2c.o(.text.IIC_Get_Digtal) for IIC_Get_Digtal
    main.o(.text.main) refers to tracking.o(.text.lineWalking_low) for lineWalking_low
    main.o(.ARM.exidx.text.main) refers to main.o(.text.main) for [Anonymous Symbol]
    main.o(.text.MPU_Config) refers to stm32h7xx_hal_cortex.o(.text.HAL_MPU_Disable) for HAL_MPU_Disable
    main.o(.text.MPU_Config) refers to stm32h7xx_hal_cortex.o(.text.HAL_MPU_ConfigRegion) for HAL_MPU_ConfigRegion
    main.o(.text.MPU_Config) refers to stm32h7xx_hal_cortex.o(.text.HAL_MPU_Enable) for HAL_MPU_Enable
    main.o(.ARM.exidx.text.MPU_Config) refers to main.o(.text.MPU_Config) for [Anonymous Symbol]
    main.o(.text.SystemClock_Config) refers to memseta.o(.text) for __aeabi_memclr4
    main.o(.text.SystemClock_Config) refers to stm32h7xx_hal_pwr_ex.o(.text.HAL_PWREx_ConfigSupply) for HAL_PWREx_ConfigSupply
    main.o(.text.SystemClock_Config) refers to stm32h7xx_hal_rcc.o(.text.HAL_RCC_OscConfig) for HAL_RCC_OscConfig
    main.o(.text.SystemClock_Config) refers to main.o(.text.Error_Handler) for Error_Handler
    main.o(.text.SystemClock_Config) refers to stm32h7xx_hal_rcc.o(.text.HAL_RCC_ClockConfig) for HAL_RCC_ClockConfig
    main.o(.ARM.exidx.text.SystemClock_Config) refers to main.o(.text.SystemClock_Config) for [Anonymous Symbol]
    main.o(.ARM.exidx.text.Error_Handler) refers to main.o(.text.Error_Handler) for [Anonymous Symbol]
    main.o(.ARM.exidx.text.HAL_TIM_PeriodElapsedCallback) refers to main.o(.text.HAL_TIM_PeriodElapsedCallback) for [Anonymous Symbol]
    main.o(.text.HAL_UART_RxCpltCallback) refers to wit_c_sdk.o(.text.IT_JY61P) for IT_JY61P
    main.o(.ARM.exidx.text.HAL_UART_RxCpltCallback) refers to main.o(.text.HAL_UART_RxCpltCallback) for [Anonymous Symbol]
[...]
    [Anonymous Symbol]                       0x08007dc8   Section        0  tim.o(.text.MX_TIM5_Init)
    [Anonymous Symbol]                       0x08007ed0   Section        0  tim.o(.text.MX_TIM7_Init)
    [Anonymous Symbol]                       0x08007f38   Section        0  usart.o(.text.MX_USART1_UART_Init)
    [Anonymous Symbol]                       0x08007fc8   Section        0  usart.o(.text.MX_USART2_UART_Init)
    [Anonymous Symbol]                       0x08008058   Section        0  stm32h7xx_it.o(.text.MemManage_Handler)
    [Anonymous Symbol]                       0x08008060   Section        0  tracking.o(.text.Motion_Car_Control)
    [Anonymous Symbol]                       0x08008200   Section        0  tb6612fng.o(.text.Motor_UI_Init)
    [Anonymous Symbol]                       0x08008370   Section        0  tb6612fng.o(.text.Motor_UI_Set)
    [Anonymous Symbol]                       0x08008508   Section        0  stm32h7xx_it.o(.text.NMI_Handler)
    NVIC_EncodePriority                      0x08008511   Thumb Code   128  stm32h7xx_hal_cortex.o(.text.NVIC_EncodePriority)
    [Anonymous Symbol]                       0x08008510   Section        0  stm32h7xx_hal_cortex.o(.text.NVIC_EncodePriority)
    [Anonymous Symbol]                       0x08008590   Section        0  tracking.o(.text.PID_IR_Calc_Custom)
    [Anonymous Symbol]                       0x080086f0   Section        0  stm32h7xx_it.o(.text.PendSV_Handler)
    RCCEx_PLL2_Config                        0x080086f9   Thumb Code   472  stm32h7xx_hal_rcc_ex.o(.text.RCCEx_PLL2_Config)
    [Anonymous Symbol]                       0x080086f8   Section        0  stm32h7xx_hal_rcc_ex.o(.text.RCCEx_PLL2_Config)
    RCCEx_PLL3_Config                        0x080088d1   Thumb Code   472  stm32h7xx_hal_rcc_ex.o(.text.RCCEx_PLL3_Config)
    [Anonymous Symbol]                       0x080088d0   Section        0  stm32h7xx_hal_rcc_ex.o(.text.RCCEx_PLL3_Config)
    [Anonymous Symbol]                       0x08008aa8   Section        0  initialize.o(.text.RMotorSet)
    [Anonymous Symbol]                       0x08008ad8   Section        0  initialize.o(.text.RSet)
    [Anonymous Symbol]                       0x08008b30   Section        0  hall_encoder.o(.text.ReloadTime)
    [Anonymous Symbol]                       0x08008b88   Section        0  stm32h7xx_it.o(.text.SVC_Handler)
    SysTick_Config                           0x08008b91   Thumb Code    90  stm32h7xx_hal_cortex.o(.text.SysTick_Config)
    [Anonymous Symbol]                       0x08008b90   Section        0  stm32h7xx_hal_cortex.o(.text.SysTick_Config)
    [Anonymous Symbol]                       0x08008bf0   Section        0  stm32h7xx_it.o(.text.SysTick_Handler)
    [Anonymous Symbol]                       0x08008bf8   Section        0  main.o(.text.SystemClock_Config)
    [Anonymous Symbol]                       0x08008d60   Section        0  system_stm32h7xx.o(.text.SystemInit)
    [Anonymous Symbol]                       0x08008ec0   Section        0  stm32h7xx_it.o(.text.TIM7_IRQHandler)
    [Anonymous Symbol]                       0x08008ed0   Section        0  stm32h7xx_it.o(.text.TIM8_UP_TIM13_IRQHandler)
    [Anonymous Symbol]                       0x08008ee0   Section        0  stm32h7xx_hal_tim.o(.text.TIM_Base_SetConfig)
    [Anonymous Symbol]                       0x080090a0   Section        0  stm32h7xx_hal_tim.o(.text.TIM_CCxChannelCmd)
    [Anonymous Symbol]                       0x080090f0   Section        0  stm32h7xx_hal_tim.o(.text.TIM_ETR_SetConfig)
    TIM_ITRx_SetConfig                       0x08009141   Thumb Code    56  stm32h7xx_hal_tim.o(.text.TIM_ITRx_SetConfig)
    [Anonymous Symbol]                       0x08009140   Section        0  stm32h7xx_hal_tim.o(.text.TIM_ITRx_SetConfig)
    TIM_OC1_SetConfig                        0x08009179   Thumb Code   344  stm32h7xx_hal_tim.o(.text.TIM_OC1_SetConfig)
    [Anonymous Symbol]                       0x08009178   Section        0  stm32h7xx_hal_tim.o(.text.TIM_OC1_SetConfig)
    [Anonymous Symbol]                       0x080092d0   Section        0  stm32h7xx_hal_tim.o(.text.TIM_OC2_SetConfig)
    TIM_OC3_SetConfig                        0x08009451   Thumb Code   376  stm32h7xx_hal_tim.o(.text.TIM_OC3_SetConfig)
    [Anonymous Symbol]                       0x08009450   Section        0  stm32h7xx_hal_tim.o(.text.TIM_OC3_SetConfig)
    TIM_OC4_SetConfig                        0x080095c9   Thumb Code   226  stm32h7xx_hal_tim.o(.text.TIM_OC4_SetConfig)
    [Anonymous Symbol]                       0x080095c8   Section        0  stm32h7xx_hal_tim.o(.text.TIM_OC4_SetConfig)
    TIM_OC5_SetConfig                        0x080096b1   Thumb Code   216  stm32h7xx_hal_tim.o(.text.TIM_OC5_SetConfig)
    [Anonymous Symbol]                       0x080096b0   Section        0  stm32h7xx_hal_tim.o(.text.TIM_OC5_SetConfig)
    TIM_OC6_SetConfig                        0x08009789   Thumb Code   218  stm32h7xx_hal_tim.o(.text.TIM_OC6_SetConfig)
    [Anonymous Symbol]                       0x08009788   Section        0  stm32h7xx_hal_tim.o(.text.TIM_OC6_SetConfig)
    TIM_TI1_ConfigInputStage                 0x08009869   Thumb Code    98  stm32h7xx_hal_tim.o(.text.TIM_TI1_ConfigInputStage)
    [Anonymous Symbol]                       0x08009868   Section        0  stm32h7xx_hal_tim.o(.text.TIM_TI1_ConfigInputStage)
    TIM_TI2_ConfigInputStage                 0x080098d1   Thumb Code   100  stm32h7xx_hal_tim.o(.text.TIM_TI2_ConfigInputStage)
    [Anonymous Symbol]                       0x080098d0   Section        0  stm32h7xx_hal_tim.o(.text.TIM_TI2_ConfigInputStage)
    UARTEx_SetNbDataToProcess                0x08009939   Thumb Code   144  stm32h7xx_hal_uart_ex.o(.text.UARTEx_SetNbDataToProcess)
    [Anonymous Symbol]                       0x08009938   Section        0  stm32h7xx_hal_uart_ex.o(.text.UARTEx_SetNbDataToProcess)
    [Anonymous Symbol]                       0x080099c8   Section        0  stm32h7xx_hal_uart.o(.text.UART_AdvFeatureConfig)
    [Anonymous Symbol]                       0x08009b08   Section        0  stm32h7xx_hal_uart.o(.text.UART_CheckIdleState)
    UART_DMAAbortOnError                     0x08009c59   Thumb Code    40  stm32h7xx_hal_uart.o(.text.UART_DMAAbortOnError)
    [Anonymous Symbol]                       0x08009c58   Section        0  stm32h7xx_hal_uart.o(.text.UART_DMAAbortOnError)
    UART_EndRxTransfer                       0x08009c81   Thumb Code   162  stm32h7xx_hal_uart.o(.text.UART_EndRxTransfer)
    [Anonymous Symbol]                       0x08009c80   Section        0  stm32h7xx_hal_uart.o(.text.UART_EndRxTransfer)
    UART_EndTransmit_IT                      0x08009d29   Thumb Code    72  stm32h7xx_hal_uart.o(.text.UART_EndTransmit_IT)
    [Anonymous Symbol]                       0x08009d28   Section        0  stm32h7xx_hal_uart.o(.text.UART_EndTransmit_IT)
    UART_RxISR_16BIT                         0x08009d71   Thumb Code   392  stm32h7xx_hal_uart.o(.text.UART_RxISR_16BIT)
    [Anonymous Symbol]                       0x08009d70   Section        0  stm32h7xx_hal_uart.o(.text.UART_RxISR_16BIT)
    UART_RxISR_16BIT_FIFOEN                  0x08009ef9   Thumb Code   796  stm32h7xx_hal_uart.o(.text.UART_RxISR_16BIT_FIFOEN)
    [Anonymous Symbol]                       0x08009ef8   Section        0  stm32h7xx_hal_uart.o(.text.UART_RxISR_16BIT_FIFOEN)
    UART_RxISR_8BIT                          0x0800a219   Thumb Code   388  stm32h7xx_hal_uart.o(.text.UART_RxISR_8BIT)
    [Anonymous Symbol]                       0x0800a218   Section        0  stm32h7xx_hal_uart.o(.text.UART_RxISR_8BIT)
    UART_RxISR_8BIT_FIFOEN                   0x0800a3a1   Thumb Code   792  stm32h7xx_hal_uart.o(.text.UART_RxISR_8BIT_FIFOEN)
    [Anonymous Symbol]                       0x0800a3a0   Section        0  stm32h7xx_hal_uart.o(.text.UART_RxISR_8BIT_FIFOEN)
    [Anonymous Symbol]                       0x0800a6b8   Section        0  stm32h7xx_hal_uart.o(.text.UART_SetConfig)
    [Anonymous Symbol]                       0x0800aff8   Section        0  stm32h7xx_hal_uart.o(.text.UART_Start_Receive_IT)
    [Anonymous Symbol]                       0x0800b240   Section        0  stm32h7xx_hal_uart.o(.text.UART_WaitOnFlagUntilTimeout)
    [Anonymous Symbol]                       0x0800b370   Section        0  stm32h7xx_it.o(.text.USART2_IRQHandler)
    [Anonymous Symbol]                       0x0800b380   Section        0  initialize.o(.text.UpdateData)
    [Anonymous Symbol]                       0x0800b450   Section        0  initialize.o(.text.UpdateData_Car)
    [Anonymous Symbol]                       0x0800b480   Section        0  stm32h7xx_it.o(.text.UsageFault_Handler)
    __NVIC_EnableIRQ                         0x0800b489   Thumb Code    54  stm32h7xx_hal_cortex.o(.text.__NVIC_EnableIRQ)
    [Anonymous Symbol]                       0x0800b488   Section        0  stm32h7xx_hal_cortex.o(.text.__NVIC_EnableIRQ)
    __NVIC_GetPriorityGrouping               0x0800b4c1   Thumb Code    16  stm32h7xx_hal_cortex.o(.text.__NVIC_GetPriorityGrouping)
    [Anonymous Symbol]                       0x0800b4c0   Section        0  stm32h7xx_hal_cortex.o(.text.__NVIC_GetPriorityGrouping)
    __NVIC_SetPriority                       0x0800b4d1   Thumb Code    74  stm32h7xx_hal_cortex.o(.text.__NVIC_SetPriority)
    [Anonymous Symbol]                       0x0800b4d0   Section        0  stm32h7xx_hal_cortex.o(.text.__NVIC_SetPriority)
    __NVIC_SetPriorityGrouping               0x0800b521   Thumb Code    64  stm32h7xx_hal_cortex.o(.text.__NVIC_SetPriorityGrouping)
    [Anonymous Symbol]                       0x0800b520   Section        0  stm32h7xx_hal_cortex.o(.text.__NVIC_SetPriorityGrouping)
    [Anonymous Symbol]                       0x0800b560   Section        0  hall_encoder.o(.text.cSpeed)
    [Anonymous Symbol]                       0x0800b5b0   Section        0  hall_encoder.o(.text.getSpeed)
    [Anonymous Symbol]                       0x0800b618   Section        0  initialize.o(.text.getWz)
    [Anonymous Symbol]                       0x0800b630   Section        0  initialize.o(.text.getYaw)
    [Anonymous Symbol]                       0x0800b648   Section        0  tracking.o(.text.lineWalking_core)
    [Anonymous Symbol]                       0x0800b778   Section        0  tracking.o(.text.lineWalking_low)
    [Anonymous Symbol]                       0x0800b798   Section        0  main.o(.text.main)
    [Anonymous Symbol]                       0x0800b8d8   Section        0  kinematics.o(.text.sumTheta)
    i.__ARM_fpclassify                       0x0800b96c   Section        0  fpclassify.o(i.__ARM_fpclassify)
    i.__hardfp_cos                           0x0800b9a0   Section        0  cos.o(i.__hardfp_cos)
    i.__hardfp_sin                           0x0800ba50   Section        0  sin.o(i.__hardfp_sin)
    i.__ieee754_rem_pio2                     0x0800bb00   Section        0  rred.o(i.__ieee754_rem_pio2)
    i.__kernel_cos                           0x0800be08   Section        0  cos_i.o(i.__kernel_cos)
    i.__kernel_poly                          0x0800becc   Section        0  poly.o(i.__kernel_poly)
    i.__kernel_sin                           0x0800bf40   Section        0  sin_i.o(i.__kernel_sin)
    i.__mathlib_dbl_invalid                  0x0800bfe0   Section        0  dunder.o(i.__mathlib_dbl_invalid)
    i.__mathlib_dbl_underflow                0x0800bff8   Section        0  dunder.o(i.__mathlib_dbl_underflow)
    i.__scatterload_copy                     0x0800c010   Section       14  handlers.o(i.__scatterload_copy)
    i.__scatterload_null                     0x0800c01e   Section        2  handlers.o(i.__scatterload_null)
    i.__scatterload_zeroinit                 0x0800c020   Section       14  handlers.o(i.__scatterload_zeroinit)
    i.__set_errno                            0x0800c030   Section        0  errno.o(i.__set_errno)
    i.fabs                                   0x0800c03c   Section        0  fabs.o(i.fabs)
    C                                        0x0800c058   Data          48  cos_i.o(.constdata)
    .constdata                               0x0800c058   Section       48  cos_i.o(.constdata)
    pio2s                                    0x0800c088   Data          48  rred.o(.constdata)
    .constdata                               0x0800c088   Section      200  rred.o(.constdata)
    twooverpi                                0x0800c0b8   Data         152  rred.o(.constdata)
    S                                        0x0800c150   Data          40  sin_i.o(.constdata)
    .constdata                               0x0800c150   Section       40  sin_i.o(.constdata)
    UARTEx_SetNbDataToProcess.denominator    0x0800c188   Data           8  stm32h7xx_hal_uart_ex.o(.rodata.UARTEx_SetNbDataToProcess.denominator)
    [Anonymous Symbol]                       0x0800c188   Section        0  stm32h7xx_hal_uart_ex.o(.rodata.UARTEx_SetNbDataToProcess.denominator)
    UARTEx_SetNbDataToProcess.numerator      0x0800c190   Data           8  stm32h7xx_hal_uart_ex.o(.rodata.UARTEx_SetNbDataToProcess.numerator)
    [Anonymous Symbol]                       0x0800c190   Section        0  stm32h7xx_hal_uart_ex.o(.rodata.UARTEx_SetNbDataToProcess.numerator)
    .LlineWalking_core.sensor_positions      0x0800c1b0   Data          32  tracking.o(.rodata.cst32)
    _errno                                   0x24000000   Data           4  errno.o(.data)
    .data                                    0x24000000   Section        4  errno.o(.data)
    UpdateData.first_run                     0x2400000c   Data           1  initialize.o(.data.UpdateData.first_run)
    [Anonymous Symbol]                       0x2400000c   Section        0  initialize.o(.data.UpdateData.first_run)
    PID_IR_Calc_Custom.Integral              0x240000e8   Data           4  tracking.o(.bss.PID_IR_Calc_Custom.Integral)
    [Anonymous Symbol]                       0x240000e8   Section        0  tracking.o(.bss.PID_IR_Calc_Custom.Integral)
    PID_IR_Calc_Custom.error_last            0x240000ec   Data           2  tracking.o(.bss.PID_IR_Calc_Custom.error_last)
    [Anonymous Symbol]                       0x240000ec   Section        0  tracking.o(.bss.PID_IR_Calc_Custom.error_last)
    UpdateData.last_time                     0x24000128   Data           4  initialize.o(.bss.UpdateData.last_time)
    [Anonymous Symbol]                       0x24000128   Section        0  initialize.o(.bss.UpdateData.last_time)
    err                                      0x2400029c   Data           1  tracking.o(.bss.err)
    [Anonymous Symbol]                       0x2400029c   Section        0  tracking.o(.bss.err)
    speed_L2_setup                           0x240005a0   Data           4  tracking.o(.bss.speed_L2_setup)
    [Anonymous Symbol]                       0x240005a0   Section        0  tracking.o(.bss.speed_L2_setup)
    speed_R2_setup                           0x240005a4   Data           4  tracking.o(.bss.speed_R2_setup)
    [Anonymous Symbol]                       0x240005a4   Section        0  tracking.o(.bss.speed_R2_setup)
    speed_fb                                 0x240005a8   Data           4  tracking.o(.bss.speed_fb)
    [Anonymous Symbol]                       0x240005a8   Section        0  tracking.o(.bss.speed_fb)
    speed_lr                                 0x240005ac   Data           4  tracking.o(.bss.speed_lr)
    [Anonymous Symbol]                       0x240005ac   Section        0  tracking.o(.bss.speed_lr)
    speed_spin                               0x240005b0   Data           4  tracking.o(.bss.speed_spin)
    [Anonymous Symbol]                       0x240005b0   Section        0  tracking.o(.bss.speed_spin)
    STACK                                    0x240005b8   Section    29696  startup_stm32h743xx.o(STACK)

    Global Symbols

    Symbol Name                              Value     Ov Type        Size  Object(Section)

    BuildAttributes$$THM_ISAv4$E$P$D$K$B$S$7EM$VFPv5_D16$PE$PLD8$A:L22UL41UL21$X:L11$S22US41US21$IEEE1$IW$~IW$USESV6$~STKCKD$USESV7$~SHL$OTIME$ROPI$IEEEX$EBA8$MICROLIB$REQ8$PRES8$EABIv2 0x00000000   Number         0  anon$$obj.o ABSOLUTE
    __cpp_initialize__aeabi_                  - Undefined Weak Reference
    __cxa_finalize                            - Undefined Weak Reference
    __decompress                              - Undefined Weak Reference
    _clock_init                               - Undefined Weak Reference
    _microlib_exit                            - Undefined Weak Reference
    __Vectors_Size                           0x00000298   Number         0  startup_stm32h743xx.o ABSOLUTE
    __Vectors                                0x08000000   Data           4  startup_stm32h743xx.o(RESET)
    __Vectors_End                            0x08000298   Data           0  startup_stm32h743xx.o(RESET)
    __main                                   0x08000299   Thumb Code     0  entry.o(.ARM.Collect$$$$00000000)
    _main_stk                                0x08000299   Thumb Code     0  entry2.o(.ARM.Collect$$$$00000001)
    _main_scatterload                        0x0800029d   Thumb Code     0  entry5.o(.ARM.Collect$$$$00000004)
    __main_after_scatterload                 0x080002a1   Thumb Code     0  entry5.o(.ARM.Collect$$$$00000004)
    _main_clock                              0x080002a1   Thumb Code     0  entry7b.o(.ARM.Collect$$$$00000008)
    _main_cpp_init                           0x080002a1   Thumb Code     0  entry8b.o(.ARM.Collect$$$$0000000A)
    _main_init                               0x080002a1   Thumb Code     0  entry9a.o(.ARM.Collect$$$$0000000B)
    __rt_final_cpp                           0x080002a9   Thumb Code     0  entry10a.o(.ARM.Collect$$$$0000000D)
    __rt_final_exit                          0x080002a9   Thumb Code     0  entry11a.o(.ARM.Collect$$$$0000000F)
    Reset_Handler                            0x080002ad   Thumb Code     8  startup_stm32h743xx.o(.text)
    ADC3_IRQHandler                          0x080002c7   Thumb Code     0  startup_stm32h743xx.o(.text)
    ADC_IRQHandler                           0x080002c7   Thumb Code     0  startup_stm32h743xx.o(.text)
    BDMA_Channel0_IRQHandler                 0x080002c7   Thumb Code     0  startup_stm32h743xx.o(.text)
    BDMA_Channel1_IRQHandler                 0x080002c7   Thumb Code     0  startup_stm32h743xx.o(.text)
    BDMA_Channel2_IRQHandler                 0x080002c7   Thumb Code     0  startup_stm32h743xx.o(.text)
    BDMA_Channel3_IRQHandler                 0x080002c7   Thumb Code     0  startup_stm32h743xx.o(.text)
    BDMA_Channel4_IRQHandler                 0x080002c7   Thumb Code     0  startup_stm32h743xx.o(.text)
    BDMA_Channel5_IRQHandler                 0x080002c7   Thumb Code     0  startup_stm32h743xx.o(.text)
    BDMA_Channel6_IRQHandler                 0x080002c7   Thumb Code     0  startup_stm32h743xx.o(.text)
    BDMA_Channel7_IRQHandler                 0x080002c7   Thumb Code     0  startup_stm32h743xx.o(.text)
    CEC_IRQHandler                           0x080002c7   Thumb Code     0  startup_stm32h743xx.o(.text)
    COMP1_IRQHandler                         0x080002c7   Thumb Code     0  startup_stm32h743xx.o(.text)
    CRS_IRQHandler                           0x080002c7   Thumb Code     0  startup_stm32h743xx.o(.text)
    DCMI_IRQHandler                          0x080002c7   Thumb Code     0  startup_stm32h743xx.o(.text)
    DFSDM1_FLT0_IRQHandler                   0x080002c7   Thumb Code     0  startup_stm32h743xx.o(.text)
    DFSDM1_FLT1_IRQHandler                   0x080002c7   Thumb Code     0  startup_stm32h743xx.o(.text)
    DFSDM1_FLT2_IRQHandler                   0x080002c7   Thumb Code     0  startup_stm32h743xx.o(.text)
    DFSDM1_FLT3_IRQHandler                   0x080002c7   Thumb Code     0  startup_stm32h743xx.o(.text)
    DMA1_Stream0_IRQHandler                  0x080002c7   Thumb Code     0  startup_stm32h743xx.o(.text)
    DMA1_Stream1_IRQHandler                  0x080002c7   Thumb Code     0  startup_stm32h743xx.o(.text)
    DMA1_Stream2_IRQHandler                  0x080002c7   Thumb Code     0  startup_stm32h743xx.o(.text)
    DMA1_Stream3_IRQHandler                  0x080002c7   Thumb Code     0  startup_stm32h743xx.o(.text)
    DMA1_Stream4_IRQHandler                  0x080002c7   Thumb Code     0  startup_stm32h743xx.o(.text)
    DMA1_Stream5_IRQHandler                  0x080002c7   Thumb Code     0  startup_stm32h743xx.o(.text)
    DMA1_Stream6_IRQHandler                  0x080002c7   Thumb Code     0  startup_stm32h743xx.o(.text)
    DMA1_Stream7_IRQHandler                  0x080002c7   Thumb Code     0  startup_stm32h743xx.o(.text)
    DMA2D_IRQHandler                         0x080002c7   Thumb Code     0  startup_stm32h743xx.o(.text)
    DMA2_Stream0_IRQHandler                  0x080002c7   Thumb Code     0  startup_stm32h743xx.o(.text)
    DMA2_Stream1_IRQHandler                  0x080002c7   Thumb Code     0  startup_stm32h743xx.o(.text)
    DMA2_Stream2_IRQHandler                  0x080002c7   Thumb Code     0  startup_stm32h743xx.o(.text)
    DMA2_Stream3_IRQHandler                  0x080002c7   Thumb Code     0  startup_stm32h743xx.o(.text)
    DMA2_Stream4_IRQHandler                  0x080002c7   Thumb Code     0  startup_stm32h743xx.o(.text)
    DMA2_Stream5_IRQHandler                  0x080002c7   Thumb Code     0  startup_stm32h743xx.o(.text)
    DMA2_Stream6_IRQHandler                  0x080002c7   Thumb Code     0  startup_stm32h743xx.o(.text)
    DMA2_Stream7_IRQHandler                  0x080002c7   Thumb Code     0  startup_stm32h743xx.o(.text)
    DMAMUX1_OVR_IRQHandler                   0x080002c7   Thumb Code     0  startup_stm32h743xx.o(.text)
    DMAMUX2_OVR_IRQHandler                   0x080002c7   Thumb Code     0  startup_stm32h743xx.o(.text)
    ECC_IRQHandler                           0x080002c7   Thumb Code     0  startup_stm32h743xx.o(.text)
    ETH_IRQHandler                           0x080002c7   Thumb Code     0  startup_stm32h743xx.o(.text)
    ETH_WKUP_IRQHandler                      0x080002c7   Thumb Code     0  startup_stm32h743xx.o(.text)
    EXTI0_IRQHandler                         0x080002c7   Thumb Code     0  startup_stm32h743xx.o(.text)
    EXTI15_10_IRQHandler                     0x080002c7   Thumb Code     0  startup_stm32h743xx.o(.text)
    EXTI1_IRQHandler                         0x080002c7   Thumb Code     0  startup_stm32h743xx.o(.text)
    EXTI2_IRQHandler                         0x080002c7   Thumb Code     0  startup_stm32h743xx.o(.text)
    EXTI3_IRQHandler                         0x080002c7   Thumb Code     0  startup_stm32h743xx.o(.text)
    EXTI4_IRQHandler                         0x080002c7   Thumb Code     0  startup_stm32h743xx.o(.text)
    EXTI9_5_IRQHandler                       0x080002c7   Thumb Code     0  startup_stm32h743xx.o(.text)
    FDCAN1_IT0_IRQHandler                    0x080002c7   Thumb Code     0  startup_stm32h743xx.o(.text)
    FDCAN1_IT1_IRQHandler                    0x080002c7   Thumb Code     0  startup_stm32h743xx.o(.text)
    FDCAN2_IT0_IRQHandler                    0x080002c7   Thumb Code     0  startup_stm32h743xx.o(.text)
    FDCAN2_IT1_IRQHandler                    0x080002c7   Thumb Code     0  startup_stm32h743xx.o(.text)
    FDCAN_CAL_IRQHandler                     0x080002c7   Thumb Code     0  startup_stm32h743xx.o(.text)
    FLASH_IRQHandler                         0x080002c7   Thumb Code     0  startup_stm32h743xx.o(.text)
    FMC_IRQHandler                           0x080002c7   Thumb Code     0  startup_stm32h743xx.o(.text)
    FPU_IRQHandler                           0x080002c7   Thumb Code     0  startup_stm32h743xx.o(.text)
    HRTIM1_FLT_IRQHandler                    0x080002c7   Thumb Code     0  startup_stm32h743xx.o(.text)
    HRTIM1_Master_IRQHandler                 0x080002c7   Thumb Code     0  startup_stm32h743xx.o(.text)
    HRTIM1_TIMA_IRQHandler                   0x080002c7   Thumb Code     0  startup_stm32h743xx.o(.text)
    HRTIM1_TIMB_IRQHandler                   0x080002c7   Thumb Code     0  startup_stm32h743xx.o(.text)
    HRTIM1_TIMC_IRQHandler                   0x080002c7   Thumb Code     0  startup_stm32h743xx.o(.text)
    HRTIM1_TIMD_IRQHandler                   0x080002c7   Thumb Code     0  startup_stm32h743xx.o(.text)
    HRTIM1_TIME_IRQHandler                   0x080002c7   Thumb Code     0  startup_stm32h743xx.o(.text)
    HSEM1_IRQHandler                         0x080002c7   Thumb Code     0  startup_stm32h743xx.o(.text)
    I2C1_ER_IRQHandler                       0x080002c7   Thumb Code     0  startup_stm32h743xx.o(.text)
    I2C1_EV_IRQHandler                       0x080002c7   Thumb Code     0  startup_stm32h743xx.o(.text)
    I2C2_ER_IRQHandler                       0x080002c7   Thumb Code     0  startup_stm32h743xx.o(.text)
    I2C2_EV_IRQHandler                       0x080002c7   Thumb Code     0  startup_stm32h743xx.o(.text)
    I2C3_ER_IRQHandler                       0x080002c7   Thumb Code     0  startup_stm32h743xx.o(.text)
    I2C3_EV_IRQHandler                       0x080002c7   Thumb Code     0  startup_stm32h743xx.o(.text)
    I2C4_ER_IRQHandler                       0x080002c7   Thumb Code     0  startup_stm32h743xx.o(.text)
    I2C4_EV_IRQHandler                       0x080002c7   Thumb Code     0  startup_stm32h743xx.o(.text)
    JPEG_IRQHandler                          0x080002c7   Thumb Code     0  startup_stm32h743xx.o(.text)
    LPTIM1_IRQHandler                        0x080002c7   Thumb Code     0  startup_stm32h743xx.o(.text)
    LPTIM2_IRQHandler                        0x080002c7   Thumb Code     0  startup_stm32h743xx.o(.text)
    LPTIM3_IRQHandler                        0x080002c7   Thumb Code     0  startup_stm32h743xx.o(.text)
    LPTIM4_IRQHandler                        0x080002c7   Thumb Code     0  startup_stm32h743xx.o(.text)
    LPTIM5_IRQHandler                        0x080002c7   Thumb Code     0  startup_stm32h743xx.o(.text)
    LPUART1_IRQHandler                       0x080002c7   Thumb Code     0  startup_stm32h743xx.o(.text)
    LTDC_ER_IRQHandler                       0x080002c7   Thumb Code     0  startup_stm32h743xx.o(.text)
    LTDC_IRQHandler                          0x080002c7   Thumb Code     0  startup_stm32h743xx.o(.text)
    MDIOS_IRQHandler                         0x080002c7   Thumb Code     0  startup_stm32h743xx.o(.text)
    MDIOS_WKUP_IRQHandler                    0x080002c7   Thumb Code     0  startup_stm32h743xx.o(.text)
    MDMA_IRQHandler                          0x080002c7   Thumb Code     0  startup_stm32h743xx.o(.text)
    OTG_FS_EP1_IN_IRQHandler                 0x080002c7   Thumb Code     0  startup_stm32h743xx.o(.text)
    OTG_FS_EP1_OUT_IRQHandler                0x080002c7   Thumb Code     0  startup_stm32h743xx.o(.text)
    OTG_FS_IRQHandler                        0x080002c7   Thumb Code     0  startup_stm32h743xx.o(.text)
    OTG_FS_WKUP_IRQHandler                   0x080002c7   Thumb Code     0  startup_stm32h743xx.o(.text)
    OTG_HS_EP1_IN_IRQHandler                 0x080002c7   Thumb Code     0  startup_stm32h743xx.o(.text)
    OTG_HS_EP1_OUT_IRQHandler                0x080002c7   Thumb Code     0  startup_stm32h743xx.o(.text)
    OTG_HS_IRQHandler                        0x080002c7   Thumb Code     0  startup_stm32h743xx.o(.text)
    OTG_HS_WKUP_IRQHandler                   0x080002c7   Thumb Code     0  startup_stm32h743xx.o(.text)
    PVD_AVD_IRQHandler                       0x080002c7   Thumb Code     0  startup_stm32h743xx.o(.text)
    QUADSPI_IRQHandler                       0x080002c7   Thumb Code     0  startup_stm32h743xx.o(.text)
    RCC_IRQHandler                           0x080002c7   Thumb Code     0  startup_stm32h743xx.o(.text)
    RNG_IRQHandler                           0x080002c7   Thumb Code     0  startup_stm32h743xx.o(.text)
    RTC_Alarm_IRQHandler                     0x080002c7   Thumb Code     0  startup_stm32h743xx.o(.text)
    RTC_WKUP_IRQHandler                      0x080002c7   Thumb Code     0  startup_stm32h743xx.o(.text)
    SAI1_IRQHandler                          0x080002c7   Thumb Code     0  startup_stm32h743xx.o(.text)
    SAI2_IRQHandler                          0x080002c7   Thumb Code     0  startup_stm32h743xx.o(.text)
    SAI3_IRQHandler                          0x080002c7   Thumb Code     0  startup_stm32h743xx.o(.text)
    SAI4_IRQHandler                          0x080002c7   Thumb Code     0  startup_stm32h743xx.o(.text)
    SDMMC1_IRQHandler                        0x080002c7   Thumb Code     0  startup_stm32h743xx.o(.text)
    SDMMC2_IRQHandler                        0x080002c7   Thumb Code     0  startup_stm32h743xx.o(.text)
    SPDIF_RX_IRQHandler                      0x080002c7   Thumb Code     0  startup_stm32h743xx.o(.text)
    SPI1_IRQHandler                          0x080002c7   Thumb Code     0  startup_stm32h743xx.o(.text)
    SPI2_IRQHandler                          0x080002c7   Thumb Code     0  startup_stm32h743xx.o(.text)
    SPI3_IRQHandler                          0x080002c7   Thumb Code     0  startup_stm32h743xx.o(.text)
    SPI4_IRQHandler                          0x080002c7   Thumb Code     0  startup_stm32h743xx.o(.text)
    SPI5_IRQHandler                          0x080002c7   Thumb Code     0  startup_stm32h743xx.o(.text)
    SPI6_IRQHandler                          0x080002c7   Thumb Code     0  startup_stm32h743xx.o(.text)
    SWPMI1_IRQHandler                        0x080002c7   Thumb Code     0  startup_stm32h743xx.o(.text)
    TAMP_STAMP_IRQHandler                    0x080002c7   Thumb Code     0  startup_stm32h743xx.o(.text)
    TIM15_IRQHandler                         0x080002c7   Thumb Code     0  startup_stm32h743xx.o(.text)
    TIM16_IRQHandler                         0x080002c7   Thumb Code     0  startup_stm32h743xx.o(.text)
    TIM17_IRQHandler                         0x080002c7   Thumb Code     0  startup_stm32h743xx.o(.text)
    TIM1_BRK_IRQHandler                      0x080002c7   Thumb Code     0  startup_stm32h743xx.o(.text)
    TIM1_CC_IRQHandler                       0x080002c7   Thumb Code     0  startup_stm32h743xx.o(.text)
    TIM1_TRG_COM_IRQHandler                  0x080002c7   Thumb Code     0  startup_stm32h743xx.o(.text)
    TIM1_UP_IRQHandler                       0x080002c7   Thumb Code     0  startup_stm32h743xx.o(.text)
    TIM2_IRQHandler                          0x080002c7   Thumb Code     0  startup_stm32h743xx.o(.text)
    TIM3_IRQHandler                          0x080002c7   Thumb Code     0  startup_stm32h743xx.o(.text)
    TIM4_IRQHandler                          0x080002c7   Thumb Code     0  startup_stm32h743xx.o(.text)
    TIM5_IRQHandler                          0x080002c7   Thumb Code     0  startup_stm32h743xx.o(.text)
    TIM6_DAC_IRQHandler                      0x080002c7   Thumb Code     0  startup_stm32h743xx.o(.text)
    TIM8_BRK_TIM12_IRQHandler                0x080002c7   Thumb Code     0  startup_stm32h743xx.o(.text)
    TIM8_CC_IRQHandler                       0x080002c7   Thumb Code     0  startup_stm32h743xx.o(.text)
    TIM8_TRG_COM_TIM14_IRQHandler            0x080002c7   Thumb Code     0  startup_stm32h743xx.o(.text)
    UART4_IRQHandler                         0x080002c7   Thumb Code     0  startup_stm32h743xx.o(.text)
    UART5_IRQHandler                         0x080002c7   Thumb Code     0  startup_stm32h743xx.o(.text)
    UART7_IRQHandler                         0x080002c7   Thumb Code     0  startup_stm32h743xx.o(.text)
    UART8_IRQHandler                         0x080002c7   Thumb Code     0  startup_stm32h743xx.o(.text)
    USART1_IRQHandler                        0x080002c7   Thumb Code     0  startup_stm32h743xx.o(.text)
    USART3_IRQHandler                        0x080002c7   Thumb Code     0  startup_stm32h743xx.o(.text)
    USART6_IRQHandler                        0x080002c7   Thumb Code     0  startup_stm32h743xx.o(.text)
    WAKEUP_PIN_IRQHandler                    0x080002c7   Thumb Code     0  startup_stm32h743xx.o(.text)
    WWDG_IRQHandler                          0x080002c7   Thumb Code     0  startup_stm32h743xx.o(.text)
    __aeabi_uldivmod                         0x080002d1   Thumb Code    98  uldiv.o(.text)
    __aeabi_memset                           0x08000333   Thumb Code    14  memseta.o(.text)
    __aeabi_memset4                          0x08000333   Thumb Code     0  memseta.o(.text)
    __aeabi_memset8                          0x08000333   Thumb Code     0  memseta.o(.text)
    __aeabi_memclr                           0x08000341   Thumb Code     4  memseta.o(.text)
    __aeabi_memclr4                          0x08000341   Thumb Code     0  memseta.o(.text)
    __aeabi_memclr8                          0x08000341   Thumb Code     0  memseta.o(.text)
    _memset$wrapper                          0x08000345   Thumb Code    18  memseta.o(.text)
    __aeabi_llsl                             0x08000357   Thumb Code    30  llshl.o(.text)
    _ll_shift_l                              0x08000357   Thumb Code     0  llshl.o(.text)
    __aeabi_llsr                             0x08000375   Thumb Code    32  llushr.o(.text)
    _ll_ushift_r                             0x08000375   Thumb Code     0  llushr.o(.text)
    __I$use$fp                               0x08000395   Thumb Code     0  iusefp.o(.text)
    __scatterload                            0x08000395   Thumb Code    28  init.o(.text)
    __scatterload_rt2                        0x08000395   Thumb Code     0  init.o(.text)
    BusFault_Handler                         0x080003b9   Thumb Code     4  stm32h7xx_it.o(.text.BusFault_Handler)
    CalibrateYawOffset                       0x080003c1   Thumb Code    86  initialize.o(.text.CalibrateYawOffset)
    CarState_Init                            0x08000419   Thumb Code    70  kinematics.o(.text.CarState_Init)
    CarState_Update                          0x08000461   Thumb Code   256  kinematics.o(.text.CarState_Update)
    DebugMon_Handler                         0x08000561   Thumb Code     2  stm32h7xx_it.o(.text.DebugMon_Handler)
    EncoderInit                              0x08000569   Thumb Code   248  hall_encoder.o(.text.EncoderInit)
    EncoderParamInit                         0x08000661   Thumb Code    54  hall_encoder.o(.text.EncoderParamInit)
    Error_Handler                            0x08000699   Thumb Code    14  main.o(.text.Error_Handler)
    GYROSCOPE_DATA_Decoder                   0x080006a9   Thumb Code   448  wit_c_sdk.o(.text.GYROSCOPE_DATA_Decoder)
    HAL_DMA_Abort                            0x08000869   Thumb Code  2458  stm32h7xx_hal_dma.o(.text.HAL_DMA_Abort)
    HAL_DMA_Abort_IT                         0x08001209   Thumb Code  1736  stm32h7xx_hal_dma.o(.text.HAL_DMA_Abort_IT)
    HAL_Delay                                0x080018d1   Thumb Code    78  stm32h7xx_hal.o(.text.HAL_Delay)
    HAL_GPIO_Init                            0x08001921   Thumb Code   986  stm32h7xx_hal_gpio.o(.text.HAL_GPIO_Init)
    HAL_GPIO_WritePin                        0x08001d01   Thumb Code    66  stm32h7xx_hal_gpio.o(.text.HAL_GPIO_WritePin)
    HAL_GetREVID                             0x08001d49   Thumb Code    14  stm32h7xx_hal.o(.text.HAL_GetREVID)
    HAL_GetTick                              0x08001d59   Thumb Code    12  stm32h7xx_hal.o(.text.HAL_GetTick)
    HAL_I2CEx_ConfigAnalogFilter             0x08001d69   Thumb Code   160  stm32h7xx_hal_i2c_ex.o(.text.HAL_I2CEx_ConfigAnalogFilter)
    HAL_I2CEx_ConfigDigitalFilter            0x08001e09   Thumb Code   170  stm32h7xx_hal_i2c_ex.o(.text.HAL_I2CEx_ConfigDigitalFilter)
    HAL_I2C_Init                             0x08001eb9   Thumb Code   284  stm32h7xx_hal_i2c.o(.text.HAL_I2C_Init)
    HAL_I2C_Mem_Read                         0x08001fd9   Thumb Code   704  stm32h7xx_hal_i2c.o(.text.HAL_I2C_Mem_Read)
    HAL_I2C_MspInit                          0x08002299   Thumb Code   180  i2c.o(.text.HAL_I2C_MspInit)
    HAL_IncTick                              0x08002351   Thumb Code    26  stm32h7xx_hal.o(.text.HAL_IncTick)
    HAL_Init                                 0x08002371   Thumb Code   130  stm32h7xx_hal.o(.text.HAL_Init)
    HAL_InitTick                             0x080023f9   Thumb Code   142  stm32h7xx_hal.o(.text.HAL_InitTick)
    HAL_MPU_ConfigRegion                     0x08002489   Thumb Code   120  stm32h7xx_hal_cortex.o(.text.HAL_MPU_ConfigRegion)
    HAL_MPU_Disable                          0x08002501   Thumb Code    34  stm32h7xx_hal_cortex.o(.text.HAL_MPU_Disable)
    HAL_MPU_Enable                           0x08002529   Thumb Code    52  stm32h7xx_hal_cortex.o(.text.HAL_MPU_Enable)
    HAL_MspInit                              0x08002561   Thumb Code    38  stm32h7xx_hal_msp.o(.text.HAL_MspInit)
    HAL_NVIC_EnableIRQ                       0x08002589   Thumb Code    24  stm32h7xx_hal_cortex.o(.text.HAL_NVIC_EnableIRQ)
    HAL_NVIC_SetPriority                     0x080025a1   Thumb Code    72  stm32h7xx_hal_cortex.o(.text.HAL_NVIC_SetPriority)
    HAL_NVIC_SetPriorityGrouping             0x080025e9   Thumb Code    20  stm32h7xx_hal_cortex.o(.text.HAL_NVIC_SetPriorityGrouping)
    HAL_PWREx_ConfigSupply                   0x08002601   Thumb Code   170  stm32h7xx_hal_pwr_ex.o(.text.HAL_PWREx_ConfigSupply)
    HAL_RCCEx_GetD3PCLK1Freq                 0x080026b1   Thumb Code    42  stm32h7xx_hal_rcc_ex.o(.text.HAL_RCCEx_GetD3PCLK1Freq)
    HAL_RCCEx_GetPLL2ClockFreq               0x080026e1   Thumb Code   692  stm32h7xx_hal_rcc_ex.o(.text.HAL_RCCEx_GetPLL2ClockFreq)
    HAL_RCCEx_GetPLL3ClockFreq               0x08002999   Thumb Code   692  stm32h7xx_hal_rcc_ex.o(.text.HAL_RCCEx_GetPLL3ClockFreq)
    HAL_RCCEx_PeriphCLKConfig                0x08002c51   Thumb Code  4374  stm32h7xx_hal_rcc_ex.o(.text.HAL_RCCEx_PeriphCLKConfig)
    HAL_RCC_ClockConfig                      0x08003d69   Thumb Code  1194  stm32h7xx_hal_rcc.o(.text.HAL_RCC_ClockConfig)
    HAL_RCC_GetHCLKFreq                      0x08004219   Thumb Code    88  stm32h7xx_hal_rcc.o(.text.HAL_RCC_GetHCLKFreq)
    HAL_RCC_GetPCLK1Freq                     0x08004271   Thumb Code    42  stm32h7xx_hal_rcc.o(.text.HAL_RCC_GetPCLK1Freq)
    HAL_RCC_GetPCLK2Freq                     0x080042a1   Thumb Code    42  stm32h7xx_hal_rcc.o(.text.HAL_RCC_GetPCLK2Freq)
    HAL_RCC_GetSysClockFreq                  0x080042d1   Thumb Code   788  stm32h7xx_hal_rcc.o(.text.HAL_RCC_GetSysClockFreq)
    HAL_RCC_OscConfig                        0x080045e9   Thumb Code  2998  stm32h7xx_hal_rcc.o(.text.HAL_RCC_OscConfig)
    HAL_SYSTICK_Config                       0x080051a1   Thumb Code    20  stm32h7xx_hal_cortex.o(.text.HAL_SYSTICK_Config)
    HAL_TIMEx_Break2Callback                 0x080051b9   Thumb Code    12  stm32h7xx_hal_tim_ex.o(.text.HAL_TIMEx_Break2Callback)
    HAL_TIMEx_BreakCallback                  0x080051c9   Thumb Code    12  stm32h7xx_hal_tim_ex.o(.text.HAL_TIMEx_BreakCallback)
    HAL_TIMEx_CommutCallback                 0x080051d9   Thumb Code    12  stm32h7xx_hal_tim_ex.o(.text.HAL_TIMEx_CommutCallback)
    HAL_TIMEx_MasterConfigSynchronization    0x080051e9   Thumb Code   352  stm32h7xx_hal_tim_ex.o(.text.HAL_TIMEx_MasterConfigSynchronization)
    HAL_TIM_Base_Init                        0x08005349   Thumb Code   182  stm32h7xx_hal_tim.o(.text.HAL_TIM_Base_Init)
    HAL_TIM_Base_MspInit                     0x08005401   Thumb Code   210  tim.o(.text.HAL_TIM_Base_MspInit)
    HAL_TIM_Base_Start_IT                    0x080054d9   Thumb Code   264  stm32h7xx_hal_tim.o(.text.HAL_TIM_Base_Start_IT)
    HAL_TIM_ConfigClockSource                0x080055e1   Thumb Code   504  stm32h7xx_hal_tim.o(.text.HAL_TIM_ConfigClockSource)
    HAL_TIM_Encoder_Init                     0x080057d9   Thumb Code   326  stm32h7xx_hal_tim.o(.text.HAL_TIM_Encoder_Init)
    HAL_TIM_Encoder_MspInit                  0x08005921   Thumb Code   256  tim.o(.text.HAL_TIM_Encoder_MspInit)
    HAL_TIM_IC_CaptureCallback               0x08005a21   Thumb Code    12  stm32h7xx_hal_tim.o(.text.HAL_TIM_IC_CaptureCallback)
    HAL_TIM_IRQHandler                       0x08005a31   Thumb Code   570  stm32h7xx_hal_tim.o(.text.HAL_TIM_IRQHandler)
    HAL_TIM_MspPostInit                      0x08005c71   Thumb Code   106  tim.o(.text.HAL_TIM_MspPostInit)
    HAL_TIM_OC_DelayElapsedCallback          0x08005ce1   Thumb Code    12  stm32h7xx_hal_tim.o(.text.HAL_TIM_OC_DelayElapsedCallback)
    HAL_TIM_PWM_ConfigChannel                0x08005cf1   Thumb Code   466  stm32h7xx_hal_tim.o(.text.HAL_TIM_PWM_ConfigChannel)
    HAL_TIM_PWM_Init                         0x08005ec9   Thumb Code   182  stm32h7xx_hal_tim.o(.text.HAL_TIM_PWM_Init)
    HAL_TIM_PWM_MspInit                      0x08005f81   Thumb Code    12  stm32h7xx_hal_tim.o(.text.HAL_TIM_PWM_MspInit)
    HAL_TIM_PWM_PulseFinishedCallback        0x08005f91   Thumb Code    12  stm32h7xx_hal_tim.o(.text.HAL_TIM_PWM_PulseFinishedCallback)
    HAL_TIM_PWM_Start                        0x08005fa1   Thumb Code   654  stm32h7xx_hal_tim.o(.text.HAL_TIM_PWM_Start)
    HAL_TIM_PeriodElapsedCallback            0x08006231   Thumb Code    32  main.o(.text.HAL_TIM_PeriodElapsedCallback)
    HAL_TIM_TriggerCallback                  0x08006251   Thumb Code    12  stm32h7xx_hal_tim.o(.text.HAL_TIM_TriggerCallback)
    HAL_UARTEx_DisableFifoMode               0x08006261   Thumb Code   128  stm32h7xx_hal_uart_ex.o(.text.HAL_UARTEx_DisableFifoMode)
    HAL_UARTEx_RxEventCallback               0x080062e1   Thumb Code    20  stm32h7xx_hal_uart.o(.text.HAL_UARTEx_RxEventCallback)
    HAL_UARTEx_RxFifoFullCallback            0x080062f9   Thumb Code    12  stm32h7xx_hal_uart_ex.o(.text.HAL_UARTEx_RxFifoFullCallback)
    HAL_UARTEx_SetRxFifoThreshold            0x08006309   Thumb Code   148  stm32h7xx_hal_uart_ex.o(.text.HAL_UARTEx_SetRxFifoThreshold)
    HAL_UARTEx_SetTxFifoThreshold            0x080063a1   Thumb Code   148  stm32h7xx_hal_uart_ex.o(.text.HAL_UARTEx_SetTxFifoThreshold)
    HAL_UARTEx_TxFifoEmptyCallback           0x08006439   Thumb Code    12  stm32h7xx_hal_uart_ex.o(.text.HAL_UARTEx_TxFifoEmptyCallback)
    HAL_UARTEx_WakeupCallback                0x08006449   Thumb Code    12  stm32h7xx_hal_uart_ex.o(.text.HAL_UARTEx_WakeupCallback)
    HAL_UART_ErrorCallback                   0x08006459   Thumb Code    54  main.o(.text.HAL_UART_ErrorCallback)
    HAL_UART_IRQHandler                      0x08006491   Thumb Code  1766  stm32h7xx_hal_uart.o(.text.HAL_UART_IRQHandler)
    HAL_UART_Init                            0x08006b79   Thumb Code   182  stm32h7xx_hal_uart.o(.text.HAL_UART_Init)
    HAL_UART_MspInit                         0x08006c31   Thumb Code   350  usart.o(.text.HAL_UART_MspInit)
    HAL_UART_Receive_IT                      0x08006d91   Thumb Code   180  stm32h7xx_hal_uart.o(.text.HAL_UART_Receive_IT)
    HAL_UART_RxCpltCallback                  0x08006e49   Thumb Code    38  main.o(.text.HAL_UART_RxCpltCallback)
    HAL_UART_TxCpltCallback                  0x08006e71   Thumb Code    12  stm32h7xx_hal_uart.o(.text.HAL_UART_TxCpltCallback)
    HardFault_Handler                        0x08006e81   Thumb Code     4  stm32h7xx_it.o(.text.HardFault_Handler)
    IIC_Get_Digtal                           0x080074b1   Thumb Code    80  ganwei_i2c.o(.text.IIC_Get_Digtal)
    IIC_ReadBytes                            0x08007501   Thumb Code    88  ganwei_i2c.o(.text.IIC_ReadBytes)
    IT_JY61P                                 0x08007559   Thumb Code   368  wit_c_sdk.o(.text.IT_JY61P)
    JY61P_Init                               0x080076c9   Thumb Code    52  wit_c_sdk.o(.text.JY61P_Init)
    LMotorSet                                0x08007701   Thumb Code    46  initialize.o(.text.LMotorSet)
    LRInit                                   0x08007731   Thumb Code   154  hall_encoder.o(.text.LRInit)
    LSet                                     0x080077d1   Thumb Code    86  initialize.o(.text.LSet)
    MEInit                                   0x08007829   Thumb Code   366  initialize.o(.text.MEInit)
    MX_GPIO_Init                             0x08007a69   Thumb Code   376  gpio.o(.text.MX_GPIO_Init)
    MX_I2C1_Init                             0x08007be1   Thumb Code   118  i2c.o(.text.MX_I2C1_Init)
    MX_TIM13_Init                            0x08007c59   Thumb Code    58  tim.o(.text.MX_TIM13_Init)
    MX_TIM1_Init                             0x08007c99   Thumb Code   148  tim.o(.text.MX_TIM1_Init)
    MX_TIM3_Init                             0x08007d31   Thumb Code   150  tim.o(.text.MX_TIM3_Init)
    MX_TIM5_Init                             0x08007dc9   Thumb Code   264  tim.o(.text.MX_TIM5_Init)
    MX_TIM7_Init                             0x08007ed1   Thumb Code    98  tim.o(.text.MX_TIM7_Init)
    MX_USART1_UART_Init                      0x08007f39   Thumb Code   142  usart.o(.text.MX_USART1_UART_Init)
    MX_USART2_UART_Init                      0x08007fc9   Thumb Code   142  usart.o(.text.MX_USART2_UART_Init)
    MemManage_Handler                        0x08008059   Thumb Code     4  stm32h7xx_it.o(.text.MemManage_Handler)
    Motion_Car_Control                       0x08008061   Thumb Code   412  tracking.o(.text.Motion_Car_Control)
    Motor_UI_Init                            0x08008201   Thumb Code   362  tb6612fng.o(.text.Motor_UI_Init)
    Motor_UI_Set                             0x08008371   Thumb Code   406  tb6612fng.o(.text.Motor_UI_Set)
    NMI_Handler                              0x08008509   Thumb Code     4  stm32h7xx_it.o(.text.NMI_Handler)
    PID_IR_Calc_Custom                       0x08008591   Thumb Code   352  tracking.o(.text.PID_IR_Calc_Custom)
    PendSV_Handler                           0x080086f1   Thumb Code     2  stm32h7xx_it.o(.text.PendSV_Handler)
    RMotorSet                                0x08008aa9   Thumb Code    46  initialize.o(.text.RMotorSet)
    RSet                                     0x08008ad9   Thumb Code    86  initialize.o(.text.RSet)
    ReloadTime                               0x08008b31   Thumb Code    86  hall_encoder.o(.text.ReloadTime)
    SVC_Handler                              0x08008b89   Thumb Code     2  stm32h7xx_it.o(.text.SVC_Handler)
    SysTick_Handler                          0x08008bf1   Thumb Code     8  stm32h7xx_it.o(.text.SysTick_Handler)
    SystemClock_Config                       0x08008bf9   Thumb Code   354  main.o(.text.SystemClock_Config)
    SystemInit                               0x08008d61   Thumb Code   346  system_stm32h7xx.o(.text.SystemInit)
    TIM7_IRQHandler                          0x08008ec1   Thumb Code    16  stm32h7xx_it.o(.text.TIM7_IRQHandler)
    TIM8_UP_TIM13_IRQHandler                 0x08008ed1   Thumb Code    16  stm32h7xx_it.o(.text.TIM8_UP_TIM13_IRQHandler)
    TIM_Base_SetConfig                       0x08008ee1   Thumb Code   442  stm32h7xx_hal_tim.o(.text.TIM_Base_SetConfig)
    TIM_CCxChannelCmd                        0x080090a1   Thumb Code    74  stm32h7xx_hal_tim.o(.text.TIM_CCxChannelCmd)
    TIM_ETR_SetConfig                        0x080090f1   Thumb Code    74  stm32h7xx_hal_tim.o(.text.TIM_ETR_SetConfig)
    TIM_OC2_SetConfig                        0x080092d1   Thumb Code   378  stm32h7xx_hal_tim.o(.text.TIM_OC2_SetConfig)
    UART_AdvFeatureConfig                    0x080099c9   Thumb Code   318  stm32h7xx_hal_uart.o(.text.UART_AdvFeatureConfig)
    UART_CheckIdleState                      0x08009b09   Thumb Code   334  stm32h7xx_hal_uart.o(.text.UART_CheckIdleState)
    UART_SetConfig                           0x0800a6b9   Thumb Code  2364  stm32h7xx_hal_uart.o(.text.UART_SetConfig)
    UART_Start_Receive_IT                    0x0800aff9   Thumb Code   580  stm32h7xx_hal_uart.o(.text.UART_Start_Receive_IT)
    UART_WaitOnFlagUntilTimeout              0x0800b241   Thumb Code   298  stm32h7xx_hal_uart.o(.text.UART_WaitOnFlagUntilTimeout)
    USART2_IRQHandler                        0x0800b371   Thumb Code    16  stm32h7xx_it.o(.text.USART2_IRQHandler)
    UpdateData                               0x0800b381   Thumb Code   208  initialize.o(.text.UpdateData)
    UpdateData_Car                           0x0800b451   Thumb Code    44  initialize.o(.text.UpdateData_Car)
    UsageFault_Handler                       0x0800b481   Thumb Code     4  stm32h7xx_it.o(.text.UsageFault_Handler)
    cSpeed                                   0x0800b561   Thumb Code    74  hall_encoder.o(.text.cSpeed)
    getSpeed                                 0x0800b5b1   Thumb Code   104  hall_encoder.o(.text.getSpeed)
    getWz                                    0x0800b619   Thumb Code    18  initialize.o(.text.getWz)
    getYaw                                   0x0800b631   Thumb Code    18  initialize.o(.text.getYaw)
    lineWalking_core                         0x0800b649   Thumb Code   302  tracking.o(.text.lineWalking_core)
    lineWalking_low                          0x0800b779   Thumb Code    28  tracking.o(.text.lineWalking_low)
    main                                     0x0800b799   Thumb Code   318  main.o(.text.main)
    sumTheta                                 0x0800b8d9   Thumb Code   148  kinematics.o(.text.sumTheta)
    __ARM_fpclassify                         0x0800b96d   Thumb Code    48  fpclassify.o(i.__ARM_fpclassify)
    __hardfp_cos                             0x0800b9a1   Thumb Code   158  cos.o(i.__hardfp_cos)
    __hardfp_sin                             0x0800ba51   Thumb Code   158  sin.o(i.__hardfp_sin)
    __ieee754_rem_pio2                       0x0800bb01   Thumb Code   646  rred.o(i.__ieee754_rem_pio2)
    __kernel_cos                             0x0800be09   Thumb Code   182  cos_i.o(i.__kernel_cos)
    __kernel_poly                            0x0800becd   Thumb Code   112  poly.o(i.__kernel_poly)
    __kernel_sin                             0x0800bf41   Thumb Code   144  sin_i.o(i.__kernel_sin)
    __mathlib_dbl_invalid                    0x0800bfe1   Thumb Code    10  dunder.o(i.__mathlib_dbl_invalid)
    __mathlib_dbl_underflow                  0x0800bff9   Thumb Code    10  dunder.o(i.__mathlib_dbl_underflow)
    __scatterload_copy                       0x0800c011   Thumb Code    14  handlers.o(i.__scatterload_copy)
    __scatterload_null                       0x0800c01f   Thumb Code     2  handlers.o(i.__scatterload_null)
    __scatterload_zeroinit                   0x0800c021   Thumb Code    14  handlers.o(i.__scatterload_zeroinit)
    __set_errno                              0x0800c031   Thumb Code     6  errno.o(i.__set_errno)
    fabs                                     0x0800c03d   Thumb Code    24  fabs.o(i.fabs)
    D1CorePrescTable                         0x0800c178   Data          16  system_stm32h7xx.o(.rodata.D1CorePrescTable)
    UARTPrescTable                           0x0800c198   Data          24  stm32h7xx_hal_uart.o(.rodata.UARTPrescTable)
    Region$$Table$$Base                      0x0800c1d0   Number         0  anon$$obj.o(Region$$Table)
    Region$$Table$$Limit                     0x0800c1f0   Number         0  anon$$obj.o(Region$$Table)
    SystemCoreClock                          0x24000004   Data           4  system_stm32h7xx.o(.data.SystemCoreClock)
    SystemD2Clock                            0x24000008   Data           4  system_stm32h7xx.o(.data.SystemD2Clock)
    uwTickFreq                               0x2400000d   Data           1  stm32h7xx_hal.o(.data.uwTickFreq)
    uwTickPrio                               0x24000010   Data           4  stm32h7xx_hal.o(.data.uwTickPrio)
    Digtal                                   0x24000018   Data          32  main.o(.bss.Digtal)
    GyroscopeChannelData                     0x24000038   Data          80  main.o(.bss.GyroscopeChannelData)
    GyroscopeUsart3RxBuffer                  0x24000088   Data          33  main.o(.bss.GyroscopeUsart3RxBuffer)
    LRFlag                                   0x240000ac   Data           4  hall_encoder.o(.bss.LRFlag)
    Le                                       0x240000b0   Data          56  initialize.o(.bss.Le)
    Ri                                       0x240000f0   Data          56  initialize.o(.bss.Ri)
    car                                      0x2400012c   Data          32  initialize.o(.bss.car)
    current_data                             0x2400014c   Data          16  initialize.o(.bss.current_data)
    encoders                                 0x2400015c   Data         320  hall_encoder.o(.bss.encoders)
    hi2c1                                    0x240002a0   Data          84  i2c.o(.bss.hi2c1)
    htim1                                    0x240002f4   Data          76  tim.o(.bss.htim1)
    htim13                                   0x24000340   Data          76  tim.o(.bss.htim13)
    htim3                                    0x2400038c   Data          76  tim.o(.bss.htim3)
    htim5                                    0x240003d8   Data          76  tim.o(.bss.htim5)
    htim7                                    0x24000424   Data          76  tim.o(.bss.htim7)
    huart1                                   0x24000470   Data         148  usart.o(.bss.huart1)
    huart2                                   0x24000504   Data         148  usart.o(.bss.huart2)
    numEncoders                              0x24000598   Data           4  hall_encoder.o(.bss.numEncoders)
    pid_output_IRR                           0x2400059c   Data           4  tracking.o(.bss.pid_output_IRR)
    uwTick                                   0x240005b4   Data           4  stm32h7xx_hal.o(.bss.uwTick)
    __initial_sp                             0x240079b8   Data           0  startup_stm32h743xx.o(STACK)



==============================================================================

Memory Map of the image

  Image Entry point : 0x08000299

  Load Region LR_IROM1 (Base: 0x08000000, Size: 0x0000c208, Max: 0x00200000, ABSOLUTE)

    Execution Region ER_IROM1 (Exec base: 0x08000000, Load base: 0x08000000, Size: 0x0000c1f0, Max: 0x00200000, ABSOLUTE)

    Exec Addr    Load Addr    Size         Type   Attr      Idx    E Section Name        Object

    0x08000000   0x08000000   0x00000298   Data   RO            3    RESET               startup_stm32h743xx.o
    0x08000298   0x08000298   0x00000000   Code   RO         1965  * .ARM.Collect$$$$00000000  mc_w.l(entry.o)
    0x08000298   0x08000298   0x00000004   Code   RO         2062    .ARM.Collect$$$$00000001  mc_w.l(entry2.o)
    0x0800029c   0x0800029c   0x00000004   Code   RO         2065    .ARM.Collect$$$$00000004  mc_w.l(entry5.o)
    0x080002a0   0x080002a0   0x00000000   Code   RO         2067    .ARM.Collect$$$$00000008  mc_w.l(entry7b.o)
    0x080002a0   0x080002a0   0x00000000   Code   RO         2069    .ARM.Collect$$$$0000000A  mc_w.l(entry8b.o)
    0x080002a0   0x080002a0   0x00000008   Code   RO         2070    .ARM.Collect$$$$0000000B  mc_w.l(entry9a.o)
    0x080002a8   0x080002a8   0x00000000   Code   RO         2072    .ARM.Collect$$$$0000000D  mc_w.l(entry10a.o)
    0x080002a8   0x080002a8   0x00000000   Code   RO         2074    .ARM.Collect$$$$0000000F  mc_w.l(entry11a.o)
    0x080002a8   0x080002a8   0x00000004   Code   RO         2063    .ARM.Collect$$$$00002712  mc_w.l(entry2.o)
    0x080002ac   0x080002ac   0x00000024   Code   RO            4    .text               startup_stm32h743xx.o
    0x080002d0   0x080002d0   0x00000062   Code   RO         1968    .text               mc_w.l(uldiv.o)
    0x08000332   0x08000332   0x00000024   Code   RO         1972    .text               mc_w.l(memseta.o)
    0x08000356   0x08000356   0x0000001e   Code   RO         2083    .text               mc_w.l(llshl.o)
    0x08000374   0x08000374   0x00000020   Code   RO         2085    .text               mc_w.l(llushr.o)
    0x08000394   0x08000394   0x00000000   Code   RO         2096    .text               mc_w.l(iusefp.o)
    0x08000394   0x08000394   0x00000024   Code   RO         2111    .text               mc_w.l(init.o)
    0x080003b8   0x080003b8   0x00000004   Code   RO          119    .text.BusFault_Handler  stm32h7xx_it.o
    0x080003bc   0x080003bc   0x00000004   PAD
    0x080003c0   0x080003c0   0x00000056   Code   RO         1798    .text.CalibrateYawOffset  initialize.o
    0x08000416   0x08000416   0x00000002   PAD
    0x08000418   0x08000418   0x00000046   Code   RO         1828    .text.CarState_Init  kinematics.o
    0x0800045e   0x0800045e   0x00000002   PAD
    0x08000460   0x08000460   0x00000100   Code   RO         1830    .text.CarState_Update  kinematics.o
    0x08000560   0x08000560   0x00000002   Code   RO          125    .text.DebugMon_Handler  stm32h7xx_it.o
    0x08000562   0x08000562   0x00000006   PAD
    0x08000568   0x08000568   0x000000f8   Code   RO         1647    .text.EncoderInit   hall_encoder.o
    0x08000660   0x08000660   0x00000036   Code   RO         1651    .text.EncoderParamInit  hall_encoder.o
    0x08000696   0x08000696   0x00000002   PAD
    0x08000698   0x08000698   0x0000000e   Code   RO           17    .text.Error_Handler  main.o
    0x080006a6   0x080006a6   0x00000002   PAD
    0x080006a8   0x080006a8   0x000001c0   Code   RO         1910    .text.GYROSCOPE_DATA_Decoder  wit_c_sdk.o
    0x08000868   0x08000868   0x0000099a   Code   RO          505    .text.HAL_DMA_Abort  stm32h7xx_hal_dma.o
    0x08001202   0x08001202   0x00000006   PAD
    0x08001208   0x08001208   0x000006c8   Code   RO          507    .text.HAL_DMA_Abort_IT  stm32h7xx_hal_dma.o
    0x080018d0   0x080018d0   0x0000004e   Code   RO          756    .text.HAL_Delay     stm32h7xx_hal.o
    0x0800191e   0x0800191e   0x00000002   PAD
    0x08001920   0x08001920   0x000003da   Code   RO          433    .text.HAL_GPIO_Init  stm32h7xx_hal_gpio.o
    0x08001cfa   0x08001cfa   0x00000006   PAD
    0x08001d00   0x08001d00   0x00000042   Code   RO          439    .text.HAL_GPIO_WritePin  stm32h7xx_hal_gpio.o
    0x08001d42   0x08001d42   0x00000006   PAD
    0x08001d48   0x08001d48   0x0000000e   Code   RO          764    .text.HAL_GetREVID  stm32h7xx_hal.o
    0x08001d56   0x08001d56   0x00000002   PAD
    0x08001d58   0x08001d58   0x0000000c   Code   RO          748    .text.HAL_GetTick   stm32h7xx_hal.o
    0x08001d64   0x08001d64   0x00000004   PAD
    0x08001d68   0x08001d68   0x000000a0   Code   RO         1013    .text.HAL_I2CEx_ConfigAnalogFilter  stm32h7xx_hal_i2c_ex.o
    0x08001e08   0x08001e08   0x000000aa   Code   RO         1015    .text.HAL_I2CEx_ConfigDigitalFilter  stm32h7xx_hal_i2c_ex.o
    0x08001eb2   0x08001eb2   0x00000006   PAD
    0x08001eb8   0x08001eb8   0x0000011c   Code   RO          843    .text.HAL_I2C_Init  stm32h7xx_hal_i2c.o
    0x08001fd4   0x08001fd4   0x00000004   PAD
    0x08001fd8   0x08001fd8   0x000002c0   Code   RO          911    .text.HAL_I2C_Mem_Read  stm32h7xx_hal_i2c.o
    0x08002298   0x08002298   0x000000b4   Code   RO           49    .text.HAL_I2C_MspInit  i2c.o
    0x0800234c   0x0800234c   0x00000004   PAD
    0x08002350   0x08002350   0x0000001a   Code   RO          746    .text.HAL_IncTick   stm32h7xx_hal.o
    0x0800236a   0x0800236a   0x00000006   PAD
    0x08002370   0x08002370   0x00000082   Code   RO          736    .text.HAL_Init      stm32h7xx_hal.o
    0x080023f2   0x080023f2   0x00000006   PAD
    0x080023f8   0x080023f8   0x0000008e   Code   RO          738    .text.HAL_InitTick  stm32h7xx_hal.o
    0x08002486   0x08002486   0x00000002   PAD
    0x08002488   0x08002488   0x00000078   Code   RO          190    .text.HAL_MPU_ConfigRegion  stm32h7xx_hal_cortex.o
    0x08002500   0x08002500   0x00000022   Code   RO          182    .text.HAL_MPU_Disable  stm32h7xx_hal_cortex.o
    0x08002522   0x08002522   0x00000006   PAD
    0x08002528   0x08002528   0x00000034   Code   RO          184    .text.HAL_MPU_Enable  stm32h7xx_hal_cortex.o
    0x0800255c   0x0800255c   0x00000004   PAD
    0x08002560   0x08002560   0x00000026   Code   RO          145    .text.HAL_MspInit   stm32h7xx_hal_msp.o
    0x08002586   0x08002586   0x00000002   PAD
    0x08002588   0x08002588   0x00000018   Code   RO          166    .text.HAL_NVIC_EnableIRQ  stm32h7xx_hal_cortex.o
    0x080025a0   0x080025a0   0x00000048   Code   RO          158    .text.HAL_NVIC_SetPriority  stm32h7xx_hal_cortex.o
    0x080025e8   0x080025e8   0x00000014   Code   RO          154    .text.HAL_NVIC_SetPriorityGrouping  stm32h7xx_hal_cortex.o
    0x080025fc   0x080025fc   0x00000004   PAD
    0x08002600   0x08002600   0x000000aa   Code   RO          648    .text.HAL_PWREx_ConfigSupply  stm32h7xx_hal_pwr_ex.o
    0x080026aa   0x080026aa   0x00000006   PAD
    0x080026b0   0x080026b0   0x0000002a   Code   RO          284    .text.HAL_RCCEx_GetD3PCLK1Freq  stm32h7xx_hal_rcc_ex.o
    0x080026da   0x080026da   0x00000006   PAD
    0x080026e0   0x080026e0   0x000002b4   Code   RO          280    .text.HAL_RCCEx_GetPLL2ClockFreq  stm32h7xx_hal_rcc_ex.o
    0x08002994   0x08002994   0x00000004   PAD
    0x08002998   0x08002998   0x000002b4   Code   RO          282    .text.HAL_RCCEx_GetPLL3ClockFreq  stm32h7xx_hal_rcc_ex.o
    0x08002c4c   0x08002c4c   0x00000004   PAD
    0x08002c50   0x08002c50   0x00001116   Code   RO          268    .text.HAL_RCCEx_PeriphCLKConfig  stm32h7xx_hal_rcc_ex.o
    0x08003d66   0x08003d66   0x00000002   PAD
    0x08003d68   0x08003d68   0x000004aa   Code   RO          236    .text.HAL_RCC_ClockConfig  stm32h7xx_hal_rcc.o
    0x08004212   0x08004212   0x00000006   PAD
    0x08004218   0x08004218   0x00000058   Code   RO          246    .text.HAL_RCC_GetHCLKFreq  stm32h7xx_hal_rcc.o
    0x08004270   0x08004270   0x0000002a   Code   RO          248    .text.HAL_RCC_GetPCLK1Freq  stm32h7xx_hal_rcc.o
    0x0800429a   0x0800429a   0x00000006   PAD
    0x080042a0   0x080042a0   0x0000002a   Code   RO          250    .text.HAL_RCC_GetPCLK2Freq  stm32h7xx_hal_rcc.o
    0x080042ca   0x080042ca   0x00000006   PAD
    0x080042d0   0x080042d0   0x00000314   Code   RO          238    .text.HAL_RCC_GetSysClockFreq  stm32h7xx_hal_rcc.o
    0x080045e4   0x080045e4   0x00000004   PAD
    0x080045e8   0x080045e8   0x00000bb6   Code   RO          234    .text.HAL_RCC_OscConfig  stm32h7xx_hal_rcc.o
    0x0800519e   0x0800519e   0x00000002   PAD
    0x080051a0   0x080051a0   0x00000014   Code   RO          178    .text.HAL_SYSTICK_Config  stm32h7xx_hal_cortex.o
    0x080051b4   0x080051b4   0x00000004   PAD
    0x080051b8   0x080051b8   0x0000000c   Code   RO         1395    .text.HAL_TIMEx_Break2Callback  stm32h7xx_hal_tim_ex.o
    0x080051c4   0x080051c4   0x00000004   PAD
    0x080051c8   0x080051c8   0x0000000c   Code   RO         1393    .text.HAL_TIMEx_BreakCallback  stm32h7xx_hal_tim_ex.o
    0x080051d4   0x080051d4   0x00000004   PAD
    0x080051d8   0x080051d8   0x0000000c   Code   RO         1389    .text.HAL_TIMEx_CommutCallback  stm32h7xx_hal_tim_ex.o
    0x080051e4   0x080051e4   0x00000004   PAD
    0x080051e8   0x080051e8   0x00000160   Code   RO         1377    .text.HAL_TIMEx_MasterConfigSynchronization  stm32h7xx_hal_tim_ex.o
    0x08005348   0x08005348   0x000000b6   Code   RO         1059    .text.HAL_TIM_Base_Init  stm32h7xx_hal_tim.o
    0x080053fe   0x080053fe   0x00000002   PAD
    0x08005400   0x08005400   0x000000d2   Code   RO           76    .text.HAL_TIM_Base_MspInit  tim.o
    0x080054d2   0x080054d2   0x00000006   PAD
    0x080054d8   0x080054d8   0x00000108   Code   RO         1073    .text.HAL_TIM_Base_Start_IT  stm32h7xx_hal_tim.o
    0x080055e0   0x080055e0   0x000001f8   Code   RO         1255    .text.HAL_TIM_ConfigClockSource  stm32h7xx_hal_tim.o
    0x080057d8   0x080057d8   0x00000146   Code   RO         1173    .text.HAL_TIM_Encoder_Init  stm32h7xx_hal_tim.o
    0x0800591e   0x0800591e   0x00000002   PAD
    0x08005920   0x08005920   0x00000100   Code   RO           74    .text.HAL_TIM_Encoder_MspInit  tim.o
    0x08005a20   0x08005a20   0x0000000c   Code   RO         1195    .text.HAL_TIM_IC_CaptureCallback  stm32h7xx_hal_tim.o
    0x08005a2c   0x08005a2c   0x00000004   PAD
    0x08005a30   0x08005a30   0x0000023a   Code   RO         1193    .text.HAL_TIM_IRQHandler  stm32h7xx_hal_tim.o
    0x08005c6a   0x08005c6a   0x00000006   PAD
    0x08005c70   0x08005c70   0x0000006a   Code   RO           68    .text.HAL_TIM_MspPostInit  tim.o
    0x08005cda   0x08005cda   0x00000006   PAD
    0x08005ce0   0x08005ce0   0x0000000c   Code   RO         1197    .text.HAL_TIM_OC_DelayElapsedCallback  stm32h7xx_hal_tim.o
    0x08005cec   0x08005cec   0x00000004   PAD
    0x08005cf0   0x08005cf0   0x000001d2   Code   RO         1229    .text.HAL_TIM_PWM_ConfigChannel  stm32h7xx_hal_tim.o
    0x08005ec2   0x08005ec2   0x00000006   PAD
    0x08005ec8   0x08005ec8   0x000000b6   Code   RO         1113    .text.HAL_TIM_PWM_Init  stm32h7xx_hal_tim.o
    0x08005f7e   0x08005f7e   0x00000002   PAD
    0x08005f80   0x08005f80   0x0000000c   Code   RO         1115    .text.HAL_TIM_PWM_MspInit  stm32h7xx_hal_tim.o
    0x08005f8c   0x08005f8c   0x00000004   PAD
    0x08005f90   0x08005f90   0x0000000c   Code   RO         1199    .text.HAL_TIM_PWM_PulseFinishedCallback  stm32h7xx_hal_tim.o
    0x08005f9c   0x08005f9c   0x00000004   PAD
    0x08005fa0   0x08005fa0   0x0000028e   Code   RO         1121    .text.HAL_TIM_PWM_Start  stm32h7xx_hal_tim.o
    0x0800622e   0x0800622e   0x00000002   PAD
    0x08006230   0x08006230   0x00000020   Code   RO           19    .text.HAL_TIM_PeriodElapsedCallback  main.o
    0x08006250   0x08006250   0x0000000c   Code   RO         1203    .text.HAL_TIM_TriggerCallback  stm32h7xx_hal_tim.o
    0x0800625c   0x0800625c   0x00000004   PAD
    0x08006260   0x08006260   0x00000080   Code   RO         1580    .text.HAL_UARTEx_DisableFifoMode  stm32h7xx_hal_uart_ex.o
    0x080062e0   0x080062e0   0x00000014   Code   RO         1503    .text.HAL_UARTEx_RxEventCallback  stm32h7xx_hal_uart.o
    0x080062f4   0x080062f4   0x00000004   PAD
    0x080062f8   0x080062f8   0x0000000c   Code   RO         1562    .text.HAL_UARTEx_RxFifoFullCallback  stm32h7xx_hal_uart_ex.o
    0x08006304   0x08006304   0x00000004   PAD
    0x08006308   0x08006308   0x00000094   Code   RO         1584    .text.HAL_UARTEx_SetRxFifoThreshold  stm32h7xx_hal_uart_ex.o
    0x0800639c   0x0800639c   0x00000004   PAD
    0x080063a0   0x080063a0   0x00000094   Code   RO         1582    .text.HAL_UARTEx_SetTxFifoThreshold  stm32h7xx_hal_uart_ex.o
    0x08006434   0x08006434   0x00000004   PAD
    0x08006438   0x08006438   0x0000000c   Code   RO         1564    .text.HAL_UARTEx_TxFifoEmptyCallback  stm32h7xx_hal_uart_ex.o
    0x08006444   0x08006444   0x00000004   PAD
    0x08006448   0x08006448   0x0000000c   Code   RO         1560    .text.HAL_UARTEx_WakeupCallback  stm32h7xx_hal_uart_ex.o
    0x08006454   0x08006454   0x00000004   PAD
    0x08006458   0x08006458   0x00000036   Code   RO           23    .text.HAL_UART_ErrorCallback  main.o
    0x0800648e   0x0800648e   0x00000002   PAD
    0x08006490   0x08006490   0x000006e6   Code   RO         1497    .text.HAL_UART_IRQHandler  stm32h7xx_hal_uart.o
    0x08006b76   0x08006b76   0x00000002   PAD
    0x08006b78   0x08006b78   0x000000b6   Code   RO         1409    .text.HAL_UART_Init  stm32h7xx_hal_uart.o
    0x08006c2e   0x08006c2e   0x00000002   PAD
    0x08006c30   0x08006c30   0x0000015e   Code   RO           99    .text.HAL_UART_MspInit  usart.o
    0x08006d8e   0x08006d8e   0x00000002   PAD
    0x08006d90   0x08006d90   0x000000b4   Code   RO         1445    .text.HAL_UART_Receive_IT  stm32h7xx_hal_uart.o
    0x08006e44   0x08006e44   0x00000004   PAD
    0x08006e48   0x08006e48   0x00000026   Code   RO           21    .text.HAL_UART_RxCpltCallback  main.o
    0x08006e6e   0x08006e6e   0x00000002   PAD
    0x08006e70   0x08006e70   0x0000000c   Code   RO         1507    .text.HAL_UART_TxCpltCallback  stm32h7xx_hal_uart.o
    0x08006e7c   0x08006e7c   0x00000004   PAD
    0x08006e80   0x08006e80   0x00000004   Code   RO          115    .text.HardFault_Handler  stm32h7xx_it.o
    0x08006e84   0x08006e84   0x00000004   PAD
    0x08006e88   0x08006e88   0x00000046   Code   RO          867    .text.I2C_Flush_TXDR  stm32h7xx_hal_i2c.o
    0x08006ece   0x08006ece   0x00000002   PAD
    0x08006ed0   0x08006ed0   0x0000021e   Code   RO         1003    .text.I2C_IsErrorOccurred  stm32h7xx_hal_i2c.o
    0x080070ee   0x080070ee   0x00000002   PAD
    0x080070f0   0x080070f0   0x000000e0   Code   RO          913    .text.I2C_RequestMemoryRead  stm32h7xx_hal_i2c.o
    0x080071d0   0x080071d0   0x0000006c   Code   RO          855    .text.I2C_TransferConfig  stm32h7xx_hal_i2c.o
    0x0800723c   0x0800723c   0x00000004   PAD
    0x08007240   0x08007240   0x000000e6   Code   RO          853    .text.I2C_WaitOnFlagUntilTimeout  stm32h7xx_hal_i2c.o
    0x08007326   0x08007326   0x00000002   PAD
    0x08007328   0x08007328   0x000000bc   Code   RO          859    .text.I2C_WaitOnSTOPFlagUntilTimeout  stm32h7xx_hal_i2c.o
    0x080073e4   0x080073e4   0x00000004   PAD
    0x080073e8   0x080073e8   0x000000c8   Code   RO          857    .text.I2C_WaitOnTXISFlagUntilTimeout  stm32h7xx_hal_i2c.o
    0x080074b0   0x080074b0   0x00000050   Code   RO         1629    .text.IIC_Get_Digtal  ganwei_i2c.o
    0x08007500   0x08007500   0x00000058   Code   RO         1621    .text.IIC_ReadBytes  ganwei_i2c.o
    0x08007558   0x08007558   0x00000170   Code   RO         1908    .text.IT_JY61P      wit_c_sdk.o
    0x080076c8   0x080076c8   0x00000034   Code   RO         1912    .text.JY61P_Init    wit_c_sdk.o
    0x080076fc   0x080076fc   0x00000004   PAD
    0x08007700   0x08007700   0x0000002e   Code   RO         1784    .text.LMotorSet     initialize.o
    0x0800772e   0x0800772e   0x00000002   PAD
    0x08007730   0x08007730   0x0000009a   Code   RO         1653    .text.LRInit        hall_encoder.o
    0x080077ca   0x080077ca   0x00000006   PAD
    0x080077d0   0x080077d0   0x00000056   Code   RO         1788    .text.LSet          initialize.o
    0x08007826   0x08007826   0x00000002   PAD
    0x08007828   0x08007828   0x0000016e   Code   RO         1782    .text.MEInit        initialize.o
    0x08007996   0x08007996   0x00000002   PAD
    0x08007998   0x08007998   0x000000d0   Code   RO           13    .text.MPU_Config    main.o
    0x08007a68   0x08007a68   0x00000178   Code   RO           38    .text.MX_GPIO_Init  gpio.o
    0x08007be0   0x08007be0   0x00000076   Code   RO           47    .text.MX_I2C1_Init  i2c.o
    0x08007c56   0x08007c56   0x00000002   PAD
    0x08007c58   0x08007c58   0x0000003a   Code   RO           72    .text.MX_TIM13_Init  tim.o
    0x08007c92   0x08007c92   0x00000006   PAD
    0x08007c98   0x08007c98   0x00000094   Code   RO           62    .text.MX_TIM1_Init  tim.o
    0x08007d2c   0x08007d2c   0x00000004   PAD
    0x08007d30   0x08007d30   0x00000096   Code   RO           64    .text.MX_TIM3_Init  tim.o
    0x08007dc6   0x08007dc6   0x00000002   PAD
    0x08007dc8   0x08007dc8   0x00000108   Code   RO           66    .text.MX_TIM5_Init  tim.o
    0x08007ed0   0x08007ed0   0x00000062   Code   RO           70    .text.MX_TIM7_Init  tim.o
    0x08007f32   0x08007f32   0x00000006   PAD
    0x08007f38   0x08007f38   0x0000008e   Code   RO           95    .text.MX_USART1_UART_Init  usart.o
    0x08007fc6   0x08007fc6   0x00000002   PAD
    0x08007fc8   0x08007fc8   0x0000008e   Code   RO           97    .text.MX_USART2_UART_Init  usart.o
    0x08008056   0x08008056   0x00000002   PAD
    0x08008058   0x08008058   0x00000004   Code   RO          117    .text.MemManage_Handler  stm32h7xx_it.o
    0x0800805c   0x0800805c   0x00000004   PAD
    0x08008060   0x08008060   0x0000019c   Code   RO         1739    .text.Motion_Car_Control  tracking.o
    0x080081fc   0x080081fc   0x00000004   PAD
    0x08008200   0x08008200   0x0000016a   Code   RO         1715    .text.Motor_UI_Init  tb6612fng.o
    0x0800836a   0x0800836a   0x00000006   PAD
    0x08008370   0x08008370   0x00000196   Code   RO         1717    .text.Motor_UI_Set  tb6612fng.o
    0x08008506   0x08008506   0x00000002   PAD
    0x08008508   0x08008508   0x00000004   Code   RO          113    .text.NMI_Handler   stm32h7xx_it.o
    0x0800850c   0x0800850c   0x00000004   PAD
    0x08008510   0x08008510   0x00000080   Code   RO          164    .text.NVIC_EncodePriority  stm32h7xx_hal_cortex.o
    0x08008590   0x08008590   0x00000160   Code   RO         1731    .text.PID_IR_Calc_Custom  tracking.o
    0x080086f0   0x080086f0   0x00000002   Code   RO          127    .text.PendSV_Handler  stm32h7xx_it.o
    0x080086f2   0x080086f2   0x00000006   PAD
    0x080086f8   0x080086f8   0x000001d8   Code   RO          270    .text.RCCEx_PLL2_Config  stm32h7xx_hal_rcc_ex.o
    0x080088d0   0x080088d0   0x000001d8   Code   RO          272    .text.RCCEx_PLL3_Config  stm32h7xx_hal_rcc_ex.o
    0x08008aa8   0x08008aa8   0x0000002e   Code   RO         1786    .text.RMotorSet     initialize.o
    0x08008ad6   0x08008ad6   0x00000002   PAD
    0x08008ad8   0x08008ad8   0x00000056   Code   RO         1790    .text.RSet          initialize.o
    0x08008b2e   0x08008b2e   0x00000002   PAD
    0x08008b30   0x08008b30   0x00000056   Code   RO         1649    .text.ReloadTime    hall_encoder.o
    0x08008b86   0x08008b86   0x00000002   PAD
    0x08008b88   0x08008b88   0x00000002   Code   RO          123    .text.SVC_Handler   stm32h7xx_it.o
    0x08008b8a   0x08008b8a   0x00000006   PAD
    0x08008b90   0x08008b90   0x0000005a   Code   RO          180    .text.SysTick_Config  stm32h7xx_hal_cortex.o
    0x08008bea   0x08008bea   0x00000006   PAD
    0x08008bf0   0x08008bf0   0x00000008   Code   RO          129    .text.SysTick_Handler  stm32h7xx_it.o
    0x08008bf8   0x08008bf8   0x00000162   Code   RO           15    .text.SystemClock_Config  main.o
    0x08008d5a   0x08008d5a   0x00000006   PAD
    0x08008d60   0x08008d60   0x0000015a   Code   RO         1604    .text.SystemInit    system_stm32h7xx.o
    0x08008eba   0x08008eba   0x00000006   PAD
    0x08008ec0   0x08008ec0   0x00000010   Code   RO          135    .text.TIM7_IRQHandler  stm32h7xx_it.o
    0x08008ed0   0x08008ed0   0x00000010   Code   RO          133    .text.TIM8_UP_TIM13_IRQHandler  stm32h7xx_it.o
    0x08008ee0   0x08008ee0   0x000001ba   Code   RO         1063    .text.TIM_Base_SetConfig  stm32h7xx_hal_tim.o
    0x0800909a   0x0800909a   0x00000006   PAD
    0x080090a0   0x080090a0   0x0000004a   Code   RO         1097    .text.TIM_CCxChannelCmd  stm32h7xx_hal_tim.o
    0x080090ea   0x080090ea   0x00000006   PAD
    0x080090f0   0x080090f0   0x0000004a   Code   RO         1253    .text.TIM_ETR_SetConfig  stm32h7xx_hal_tim.o
    0x0800913a   0x0800913a   0x00000006   PAD
    0x08009140   0x08009140   0x00000038   Code   RO         1259    .text.TIM_ITRx_SetConfig  stm32h7xx_hal_tim.o
    0x08009178   0x08009178   0x00000158   Code   RO         1207    .text.TIM_OC1_SetConfig  stm32h7xx_hal_tim.o
    0x080092d0   0x080092d0   0x0000017a   Code   RO         1209    .text.TIM_OC2_SetConfig  stm32h7xx_hal_tim.o
    0x0800944a   0x0800944a   0x00000006   PAD
    0x08009450   0x08009450   0x00000178   Code   RO         1211    .text.TIM_OC3_SetConfig  stm32h7xx_hal_tim.o
    0x080095c8   0x080095c8   0x000000e2   Code   RO         1213    .text.TIM_OC4_SetConfig  stm32h7xx_hal_tim.o
    0x080096aa   0x080096aa   0x00000006   PAD
    0x080096b0   0x080096b0   0x000000d8   Code   RO         1215    .text.TIM_OC5_SetConfig  stm32h7xx_hal_tim.o
    0x08009788   0x08009788   0x000000da   Code   RO         1217    .text.TIM_OC6_SetConfig  stm32h7xx_hal_tim.o
    0x08009862   0x08009862   0x00000006   PAD
    0x08009868   0x08009868   0x00000062   Code   RO         1257    .text.TIM_TI1_ConfigInputStage  stm32h7xx_hal_tim.o
    0x080098ca   0x080098ca   0x00000006   PAD
    0x080098d0   0x080098d0   0x00000064   Code   RO         1261    .text.TIM_TI2_ConfigInputStage  stm32h7xx_hal_tim.o
    0x08009934   0x08009934   0x00000004   PAD
    0x08009938   0x08009938   0x00000090   Code   RO         1578    .text.UARTEx_SetNbDataToProcess  stm32h7xx_hal_uart_ex.o
    0x080099c8   0x080099c8   0x0000013e   Code   RO         1413    .text.UART_AdvFeatureConfig  stm32h7xx_hal_uart.o
    0x08009b06   0x08009b06   0x00000002   PAD
    0x08009b08   0x08009b08   0x0000014e   Code   RO         1417    .text.UART_CheckIdleState  stm32h7xx_hal_uart.o
    0x08009c56   0x08009c56   0x00000002   PAD
    0x08009c58   0x08009c58   0x00000028   Code   RO         1499    .text.UART_DMAAbortOnError  stm32h7xx_hal_uart.o
    0x08009c80   0x08009c80   0x000000a2   Code   RO         1469    .text.UART_EndRxTransfer  stm32h7xx_hal_uart.o
    0x08009d22   0x08009d22   0x00000006   PAD
    0x08009d28   0x08009d28   0x00000048   Code   RO         1505    .text.UART_EndTransmit_IT  stm32h7xx_hal_uart.o
    0x08009d70   0x08009d70   0x00000188   Code   RO         1541    .text.UART_RxISR_16BIT  stm32h7xx_hal_uart.o
    0x08009ef8   0x08009ef8   0x0000031c   Code   RO         1537    .text.UART_RxISR_16BIT_FIFOEN  stm32h7xx_hal_uart.o
    0x0800a214   0x0800a214   0x00000004   PAD
    0x0800a218   0x0800a218   0x00000184   Code   RO         1543    .text.UART_RxISR_8BIT  stm32h7xx_hal_uart.o
    0x0800a39c   0x0800a39c   0x00000004   PAD
    0x0800a3a0   0x0800a3a0   0x00000318   Code   RO         1539    .text.UART_RxISR_8BIT_FIFOEN  stm32h7xx_hal_uart.o
    0x0800a6b8   0x0800a6b8   0x0000093c   Code   RO         1415    .text.UART_SetConfig  stm32h7xx_hal_uart.o
    0x0800aff4   0x0800aff4   0x00000004   PAD
    0x0800aff8   0x0800aff8   0x00000244   Code   RO         1447    .text.UART_Start_Receive_IT  stm32h7xx_hal_uart.o
    0x0800b23c   0x0800b23c   0x00000004   PAD
    0x0800b240   0x0800b240   0x0000012a   Code   RO         1431    .text.UART_WaitOnFlagUntilTimeout  stm32h7xx_hal_uart.o
    0x0800b36a   0x0800b36a   0x00000006   PAD
    0x0800b370   0x0800b370   0x00000010   Code   RO          131    .text.USART2_IRQHandler  stm32h7xx_it.o
    0x0800b380   0x0800b380   0x000000d0   Code   RO         1800    .text.UpdateData    initialize.o
    0x0800b450   0x0800b450   0x0000002c   Code   RO         1802    .text.UpdateData_Car  initialize.o
    0x0800b47c   0x0800b47c   0x00000004   PAD
    0x0800b480   0x0800b480   0x00000004   Code   RO          121    .text.UsageFault_Handler  stm32h7xx_it.o
    0x0800b484   0x0800b484   0x00000004   PAD
    0x0800b488   0x0800b488   0x00000036   Code   RO          168    .text.__NVIC_EnableIRQ  stm32h7xx_hal_cortex.o
    0x0800b4be   0x0800b4be   0x00000002   PAD
    0x0800b4c0   0x0800b4c0   0x00000010   Code   RO          160    .text.__NVIC_GetPriorityGrouping  stm32h7xx_hal_cortex.o
    0x0800b4d0   0x0800b4d0   0x0000004a   Code   RO          162    .text.__NVIC_SetPriority  stm32h7xx_hal_cortex.o
    0x0800b51a   0x0800b51a   0x00000006   PAD
    0x0800b520   0x0800b520   0x00000040   Code   RO          156    .text.__NVIC_SetPriorityGrouping  stm32h7xx_hal_cortex.o
    0x0800b560   0x0800b560   0x0000004a   Code   RO         1665    .text.cSpeed        hall_encoder.o
    0x0800b5aa   0x0800b5aa   0x00000006   PAD
    0x0800b5b0   0x0800b5b0   0x00000068   Code   RO         1661    .text.getSpeed      hall_encoder.o
    0x0800b618   0x0800b618   0x00000012   Code   RO         1796    .text.getWz         initialize.o
    0x0800b62a   0x0800b62a   0x00000006   PAD
    0x0800b630   0x0800b630   0x00000012   Code   RO         1794    .text.getYaw        initialize.o
    0x0800b642   0x0800b642   0x00000006   PAD
    0x0800b648   0x0800b648   0x0000012e   Code   RO         1735    .text.lineWalking_core  tracking.o
    0x0800b776   0x0800b776   0x00000002   PAD
    0x0800b778   0x0800b778   0x0000001c   Code   RO         1737    .text.lineWalking_low  tracking.o
    0x0800b794   0x0800b794   0x00000004   PAD
    0x0800b798   0x0800b798   0x0000013e   Code   RO           11    .text.main          main.o
    0x0800b8d6   0x0800b8d6   0x00000002   PAD
    0x0800b8d8   0x0800b8d8   0x00000094   Code   RO         1832    .text.sumTheta      kinematics.o
    0x0800b96c   0x0800b96c   0x00000030   Code   RO         2107    i.__ARM_fpclassify  m_wv.l(fpclassify.o)
    0x0800b99c   0x0800b99c   0x00000004   PAD
    0x0800b9a0   0x0800b9a0   0x000000b0   Code   RO         1935    i.__hardfp_cos      m_wv.l(cos.o)
    0x0800ba50   0x0800ba50   0x000000b0   Code   RO         1953    i.__hardfp_sin      m_wv.l(sin.o)
    0x0800bb00   0x0800bb00   0x00000308   Code   RO         2051    i.__ieee754_rem_pio2  m_wv.l(rred.o)
    0x0800be08   0x0800be08   0x000000c4   Code   RO         2034    i.__kernel_cos      m_wv.l(cos_i.o)
    0x0800becc   0x0800becc   0x00000070   Code   RO         2109    i.__kernel_poly     m_wv.l(poly.o)
    0x0800bf3c   0x0800bf3c   0x00000004   PAD
    0x0800bf40   0x0800bf40   0x000000a0   Code   RO         2056    i.__kernel_sin      m_wv.l(sin_i.o)
    0x0800bfe0   0x0800bfe0   0x00000018   Code   RO         2040    i.__mathlib_dbl_invalid  m_wv.l(dunder.o)
    0x0800bff8   0x0800bff8   0x00000018   Code   RO         2043    i.__mathlib_dbl_underflow  m_wv.l(dunder.o)
    0x0800c010   0x0800c010   0x0000000e   Code   RO         2121    i.__scatterload_copy  mc_w.l(handlers.o)
    0x0800c01e   0x0800c01e   0x00000002   Code   RO         2122    i.__scatterload_null  mc_w.l(handlers.o)
    0x0800c020   0x0800c020   0x0000000e   Code   RO         2123    i.__scatterload_zeroinit  mc_w.l(handlers.o)
    0x0800c02e   0x0800c02e   0x00000002   PAD
    0x0800c030   0x0800c030   0x0000000c   Code   RO         2091    i.__set_errno       mc_w.l(errno.o)
    0x0800c03c   0x0800c03c   0x00000018   Code   RO         1949    i.fabs              m_wv.l(fabs.o)
    0x0800c054   0x0800c054   0x00000004   PAD
    0x0800c058   0x0800c058   0x00000030   Data   RO         2035    .constdata          m_wv.l(cos_i.o)
    0x0800c088   0x0800c088   0x000000c8   Data   RO         2053    .constdata          m_wv.l(rred.o)
    0x0800c150   0x0800c150   0x00000028   Data   RO         2057    .constdata          m_wv.l(sin_i.o)
    0x0800c178   0x0800c178   0x00000010   Data   RO         1610    .rodata.D1CorePrescTable  system_stm32h7xx.o
    0x0800c188   0x0800c188   0x00000008   Data   RO         1595    .rodata.UARTEx_SetNbDataToProcess.denominator  stm32h7xx_hal_uart_ex.o
    0x0800c190   0x0800c190   0x00000008   Data   RO         1594    .rodata.UARTEx_SetNbDataToProcess.numerator  stm32h7xx_hal_uart_ex.o
    0x0800c198   0x0800c198   0x00000018   Data   RO         1549    .rodata.UARTPrescTable  stm32h7xx_hal_uart.o
    0x0800c1b0   0x0800c1b0   0x00000020   Data   RO         1753    .rodata.cst32       tracking.o
    0x0800c1d0   0x0800c1d0   0x00000020   Data   RO         2120    Region$$Table       anon$$obj.o


    Execution Region RW_IRAM1 (Exec base: 0x20000000, Load base: 0x0800c1f0, Size: 0x00000000, Max: 0x00020000, ABSOLUTE)

    **** No section assigned to this execution region ****


    Execution Region RW_IRAM2 (Exec base: 0x24000000, Load base: 0x0800c1f0, Size: 0x000079b8, Max: 0x00080000, ABSOLUTE)

    Exec Addr    Load Addr    Size         Type   Attr      Idx    E Section Name        Object

    0x24000000   0x0800c1f0   0x00000004   Data   RW         2092    .data               mc_w.l(errno.o)
    0x24000004   0x0800c1f4   0x00000004   Data   RW         1608    .data.SystemCoreClock  system_stm32h7xx.o
    0x24000008   0x0800c1f8   0x00000004   Data   RW         1609    .data.SystemD2Clock  system_stm32h7xx.o
    0x2400000c   0x0800c1fc   0x00000001   Data   RW         1812    .data.UpdateData.first_run  initialize.o
    0x2400000d   0x0800c1fd   0x00000001   Data   RW          833    .data.uwTickFreq    stm32h7xx_hal.o
    0x2400000e   0x0800c1fe   0x00000002   PAD
    0x24000010   0x0800c200   0x00000004   Data   RW          832    .data.uwTickPrio    stm32h7xx_hal.o
    0x24000014   0x0800c204   0x00000004   PAD
    0x24000018        -       0x00000020   Zero   RW           26    .bss.Digtal         main.o
    0x24000038        -       0x00000050   Zero   RW           28    .bss.GyroscopeChannelData  main.o
    0x24000088        -       0x00000021   Zero   RW           27    .bss.GyroscopeUsart3RxBuffer  main.o
    0x240000a9   0x0800c204   0x00000003   PAD
    0x240000ac        -       0x00000004   Zero   RW         1676    .bss.LRFlag         hall_encoder.o
    0x240000b0        -       0x00000038   Zero   RW         1808    .bss.Le             initialize.o
    0x240000e8        -       0x00000004   Zero   RW         1752    .bss.PID_IR_Calc_Custom.Integral  tracking.o
    0x240000ec        -       0x00000002   Zero   RW         1751    .bss.PID_IR_Calc_Custom.error_last  tracking.o
    0x240000ee   0x0800c204   0x00000002   PAD
    0x240000f0        -       0x00000038   Zero   RW         1809    .bss.Ri             initialize.o
    0x24000128        -       0x00000004   Zero   RW         1811    .bss.UpdateData.last_time  initialize.o
    0x2400012c        -       0x00000020   Zero   RW         1810    .bss.car            initialize.o
    0x2400014c        -       0x00000010   Zero   RW         1813    .bss.current_data   initialize.o
    0x2400015c        -       0x00000140   Zero   RW         1677    .bss.encoders       hall_encoder.o
    0x2400029c        -       0x00000001   Zero   RW         1754    .bss.err            tracking.o
    0x2400029d   0x0800c204   0x00000003   PAD
    0x240002a0        -       0x00000054   Zero   RW           53    .bss.hi2c1          i2c.o
    0x240002f4        -       0x0000004c   Zero   RW           82    .bss.htim1          tim.o
    0x24000340        -       0x0000004c   Zero   RW           86    .bss.htim13         tim.o
    0x2400038c        -       0x0000004c   Zero   RW           83    .bss.htim3          tim.o
    0x240003d8        -       0x0000004c   Zero   RW           84    .bss.htim5          tim.o
    0x24000424        -       0x0000004c   Zero   RW           85    .bss.htim7          tim.o
    0x24000470        -       0x00000094   Zero   RW          103    .bss.huart1         usart.o
    0x24000504        -       0x00000094   Zero   RW          104    .bss.huart2         usart.o
    0x24000598        -       0x00000004   Zero   RW         1675    .bss.numEncoders    hall_encoder.o
    0x2400059c        -       0x00000004   Zero   RW         1749    .bss.pid_output_IRR  tracking.o
    0x240005a0        -       0x00000004   Zero   RW         1758    .bss.speed_L2_setup  tracking.o
    0x240005a4        -       0x00000004   Zero   RW         1759    .bss.speed_R2_setup  tracking.o
    0x240005a8        -       0x00000004   Zero   RW         1756    .bss.speed_fb       tracking.o
    0x240005ac        -       0x00000004   Zero   RW         1755    .bss.speed_lr       tracking.o
    0x240005b0        -       0x00000004   Zero   RW         1757    .bss.speed_spin     tracking.o
    0x240005b4        -       0x00000004   Zero   RW          834    .bss.uwTick         stm32h7xx_hal.o
    0x240005b8        -       0x00007400   Zero   RW            1    STACK               startup_stm32h743xx.o


==============================================================================

Image component sizes


      Code (inc. data)   RO Data    RW Data    ZI Data      Debug   Object Name

       168          0          0          0          0       2395   ganwei_i2c.o
       376          0          0          0          0       3055   gpio.o
       720         16          0          0        328       8699   hall_encoder.o
       298          0          0          0         84       7903   i2c.o
      1004          4          0          1        164       7682   initialize.o
       474         24          0          0          0       4468   kinematics.o
      1018          0          0          0        145      12805   main.o
        36          8        664          0      29696        840   startup_stm32h743xx.o
       402          0          0          5          4      13911   stm32h7xx_hal.o
       768          0          0          0          0      11642   stm32h7xx_hal_cortex.o
      4194          0          0          0          0      12888   stm32h7xx_hal_dma.o
      1052          0          0          0          0       7029   stm32h7xx_hal_gpio.o
      2550          0          0          0          0      37309   stm32h7xx_hal_i2c.o
       330          0          0          0          0       7298   stm32h7xx_hal_i2c_ex.o
        38          0          0          0          0       2236   stm32h7xx_hal_msp.o
       170          0          0          0          0      10448   stm32h7xx_hal_pwr_ex.o
      5152         66          0          0          0      11968   stm32h7xx_hal_rcc.o
      6744         96          0          0          0      19334   stm32h7xx_hal_rcc_ex.o
      5810         22          0          0          0      37895   stm32h7xx_hal_tim.o
       388          0          0          0          0      17573   stm32h7xx_hal_tim_ex.o
      8696        258         24          0          0      29278   stm32h7xx_hal_uart.o
       604          0         16          0          0       8914   stm32h7xx_hal_uart_ex.o
        82          0          0          0          0       1316   stm32h7xx_it.o
       346          0         16          8          0       5815   system_stm32h7xx.o
       768          6          0          0          0       6413   tb6612fng.o
      1290          0          0          0        380      12364   tim.o
      1094         24         32          0         31       2898   tracking.o
       634          0          0          0        296      11506   usart.o
       868         32          0          0          0      12156   wit_c_sdk.o

    ----------------------------------------------------------------------
     46552        576        784         16      31140     328038   Object Totals
         0          0         32          0          0          0   (incl. Generated)
       478         20          0          2         12          0   (incl. Padding)

    ----------------------------------------------------------------------

      Code (inc. data)   RO Data    RW Data    ZI Data      Debug   Library Member Name

       176         18          0          0          0        156   cos.o
       196         14         48          0          0        176   cos_i.o
        48         28          0          0          0        232   dunder.o
        24          0          0          0          0        124   fabs.o
        48          0          0          0          0        124   fpclassify.o
       112          0          0          0          0        116   poly.o
       776        130        200          0          0        172   rred.o
       176         18          0          0          0        160   sin.o
       160         16         40          0          0        196   sin_i.o
         0          0          0          0          0          0   entry.o
         0          0          0          0          0          0   entry10a.o
         0          0          0          0          0          0   entry11a.o
         8          4          0          0          0          0   entry2.o
         4          0          0          0          0          0   entry5.o
         0          0          0          0          0          0   entry7b.o
         0          0          0          0          0          0   entry8b.o
         8          4          0          0          0          0   entry9a.o
        12          6          0          4          0         68   errno.o
        30          0          0          0          0          0   handlers.o
        36          8          0          0          0         68   init.o
         0          0          0          0          0          0   iusefp.o
        30          0          0          0          0         68   llshl.o
        32          0          0          0          0         68   llushr.o
        36          0          0          0          0        108   memseta.o
        98          0          0          0          0         92   uldiv.o

    ----------------------------------------------------------------------
      2024        246        288          4          0       1928   Library Totals
        14          0          0          0          0          0   (incl. Padding)

    ----------------------------------------------------------------------

      Code (inc. data)   RO Data    RW Data    ZI Data      Debug   Library Name

      1716        224        288          0          0       1456   m_wv.l
       294         22          0          4          0        472   mc_w.l

    ----------------------------------------------------------------------
      2024        246        288          4          0       1928   Library Totals

    ----------------------------------------------------------------------

==============================================================================


      Code (inc. data)   RO Data    RW Data    ZI Data      Debug   

     48576        822       1072         20      31140     328734   Grand Totals
     48576        822       1072         20      31140     328734   ELF Image Totals
     48576        822       1072         20          0          0   ROM Totals

==============================================================================

    Total RO  Size (Code + RO Data)                49648 (  48.48kB)
    Total RW  Size (RW Data + ZI Data)             31160 (  30.43kB)
    Total ROM Size (Code + RO Data + RW Data)      49668 (  48.50kB)

==============================================================================

