<html>
<body>
<pre>
<h1>礦ision Build Log</h1>
<h2>Tool Versions:</h2>
IDE-Version: μVision V5.32.0.0
Copyright (C) 2020 ARM Ltd and ARM Germany GmbH. All rights reserved.
License Information: 好友电子 好友电子, 好友电子, LIC=S5ISZ-J90N0-68CFC-77WB8-1XVRG-EEU7T
 
Tool Versions:
Toolchain:       MDK-ARM Professional  Version: 5.32.0.0
Toolchain Path:  C:\Keil_v5\ARM\ARMCC\Bin
C Compiler:      Armcc.exe V5.06 update 7 (build 960)
Assembler:       Armasm.exe V5.06 update 7 (build 960)
Linker/Locator:  ArmLink.exe V5.06 update 7 (build 960)
Library Manager: ArmAr.exe V5.06 update 7 (build 960)
Hex Converter:   FromElf.exe V5.06 update 7 (build 960)
CPU DLL:         SARMCM3.DLL V5.32.0.0
Dialog DLL:      DCM.DLL V1.17.3.0
Target DLL:      UL2CM3.DLL V1.163.9.0
Dialog DLL:      TCM.DLL V1.46.0.0
 
<h2>Project:</h2>
\\yahboomrdc\产品资料\中文资料\官方资料\模块资料\传感器\八路巡线红外传感器\程序源码\2.小车巡线\7.STM32-轮式底盘V2底盘小车\八路巡线代码\EightWayTrack\USER\stm32_IR_Eight.uvprojx
Project File Date:  04/28/2025

<h2>Output:</h2>
*** Using Compiler 'V5.06 update 7 (build 960)', folder: 'C:\Keil_v5\ARM\ARMCC\Bin'
Rebuild target 'stm32_IR_Eight'
assembling startup_stm32f10x_hd.s...
compiling core_cm3.c...
compiling stm32f10x_it.c...
compiling stm32f10x_crc.c...
compiling misc.c...
compiling system_stm32f10x.c...
compiling stm32f10x_dac.c...
compiling stm32f10x_cec.c...
compiling stm32f10x_bkp.c...
compiling stm32f10x_adc.c...
compiling stm32f10x_can.c...
compiling stm32f10x_dbgmcu.c...
compiling main.c...
compiling stm32f10x_dma.c...
compiling stm32f10x_exti.c...
compiling stm32f10x_gpio.c...
compiling stm32f10x_fsmc.c...
compiling stm32f10x_i2c.c...
compiling stm32f10x_flash.c...
compiling stm32f10x_iwdg.c...
compiling stm32f10x_sdio.c...
compiling stm32f10x_rtc.c...
compiling stm32f10x_pwr.c...
compiling stm32f10x_rcc.c...
compiling stm32f10x_spi.c...
compiling stm32f10x_usart.c...
compiling stm32f10x_wwdg.c...
compiling stm32f10x_tim.c...
compiling delay.c...
compiling bsp.c...
compiling bsp_timer.c...
compiling IOI2C.c...
compiling app_irtracking.c...
compiling bsp_usart.c...
compiling app_usart.c...
compiling bsp_motor_iic.c...
..\BSP\Motor\bsp_motor_iic.c(137): warning:  #167-D: argument of type "int8_t *" is incompatible with parameter of type "uint8_t *"
  	i2cRead(Motor_model_ADDR, READ_TEN_M1Enconer_REG, 2, buf);
..\BSP\Motor\bsp_motor_iic.c(141): warning:  #167-D: argument of type "int8_t *" is incompatible with parameter of type "uint8_t *"
  	i2cRead(Motor_model_ADDR, READ_TEN_M2Enconer_REG, 2, buf);
..\BSP\Motor\bsp_motor_iic.c(145): warning:  #167-D: argument of type "int8_t *" is incompatible with parameter of type "uint8_t *"
  	i2cRead(Motor_model_ADDR, READ_TEN_M3Enconer_REG, 2, buf);
..\BSP\Motor\bsp_motor_iic.c(149): warning:  #167-D: argument of type "int8_t *" is incompatible with parameter of type "uint8_t *"
  	i2cRead(Motor_model_ADDR, READ_TEN_M4Enconer_REG, 2, buf);
..\BSP\Motor\bsp_motor_iic.c: 4 warnings, 0 errors
compiling app_motor.c...
..\BSP\Motor\app_motor.c(3): warning:  #550-D: variable "speed_lr"  was set but never used
  static float speed_lr = 0;
..\BSP\Motor\app_motor.c: 1 warning, 0 errors
linking...
Program Size: Code=6208 RO-data=336 RW-data=140 ZI-data=1244  
FromELF: creating hex file...
"..\OBJ\stm32_IR_Eight.axf" - 0 Error(s), 5 Warning(s).

<h2>Software Packages used:</h2>

Package Vendor: Keil
                http://www.keil.com/pack/Keil.STM32F1xx_DFP.1.0.5.pack
                Keil.STM32F1xx_DFP.1.0.5
                STMicroelectronics STM32F1 Series Device Support, Drivers and Examples

<h2>Collection of Component include folders:</h2>
  E:\keil5\Keil\STM32F1xx_DFP\1.0.5\Device\Include

<h2>Collection of Component Files used:</h2>
Build Time Elapsed:  00:00:07
</pre>
</body>
</html>
