<html>
<body>
<pre>
<h1>µVision Build Log</h1>
<h2>Tool Versions:</h2>
IDE-Version: ¦ÌVision V5.35.0.0
Copyright (C) 2021 ARM Ltd and ARM Germany GmbH. All rights reserved.
License Information: asdas abc, ASDSA, LIC=BUURY-ICH34-BSRYX-HNPIN-3DTAF-E9KIG
 
Tool Versions:
Toolchain:       MDK-ARM Plus  Version: 5.35.0.2
Toolchain Path:  D:\KEIL\ARM\ARMCC\Bin
C Compiler:      Armcc.exe V5.06 update 7 (build 960)
Assembler:       Armasm.exe V5.06 update 7 (build 960)
Linker/Locator:  ArmLink.exe V5.06 update 7 (build 960)
Library Manager: ArmAr.exe V5.06 update 7 (build 960)
Hex Converter:   FromElf.exe V5.06 update 7 (build 960)
CPU DLL:         SARMCM3.DLL V5.35.0.2
Dialog DLL:      DCM.DLL V1.17.3.0
Target DLL:      UL2CM3.DLL V1.164.0.0
Dialog DLL:      TCM.DLL V1.53.0.0
 
<h2>Project:</h2>
C:\Users\Administrator\Desktop\°ËÂ·Ñ²Ïß\EightWayTrack\USER\stm32_IR_Eight.uvprojx
Project File Date:  04/24/2025

<h2>Output:</h2>
*** Using Compiler 'V5.06 update 7 (build 960)', folder: 'D:\KEIL\ARM\ARMCC\Bin'
Rebuild target 'stm32_IR_Eight'
assembling startup_stm32f10x_hd.s...
compiling core_cm3.c...
compiling system_stm32f10x.c...
compiling stm32f10x_it.c...
compiling main.c...
compiling stm32f10x_crc.c...
compiling misc.c...
compiling stm32f10x_bkp.c...
compiling stm32f10x_cec.c...
compiling stm32f10x_dac.c...
compiling stm32f10x_adc.c...
compiling stm32f10x_can.c...
compiling stm32f10x_dbgmcu.c...
compiling stm32f10x_dma.c...
compiling stm32f10x_exti.c...
compiling stm32f10x_flash.c...
compiling stm32f10x_fsmc.c...
compiling stm32f10x_iwdg.c...
compiling stm32f10x_gpio.c...
compiling stm32f10x_i2c.c...
compiling stm32f10x_pwr.c...
compiling stm32f10x_rtc.c...
compiling stm32f10x_rcc.c...
compiling stm32f10x_sdio.c...
compiling stm32f10x_spi.c...
compiling stm32f10x_usart.c...
compiling stm32f10x_wwdg.c...
compiling bsp.c...
compiling delay.c...
compiling stm32f10x_tim.c...
compiling bsp_timer.c...
compiling app_motor.c...
..\BSP\Motor\app_motor.c(3): warning:  #550-D: variable "speed_lr"  was set but never used
  static float speed_lr = 0;
..\BSP\Motor\app_motor.c(6): warning:  #177-D: variable "speed_L1_setup"  was declared but never referenced
  static int speed_L1_setup = 0;
..\BSP\Motor\app_motor.c(8): warning:  #177-D: variable "speed_R1_setup"  was declared but never referenced
  static int speed_R1_setup = 0;
..\BSP\Motor\app_motor.c: 3 warnings, 0 errors
compiling bsp_usart.c...
compiling bsp_motor_iic.c...
..\BSP\Motor\bsp_motor_iic.c(137): warning:  #167-D: argument of type "int8_t *" is incompatible with parameter of type "uint8_t *"
  	i2cRead(Motor_model_ADDR, READ_TEN_M1Enconer_REG, 2, buf);
..\BSP\Motor\bsp_motor_iic.c(141): warning:  #167-D: argument of type "int8_t *" is incompatible with parameter of type "uint8_t *"
  	i2cRead(Motor_model_ADDR, READ_TEN_M2Enconer_REG, 2, buf);
..\BSP\Motor\bsp_motor_iic.c(145): warning:  #167-D: argument of type "int8_t *" is incompatible with parameter of type "uint8_t *"
  	i2cRead(Motor_model_ADDR, READ_TEN_M3Enconer_REG, 2, buf);
..\BSP\Motor\bsp_motor_iic.c(149): warning:  #167-D: argument of type "int8_t *" is incompatible with parameter of type "uint8_t *"
  	i2cRead(Motor_model_ADDR, READ_TEN_M4Enconer_REG, 2, buf);
..\BSP\Motor\bsp_motor_iic.c: 4 warnings, 0 errors
compiling IOI2C.c...
compiling app_irtracking.c...
..\APP\app_irtracking.c(13): warning:  #177-D: variable "err"  was declared but never referenced
  static int8_t err = 0;
..\APP\app_irtracking.c(15): warning:  #177-D: variable "prev_sensor_data"  was declared but never referenced
  static uint8_t prev_sensor_data = 0;
..\APP\app_irtracking.c: 2 warnings, 0 errors
compiling app_usart.c...
linking...
Program Size: Code=6796 RO-data=336 RW-data=144 ZI-data=1240  
FromELF: creating hex file...
"..\OBJ\stm32_IR_Eight.axf" - 0 Error(s), 9 Warning(s).

<h2>Software Packages used:</h2>

Package Vendor: Keil
                http://www.keil.com/pack/Keil.STM32F1xx_DFP.2.4.0.pack
                Keil.STM32F1xx_DFP.2.4.0
                STMicroelectronics STM32F1 Series Device Support, Drivers and Examples

<h2>Collection of Component include folders:</h2>
  D:\KEIL\Package\Keil\STM32F1xx_DFP\2.4.0\Device\Include

<h2>Collection of Component Files used:</h2>
Build Time Elapsed:  00:00:02
</pre>
</body>
</html>
