Component: ARM Compiler 6.11 Tool: armlink [5d3b3900]

==============================================================================

Section Cross References

    startup_stm32h743xx.o(STACK) refers (Special) to heapauxi.o(.text) for __use_two_region_memory
    startup_stm32h743xx.o(HEAP) refers (Special) to heapauxi.o(.text) for __use_two_region_memory
    startup_stm32h743xx.o(RESET) refers (Special) to heapauxi.o(.text) for __use_two_region_memory
    startup_stm32h743xx.o(RESET) refers to startup_stm32h743xx.o(STACK) for __initial_sp
    startup_stm32h743xx.o(RESET) refers to startup_stm32h743xx.o(.text) for Reset_Handler
    startup_stm32h743xx.o(RESET) refers to stm32h7xx_it.o(.text.NMI_Handler) for NMI_Handler
    startup_stm32h743xx.o(RESET) refers to stm32h7xx_it.o(.text.HardFault_Handler) for HardFault_Handler
    startup_stm32h743xx.o(RESET) refers to stm32h7xx_it.o(.text.MemManage_Handler) for MemManage_Handler
    startup_stm32h743xx.o(RESET) refers to stm32h7xx_it.o(.text.BusFault_Handler) for BusFault_Handler
    startup_stm32h743xx.o(RESET) refers to stm32h7xx_it.o(.text.UsageFault_Handler) for UsageFault_Handler
    startup_stm32h743xx.o(RESET) refers to stm32h7xx_it.o(.text.SVC_Handler) for SVC_Handler
    startup_stm32h743xx.o(RESET) refers to stm32h7xx_it.o(.text.DebugMon_Handler) for DebugMon_Handler
    startup_stm32h743xx.o(RESET) refers to stm32h7xx_it.o(.text.PendSV_Handler) for PendSV_Handler
    startup_stm32h743xx.o(RESET) refers to stm32h7xx_it.o(.text.SysTick_Handler) for SysTick_Handler
    startup_stm32h743xx.o(RESET) refers to stm32h7xx_it.o(.text.TIM7_IRQHandler) for TIM7_IRQHandler
    startup_stm32h743xx.o(.text) refers (Special) to heapauxi.o(.text) for __use_two_region_memory
    startup_stm32h743xx.o(.text) refers to system_stm32h7xx.o(.text.SystemInit) for SystemInit
    startup_stm32h743xx.o(.text) refers to __main.o(!!!main) for __main
    startup_stm32h743xx.o(.text) refers to startup_stm32h743xx.o(HEAP) for Heap_Mem
    startup_stm32h743xx.o(.text) refers to startup_stm32h743xx.o(STACK) for Stack_Mem
    main.o(.text.main) refers to stm32h7xx_hal.o(.text.HAL_Init) for HAL_Init
    main.o(.text.main) refers to stm32h7xx_hal_cortex.o(.text.HAL_MPU_Disable) for HAL_MPU_Disable
    main.o(.text.main) refers to stm32h7xx_hal_cortex.o(.text.HAL_MPU_Enable) for HAL_MPU_Enable
    main.o(.text.main) refers to main.o(.text.SystemClock_Config) for SystemClock_Config
    main.o(.text.main) refers to gpio.o(.text.MX_GPIO_Init) for MX_GPIO_Init
    main.o(.text.main) refers to tim.o(.text.MX_TIM7_Init) for MX_TIM7_Init
    main.o(.text.main) refers to usart.o(.text.MX_USART1_UART_Init) for MX_USART1_UART_Init
    main.o(.text.main) refers to tim.o(.text.MX_TIM1_Init) for MX_TIM1_Init
    main.o(.text.main) refers to tim.o(.text.MX_TIM2_Init) for MX_TIM2_Init
    main.o(.text.main) refers to tim.o(.text.MX_TIM4_Init) for MX_TIM4_Init
    main.o(.text.main) refers to tim.o(.text.MX_TIM3_Init) for MX_TIM3_Init
    main.o(.text.main) refers to stm32h7xx_hal_cortex.o(.text.HAL_MPU_ConfigRegion) for HAL_MPU_ConfigRegion
    main.o(.ARM.exidx.text.main) refers to main.o(.text.main) for [Anonymous Symbol]
    main.o(.text.SystemClock_Config) refers to rt_memclr_w.o(.text) for __aeabi_memclr4
    main.o(.text.SystemClock_Config) refers to stm32h7xx_hal_pwr_ex.o(.text.HAL_PWREx_ConfigSupply) for HAL_PWREx_ConfigSupply
    main.o(.text.SystemClock_Config) refers to stm32h7xx_hal_rcc.o(.text.HAL_RCC_OscConfig) for HAL_RCC_OscConfig
    main.o(.text.SystemClock_Config) refers to stm32h7xx_hal_rcc.o(.text.HAL_RCC_ClockConfig) for HAL_RCC_ClockConfig
    main.o(.ARM.exidx.text.SystemClock_Config) refers to main.o(.text.SystemClock_Config) for [Anonymous Symbol]
    main.o(.ARM.exidx.text.Error_Handler) refers to main.o(.text.Error_Handler) for [Anonymous Symbol]
    gpio.o(.text.MX_GPIO_Init) refers to stm32h7xx_hal_gpio.o(.text.HAL_GPIO_WritePin) for HAL_GPIO_WritePin
    gpio.o(.text.MX_GPIO_Init) refers to stm32h7xx_hal_gpio.o(.text.HAL_GPIO_Init) for HAL_GPIO_Init
    gpio.o(.ARM.exidx.text.MX_GPIO_Init) refers to gpio.o(.text.MX_GPIO_Init) for [Anonymous Symbol]
    tim.o(.text.MX_TIM1_Init) refers to stm32h7xx_hal_tim.o(.text.HAL_TIM_Encoder_Init) for HAL_TIM_Encoder_Init
    tim.o(.text.MX_TIM1_Init) refers to main.o(.text.Error_Handler) for Error_Handler
    tim.o(.text.MX_TIM1_Init) refers to stm32h7xx_hal_tim_ex.o(.text.HAL_TIMEx_MasterConfigSynchronization) for HAL_TIMEx_MasterConfigSynchronization
    tim.o(.text.MX_TIM1_Init) refers to tim.o(.bss.htim1) for htim1
    tim.o(.ARM.exidx.text.MX_TIM1_Init) refers to tim.o(.text.MX_TIM1_Init) for [Anonymous Symbol]
    tim.o(.text.MX_TIM2_Init) refers to stm32h7xx_hal_tim.o(.text.HAL_TIM_Encoder_Init) for HAL_TIM_Encoder_Init
    tim.o(.text.MX_TIM2_Init) refers to main.o(.text.Error_Handler) for Error_Handler
[...]
    .ARM.Collect$$libshutdown$$00000004      0x08000316   Section        0  libshutdown2.o(.ARM.Collect$$libshutdown$$00000004)
    .ARM.Collect$$libshutdown$$00000007      0x08000316   Section        0  libshutdown2.o(.ARM.Collect$$libshutdown$$00000007)
    .ARM.Collect$$libshutdown$$0000000A      0x08000316   Section        0  libshutdown2.o(.ARM.Collect$$libshutdown$$0000000A)
    .ARM.Collect$$libshutdown$$0000000C      0x08000316   Section        0  libshutdown2.o(.ARM.Collect$$libshutdown$$0000000C)
    .ARM.Collect$$libshutdown$$0000000F      0x08000316   Section        0  libshutdown2.o(.ARM.Collect$$libshutdown$$0000000F)
    .ARM.Collect$$libshutdown$$00000010      0x08000316   Section        2  libshutdown2.o(.ARM.Collect$$libshutdown$$00000010)
    .ARM.Collect$$rtentry$$00000000          0x08000318   Section        0  __rtentry.o(.ARM.Collect$$rtentry$$00000000)
    .ARM.Collect$$rtentry$$00000002          0x08000318   Section        0  __rtentry2.o(.ARM.Collect$$rtentry$$00000002)
    .ARM.Collect$$rtentry$$00000004          0x08000318   Section        6  __rtentry4.o(.ARM.Collect$$rtentry$$00000004)
    .ARM.Collect$$rtentry$$00000009          0x0800031e   Section        0  __rtentry2.o(.ARM.Collect$$rtentry$$00000009)
    .ARM.Collect$$rtentry$$0000000A          0x0800031e   Section        4  __rtentry2.o(.ARM.Collect$$rtentry$$0000000A)
    .ARM.Collect$$rtentry$$0000000C          0x08000322   Section        0  __rtentry2.o(.ARM.Collect$$rtentry$$0000000C)
    .ARM.Collect$$rtentry$$0000000D          0x08000322   Section        8  __rtentry2.o(.ARM.Collect$$rtentry$$0000000D)
    .ARM.Collect$$rtexit$$00000000           0x0800032a   Section        2  rtexit.o(.ARM.Collect$$rtexit$$00000000)
    .ARM.Collect$$rtexit$$00000002           0x0800032c   Section        0  rtexit2.o(.ARM.Collect$$rtexit$$00000002)
    .ARM.Collect$$rtexit$$00000003           0x0800032c   Section        4  rtexit2.o(.ARM.Collect$$rtexit$$00000003)
    .ARM.Collect$$rtexit$$00000004           0x08000330   Section        6  rtexit2.o(.ARM.Collect$$rtexit$$00000004)
    $v0                                      0x08000338   Number         0  startup_stm32h743xx.o(.text)
    .text                                    0x08000338   Section       64  startup_stm32h743xx.o(.text)
    .text                                    0x08000378   Section      238  lludivv7m.o(.text)
    .text                                    0x08000466   Section       78  rt_memclr_w.o(.text)
    .text                                    0x080004b4   Section        0  heapauxi.o(.text)
    .text                                    0x080004bc   Section        8  libspace.o(.text)
    .text                                    0x080004c4   Section        2  use_no_semi.o(.text)
    .text                                    0x080004c6   Section        0  indicate_semi.o(.text)
    .text                                    0x080004c6   Section       74  sys_stackheap_outer.o(.text)
    .text                                    0x08000510   Section        0  exit.o(.text)
    .text                                    0x08000524   Section        0  sys_exit.o(.text)
    [Anonymous Symbol]                       0x08000530   Section        0  stm32h7xx_it.o(.text.BusFault_Handler)
    [Anonymous Symbol]                       0x08000532   Section        0  stm32h7xx_it.o(.text.DebugMon_Handler)
    [Anonymous Symbol]                       0x08000534   Section        0  main.o(.text.Error_Handler)
    [Anonymous Symbol]                       0x0800053c   Section        0  stm32h7xx_hal_gpio.o(.text.HAL_GPIO_Init)
    __arm_cp.0_1                             0x080006b8   Number         4  stm32h7xx_hal_gpio.o(.text.HAL_GPIO_Init)
    __arm_cp.0_2                             0x080006bc   Number         4  stm32h7xx_hal_gpio.o(.text.HAL_GPIO_Init)
    __arm_cp.0_3                             0x080006c0   Number         4  stm32h7xx_hal_gpio.o(.text.HAL_GPIO_Init)
    __arm_cp.0_4                             0x080006c4   Number         4  stm32h7xx_hal_gpio.o(.text.HAL_GPIO_Init)
    [Anonymous Symbol]                       0x080006c8   Section        0  stm32h7xx_hal_gpio.o(.text.HAL_GPIO_WritePin)
    [Anonymous Symbol]                       0x080006d4   Section        0  stm32h7xx_hal.o(.text.HAL_GetREVID)
    __arm_cp.14_0                            0x080006dc   Number         4  stm32h7xx_hal.o(.text.HAL_GetREVID)
    [Anonymous Symbol]                       0x080006e0   Section        0  stm32h7xx_hal.o(.text.HAL_GetTick)
    [Anonymous Symbol]                       0x080006e8   Section        0  stm32h7xx_hal.o(.text.HAL_IncTick)
    __arm_cp.5_1                             0x080006f8   Number         4  stm32h7xx_hal.o(.text.HAL_IncTick)
    [Anonymous Symbol]                       0x080006fc   Section        0  stm32h7xx_hal.o(.text.HAL_Init)
    __arm_cp.0_0                             0x08000748   Number         4  stm32h7xx_hal.o(.text.HAL_Init)
    __arm_cp.0_2                             0x0800074c   Number         4  stm32h7xx_hal.o(.text.HAL_Init)
    [Anonymous Symbol]                       0x08000750   Section        0  stm32h7xx_hal.o(.text.HAL_InitTick)
    __arm_cp.1_0                             0x08000790   Number         4  stm32h7xx_hal.o(.text.HAL_InitTick)
    __arm_cp.1_1                             0x08000794   Number         4  stm32h7xx_hal.o(.text.HAL_InitTick)
    [Anonymous Symbol]                       0x08000798   Section        0  stm32h7xx_hal_cortex.o(.text.HAL_MPU_ConfigRegion)
    __arm_cp.12_0                            0x080007e8   Number         4  stm32h7xx_hal_cortex.o(.text.HAL_MPU_ConfigRegion)
    [Anonymous Symbol]                       0x080007ec   Section        0  stm32h7xx_hal_cortex.o(.text.HAL_MPU_Disable)
    [Anonymous Symbol]                       0x08000800   Section        0  stm32h7xx_hal_cortex.o(.text.HAL_MPU_Enable)
    __arm_cp.9_0                             0x0800081c   Number         4  stm32h7xx_hal_cortex.o(.text.HAL_MPU_Enable)
    [Anonymous Symbol]                       0x08000820   Section        0  stm32h7xx_hal_msp.o(.text.HAL_MspInit)
    __arm_cp.0_0                             0x0800083c   Number         4  stm32h7xx_hal_msp.o(.text.HAL_MspInit)
    [Anonymous Symbol]                       0x08000840   Section        0  stm32h7xx_hal_cortex.o(.text.HAL_NVIC_EnableIRQ)
    __arm_cp.3_0                             0x08000858   Number         4  stm32h7xx_hal_cortex.o(.text.HAL_NVIC_EnableIRQ)
    [Anonymous Symbol]                       0x0800085c   Section        0  stm32h7xx_hal_cortex.o(.text.HAL_NVIC_SetPriority)
    [Anonymous Symbol]                       0x0800089c   Section        0  stm32h7xx_hal_cortex.o(.text.HAL_NVIC_SetPriorityGrouping)
    __arm_cp.0_0                             0x080008b4   Number         4  stm32h7xx_hal_cortex.o(.text.HAL_NVIC_SetPriorityGrouping)
    __arm_cp.0_1                             0x080008b8   Number         4  stm32h7xx_hal_cortex.o(.text.HAL_NVIC_SetPriorityGrouping)
    [Anonymous Symbol]                       0x080008bc   Section        0  stm32h7xx_hal_pwr_ex.o(.text.HAL_PWREx_ConfigSupply)
    __arm_cp.0_0                             0x08000900   Number         4  stm32h7xx_hal_pwr_ex.o(.text.HAL_PWREx_ConfigSupply)
    [Anonymous Symbol]                       0x08000904   Section        0  stm32h7xx_hal_rcc_ex.o(.text.HAL_RCCEx_GetD3PCLK1Freq)
    __arm_cp.8_0                             0x08000920   Number         4  stm32h7xx_hal_rcc_ex.o(.text.HAL_RCCEx_GetD3PCLK1Freq)
    __arm_cp.8_1                             0x08000924   Number         4  stm32h7xx_hal_rcc_ex.o(.text.HAL_RCCEx_GetD3PCLK1Freq)
    [Anonymous Symbol]                       0x08000928   Section        0  stm32h7xx_hal_rcc_ex.o(.text.HAL_RCCEx_GetPLL2ClockFreq)
    __arm_cp.6_0                             0x08000a1c   Number         4  stm32h7xx_hal_rcc_ex.o(.text.HAL_RCCEx_GetPLL2ClockFreq)
    __arm_cp.6_4                             0x08000a2c   Number         4  stm32h7xx_hal_rcc_ex.o(.text.HAL_RCCEx_GetPLL2ClockFreq)
    [Anonymous Symbol]                       0x08000a34   Section        0  stm32h7xx_hal_rcc_ex.o(.text.HAL_RCCEx_GetPLL3ClockFreq)
    __arm_cp.7_0                             0x08000b28   Number         4  stm32h7xx_hal_rcc_ex.o(.text.HAL_RCCEx_GetPLL3ClockFreq)
    __arm_cp.7_4                             0x08000b38   Number         4  stm32h7xx_hal_rcc_ex.o(.text.HAL_RCCEx_GetPLL3ClockFreq)
    [Anonymous Symbol]                       0x08000b40   Section        0  stm32h7xx_hal_rcc_ex.o(.text.HAL_RCCEx_PeriphCLKConfig)
    __arm_cp.0_18                            0x08000e0c   Number         4  stm32h7xx_hal_rcc_ex.o(.text.HAL_RCCEx_PeriphCLKConfig)
    __arm_cp.0_1                             0x080014d4   Number         4  stm32h7xx_hal_rcc_ex.o(.text.HAL_RCCEx_PeriphCLKConfig)
    [Anonymous Symbol]                       0x080014d8   Section        0  stm32h7xx_hal_rcc.o(.text.HAL_RCC_ClockConfig)
    __arm_cp.2_0                             0x080016e8   Number         4  stm32h7xx_hal_rcc.o(.text.HAL_RCC_ClockConfig)
    __arm_cp.2_5                             0x080016ec   Number         4  stm32h7xx_hal_rcc.o(.text.HAL_RCC_ClockConfig)
    [Anonymous Symbol]                       0x080016f0   Section        0  stm32h7xx_hal_rcc.o(.text.HAL_RCC_GetHCLKFreq)
    __arm_cp.7_0                             0x08001724   Number         4  stm32h7xx_hal_rcc.o(.text.HAL_RCC_GetHCLKFreq)
    __arm_cp.7_2                             0x08001728   Number         4  stm32h7xx_hal_rcc.o(.text.HAL_RCC_GetHCLKFreq)
    __arm_cp.7_3                             0x0800172c   Number         4  stm32h7xx_hal_rcc.o(.text.HAL_RCC_GetHCLKFreq)
    [Anonymous Symbol]                       0x08001730   Section        0  stm32h7xx_hal_rcc.o(.text.HAL_RCC_GetPCLK1Freq)
    [Anonymous Symbol]                       0x0800174c   Section        0  stm32h7xx_hal_rcc.o(.text.HAL_RCC_GetPCLK2Freq)
    __arm_cp.9_0                             0x08001768   Number         4  stm32h7xx_hal_rcc.o(.text.HAL_RCC_GetPCLK2Freq)
    __arm_cp.9_1                             0x0800176c   Number         4  stm32h7xx_hal_rcc.o(.text.HAL_RCC_GetPCLK2Freq)
    [Anonymous Symbol]                       0x08001770   Section        0  stm32h7xx_hal_rcc.o(.text.HAL_RCC_GetSysClockFreq)
    __arm_cp.3_0                             0x0800184c   Number         4  stm32h7xx_hal_rcc.o(.text.HAL_RCC_GetSysClockFreq)
    __arm_cp.3_1                             0x08001850   Number         4  stm32h7xx_hal_rcc.o(.text.HAL_RCC_GetSysClockFreq)
    __arm_cp.3_2                             0x08001854   Number         4  stm32h7xx_hal_rcc.o(.text.HAL_RCC_GetSysClockFreq)
    __arm_cp.3_6                             0x08001864   Number         4  stm32h7xx_hal_rcc.o(.text.HAL_RCC_GetSysClockFreq)
    [Anonymous Symbol]                       0x0800186c   Section        0  stm32h7xx_hal_rcc.o(.text.HAL_RCC_OscConfig)
    __arm_cp.1_1                             0x08001bd8   Number         4  stm32h7xx_hal_rcc.o(.text.HAL_RCC_OscConfig)
    [Anonymous Symbol]                       0x08001d90   Section        0  stm32h7xx_hal_cortex.o(.text.HAL_SYSTICK_Config)
    __arm_cp.7_0                             0x08001db0   Number         4  stm32h7xx_hal_cortex.o(.text.HAL_SYSTICK_Config)
    __arm_cp.7_1                             0x08001db4   Number         4  stm32h7xx_hal_cortex.o(.text.HAL_SYSTICK_Config)
    [Anonymous Symbol]                       0x08001db8   Section        0  stm32h7xx_hal_tim_ex.o(.text.HAL_TIMEx_Break2Callback)
    [Anonymous Symbol]                       0x08001dba   Section        0  stm32h7xx_hal_tim_ex.o(.text.HAL_TIMEx_BreakCallback)
    [Anonymous Symbol]                       0x08001dbc   Section        0  stm32h7xx_hal_tim_ex.o(.text.HAL_TIMEx_CommutCallback)
    [Anonymous Symbol]                       0x08001dc0   Section        0  stm32h7xx_hal_tim_ex.o(.text.HAL_TIMEx_MasterConfigSynchronization)
    __arm_cp.34_0                            0x08001e4c   Number         4  stm32h7xx_hal_tim_ex.o(.text.HAL_TIMEx_MasterConfigSynchronization)
    __arm_cp.34_3                            0x08001e50   Number         4  stm32h7xx_hal_tim_ex.o(.text.HAL_TIMEx_MasterConfigSynchronization)
    __arm_cp.34_4                            0x08001e54   Number         4  stm32h7xx_hal_tim_ex.o(.text.HAL_TIMEx_MasterConfigSynchronization)
    __arm_cp.34_6                            0x08001e58   Number         4  stm32h7xx_hal_tim_ex.o(.text.HAL_TIMEx_MasterConfigSynchronization)
    [Anonymous Symbol]                       0x08001e5c   Section        0  stm32h7xx_hal_tim.o(.text.HAL_TIM_Base_Init)
    [Anonymous Symbol]                       0x08001ebc   Section        0  tim.o(.text.HAL_TIM_Base_MspInit)
    __arm_cp.7_0                             0x08001f28   Number         4  tim.o(.text.HAL_TIM_Base_MspInit)
    __arm_cp.7_1                             0x08001f2c   Number         4  tim.o(.text.HAL_TIM_Base_MspInit)
    __arm_cp.7_2                             0x08001f30   Number         4  tim.o(.text.HAL_TIM_Base_MspInit)
    __arm_cp.7_3                             0x08001f34   Number         4  tim.o(.text.HAL_TIM_Base_MspInit)
    [Anonymous Symbol]                       0x08001f38   Section        0  stm32h7xx_hal_tim.o(.text.HAL_TIM_ConfigClockSource)
    __arm_cp.96_0                            0x0800204c   Number         4  stm32h7xx_hal_tim.o(.text.HAL_TIM_ConfigClockSource)
    __arm_cp.96_1                            0x08002050   Number         4  stm32h7xx_hal_tim.o(.text.HAL_TIM_ConfigClockSource)
    __arm_cp.96_2                            0x08002054   Number         4  stm32h7xx_hal_tim.o(.text.HAL_TIM_ConfigClockSource)
    __arm_cp.96_3                            0x08002058   Number         4  stm32h7xx_hal_tim.o(.text.HAL_TIM_ConfigClockSource)
    __arm_cp.96_4                            0x0800205c   Number         4  stm32h7xx_hal_tim.o(.text.HAL_TIM_ConfigClockSource)
    [Anonymous Symbol]                       0x08002060   Section        0  stm32h7xx_hal_tim.o(.text.HAL_TIM_Encoder_Init)
    __arm_cp.57_0                            0x08002108   Number         4  stm32h7xx_hal_tim.o(.text.HAL_TIM_Encoder_Init)
    [Anonymous Symbol]                       0x0800210c   Section        0  tim.o(.text.HAL_TIM_Encoder_MspInit)
    __arm_cp.6_0                             0x080021b0   Number         4  tim.o(.text.HAL_TIM_Encoder_MspInit)
    __arm_cp.6_2                             0x080021b4   Number         4  tim.o(.text.HAL_TIM_Encoder_MspInit)
    [Anonymous Symbol]                       0x080021b8   Section        0  stm32h7xx_hal_tim.o(.text.HAL_TIM_IC_CaptureCallback)
    [Anonymous Symbol]                       0x080021bc   Section        0  stm32h7xx_hal_tim.o(.text.HAL_TIM_IRQHandler)
    __arm_cp.67_0                            0x080022ec   Number         4  stm32h7xx_hal_tim.o(.text.HAL_TIM_IRQHandler)
    __arm_cp.67_1                            0x080022f0   Number         4  stm32h7xx_hal_tim.o(.text.HAL_TIM_IRQHandler)
    [Anonymous Symbol]                       0x080022f4   Section        0  tim.o(.text.HAL_TIM_MspPostInit)
    __arm_cp.3_0                             0x08002370   Number         4  tim.o(.text.HAL_TIM_MspPostInit)
    __arm_cp.3_1                             0x08002374   Number         4  tim.o(.text.HAL_TIM_MspPostInit)
    __arm_cp.3_2                             0x08002378   Number         4  tim.o(.text.HAL_TIM_MspPostInit)
    [Anonymous Symbol]                       0x0800237c   Section        0  stm32h7xx_hal_tim.o(.text.HAL_TIM_OC_DelayElapsedCallback)
    [Anonymous Symbol]                       0x08002380   Section        0  stm32h7xx_hal_tim.o(.text.HAL_TIM_PWM_ConfigChannel)
    [Anonymous Symbol]                       0x0800243a   Section        0  stm32h7xx_hal_tim.o(.text.HAL_TIM_PWM_Init)
    [Anonymous Symbol]                       0x0800249a   Section        0  stm32h7xx_hal_tim.o(.text.HAL_TIM_PWM_MspInit)
    [Anonymous Symbol]                       0x0800249c   Section        0  stm32h7xx_hal_tim.o(.text.HAL_TIM_PWM_PulseFinishedCallback)
    [Anonymous Symbol]                       0x0800249e   Section        0  stm32h7xx_hal_tim.o(.text.HAL_TIM_PeriodElapsedCallback)
    [Anonymous Symbol]                       0x080024a0   Section        0  stm32h7xx_hal_tim.o(.text.HAL_TIM_TriggerCallback)
    [Anonymous Symbol]                       0x080024a2   Section        0  stm32h7xx_hal_uart_ex.o(.text.HAL_UARTEx_DisableFifoMode)
    [Anonymous Symbol]                       0x080024d8   Section        0  stm32h7xx_hal_uart_ex.o(.text.HAL_UARTEx_SetRxFifoThreshold)
    [Anonymous Symbol]                       0x08002522   Section        0  stm32h7xx_hal_uart_ex.o(.text.HAL_UARTEx_SetTxFifoThreshold)
    [Anonymous Symbol]                       0x0800256c   Section        0  stm32h7xx_hal_uart.o(.text.HAL_UART_Init)
    [Anonymous Symbol]                       0x080025d4   Section        0  usart.o(.text.HAL_UART_MspInit)
    __arm_cp.1_2                             0x0800264c   Number         4  usart.o(.text.HAL_UART_MspInit)
    [Anonymous Symbol]                       0x08002650   Section        0  stm32h7xx_it.o(.text.HardFault_Handler)
    [Anonymous Symbol]                       0x08002654   Section        0  gpio.o(.text.MX_GPIO_Init)
    __arm_cp.0_0                             0x080026dc   Number         4  gpio.o(.text.MX_GPIO_Init)
    __arm_cp.0_1                             0x080026e0   Number         4  gpio.o(.text.MX_GPIO_Init)
    [Anonymous Symbol]                       0x080026e4   Section        0  tim.o(.text.MX_TIM1_Init)
    __arm_cp.0_0                             0x08002740   Number         4  tim.o(.text.MX_TIM1_Init)
    __arm_cp.0_1                             0x08002744   Number         4  tim.o(.text.MX_TIM1_Init)
    [Anonymous Symbol]                       0x08002748   Section        0  tim.o(.text.MX_TIM2_Init)
    __arm_cp.1_0                             0x080027a4   Number         4  tim.o(.text.MX_TIM2_Init)
    [Anonymous Symbol]                       0x080027a8   Section        0  tim.o(.text.MX_TIM3_Init)
    __arm_cp.2_0                             0x0800283c   Number         4  tim.o(.text.MX_TIM3_Init)
    __arm_cp.2_1                             0x08002840   Number         4  tim.o(.text.MX_TIM3_Init)
    [Anonymous Symbol]                       0x08002844   Section        0  tim.o(.text.MX_TIM4_Init)
    __arm_cp.4_0                             0x080028dc   Number         4  tim.o(.text.MX_TIM4_Init)
    __arm_cp.4_1                             0x080028e0   Number         4  tim.o(.text.MX_TIM4_Init)
    [Anonymous Symbol]                       0x080028e4   Section        0  tim.o(.text.MX_TIM7_Init)
    __arm_cp.5_0                             0x08002920   Number         4  tim.o(.text.MX_TIM7_Init)
    __arm_cp.5_1                             0x08002924   Number         4  tim.o(.text.MX_TIM7_Init)
    [Anonymous Symbol]                       0x08002928   Section        0  usart.o(.text.MX_USART1_UART_Init)
    __arm_cp.0_0                             0x08002988   Number         4  usart.o(.text.MX_USART1_UART_Init)
    __arm_cp.0_1                             0x0800298c   Number         4  usart.o(.text.MX_USART1_UART_Init)
    [Anonymous Symbol]                       0x08002990   Section        0  stm32h7xx_it.o(.text.MemManage_Handler)
    [Anonymous Symbol]                       0x08002992   Section        0  stm32h7xx_it.o(.text.NMI_Handler)
    [Anonymous Symbol]                       0x08002994   Section        0  stm32h7xx_it.o(.text.PendSV_Handler)
    RCCEx_PLL2_Config                        0x08002999   Thumb Code   260  stm32h7xx_hal_rcc_ex.o(.text.RCCEx_PLL2_Config)
    [Anonymous Symbol]                       0x08002998   Section        0  stm32h7xx_hal_rcc_ex.o(.text.RCCEx_PLL2_Config)
    RCCEx_PLL3_Config                        0x08002a99   Thumb Code   260  stm32h7xx_hal_rcc_ex.o(.text.RCCEx_PLL3_Config)
    [Anonymous Symbol]                       0x08002a98   Section        0  stm32h7xx_hal_rcc_ex.o(.text.RCCEx_PLL3_Config)
    [Anonymous Symbol]                       0x08002b98   Section        0  stm32h7xx_it.o(.text.SVC_Handler)
    [Anonymous Symbol]                       0x08002b9a   Section        0  stm32h7xx_it.o(.text.SysTick_Handler)
    [Anonymous Symbol]                       0x08002ba0   Section        0  main.o(.text.SystemClock_Config)
    __arm_cp.1_0                             0x08002c94   Number         4  main.o(.text.SystemClock_Config)
    __arm_cp.1_1                             0x08002c98   Number         4  main.o(.text.SystemClock_Config)
    __arm_cp.1_2                             0x08002c9c   Number         4  main.o(.text.SystemClock_Config)
    [Anonymous Symbol]                       0x08002ca0   Section        0  system_stm32h7xx.o(.text.SystemInit)
    __arm_cp.0_0                             0x08002d2c   Number         4  system_stm32h7xx.o(.text.SystemInit)
    __arm_cp.0_1                             0x08002d30   Number         4  system_stm32h7xx.o(.text.SystemInit)
    __arm_cp.0_2                             0x08002d34   Number         4  system_stm32h7xx.o(.text.SystemInit)
    __arm_cp.0_3                             0x08002d38   Number         4  system_stm32h7xx.o(.text.SystemInit)
    __arm_cp.0_4                             0x08002d3c   Number         4  system_stm32h7xx.o(.text.SystemInit)
    __arm_cp.0_5                             0x08002d40   Number         4  system_stm32h7xx.o(.text.SystemInit)
    __arm_cp.0_6                             0x08002d44   Number         4  system_stm32h7xx.o(.text.SystemInit)
    __arm_cp.0_7                             0x08002d48   Number         4  system_stm32h7xx.o(.text.SystemInit)
    __arm_cp.0_8                             0x08002d4c   Number         4  system_stm32h7xx.o(.text.SystemInit)
    __arm_cp.0_9                             0x08002d50   Number         4  system_stm32h7xx.o(.text.SystemInit)
    [Anonymous Symbol]                       0x08002d54   Section        0  stm32h7xx_it.o(.text.TIM7_IRQHandler)
    __arm_cp.9_0                             0x08002d5c   Number         4  stm32h7xx_it.o(.text.TIM7_IRQHandler)
    [Anonymous Symbol]                       0x08002d60   Section        0  stm32h7xx_hal_tim.o(.text.TIM_Base_SetConfig)
    __arm_cp.2_1                             0x08002e48   Number         4  stm32h7xx_hal_tim.o(.text.TIM_Base_SetConfig)
    __arm_cp.2_2                             0x08002e4c   Number         4  stm32h7xx_hal_tim.o(.text.TIM_Base_SetConfig)
    __arm_cp.2_3                             0x08002e50   Number         4  stm32h7xx_hal_tim.o(.text.TIM_Base_SetConfig)
    TIM_OC1_SetConfig                        0x08002e55   Thumb Code   140  stm32h7xx_hal_tim.o(.text.TIM_OC1_SetConfig)
    [Anonymous Symbol]                       0x08002e54   Section        0  stm32h7xx_hal_tim.o(.text.TIM_OC1_SetConfig)
    [Anonymous Symbol]                       0x08002ec8   Section        0  stm32h7xx_hal_tim.o(.text.TIM_OC2_SetConfig)
    TIM_OC3_SetConfig                        0x08002f41   Thumb Code   144  stm32h7xx_hal_tim.o(.text.TIM_OC3_SetConfig)
    [Anonymous Symbol]                       0x08002f40   Section        0  stm32h7xx_hal_tim.o(.text.TIM_OC3_SetConfig)
    __arm_cp.76_0                            0x08002fb8   Number         4  stm32h7xx_hal_tim.o(.text.TIM_OC3_SetConfig)
    TIM_OC4_SetConfig                        0x08002fbd   Thumb Code   120  stm32h7xx_hal_tim.o(.text.TIM_OC4_SetConfig)
    [Anonymous Symbol]                       0x08002fbc   Section        0  stm32h7xx_hal_tim.o(.text.TIM_OC4_SetConfig)
    __arm_cp.77_0                            0x0800301c   Number         4  stm32h7xx_hal_tim.o(.text.TIM_OC4_SetConfig)
    TIM_OC5_SetConfig                        0x08003021   Thumb Code   120  stm32h7xx_hal_tim.o(.text.TIM_OC5_SetConfig)
    [Anonymous Symbol]                       0x08003020   Section        0  stm32h7xx_hal_tim.o(.text.TIM_OC5_SetConfig)
    __arm_cp.78_0                            0x08003080   Number         4  stm32h7xx_hal_tim.o(.text.TIM_OC5_SetConfig)
    __arm_cp.78_1                            0x08003084   Number         4  stm32h7xx_hal_tim.o(.text.TIM_OC5_SetConfig)
    TIM_OC6_SetConfig                        0x08003089   Thumb Code   120  stm32h7xx_hal_tim.o(.text.TIM_OC6_SetConfig)
    [Anonymous Symbol]                       0x08003088   Section        0  stm32h7xx_hal_tim.o(.text.TIM_OC6_SetConfig)
    __arm_cp.79_0                            0x080030e8   Number         4  stm32h7xx_hal_tim.o(.text.TIM_OC6_SetConfig)
    __arm_cp.79_1                            0x080030ec   Number         4  stm32h7xx_hal_tim.o(.text.TIM_OC6_SetConfig)
    __arm_cp.79_2                            0x080030f0   Number         4  stm32h7xx_hal_tim.o(.text.TIM_OC6_SetConfig)
    __arm_cp.79_3                            0x080030f4   Number         4  stm32h7xx_hal_tim.o(.text.TIM_OC6_SetConfig)
    __arm_cp.79_4                            0x080030f8   Number         4  stm32h7xx_hal_tim.o(.text.TIM_OC6_SetConfig)
    __arm_cp.79_5                            0x080030fc   Number         4  stm32h7xx_hal_tim.o(.text.TIM_OC6_SetConfig)
    TIM_TI1_ConfigInputStage                 0x08003101   Thumb Code    34  stm32h7xx_hal_tim.o(.text.TIM_TI1_ConfigInputStage)
    [Anonymous Symbol]                       0x08003100   Section        0  stm32h7xx_hal_tim.o(.text.TIM_TI1_ConfigInputStage)
    TIM_TI2_ConfigInputStage                 0x08003123   Thumb Code    36  stm32h7xx_hal_tim.o(.text.TIM_TI2_ConfigInputStage)
    [Anonymous Symbol]                       0x08003122   Section        0  stm32h7xx_hal_tim.o(.text.TIM_TI2_ConfigInputStage)
    UARTEx_SetNbDataToProcess                0x08003149   Thumb Code    84  stm32h7xx_hal_uart_ex.o(.text.UARTEx_SetNbDataToProcess)
    [Anonymous Symbol]                       0x08003148   Section        0  stm32h7xx_hal_uart_ex.o(.text.UARTEx_SetNbDataToProcess)
    __arm_cp.9_0                             0x08003194   Number         4  stm32h7xx_hal_uart_ex.o(.text.UARTEx_SetNbDataToProcess)
    __arm_cp.9_1                             0x08003198   Number         4  stm32h7xx_hal_uart_ex.o(.text.UARTEx_SetNbDataToProcess)
    [Anonymous Symbol]                       0x0800319c   Section        0  stm32h7xx_hal_uart.o(.text.UART_AdvFeatureConfig)
    [Anonymous Symbol]                       0x08003264   Section        0  stm32h7xx_hal_uart.o(.text.UART_CheckIdleState)
    __arm_cp.4_0                             0x08003314   Number         4  stm32h7xx_hal_uart.o(.text.UART_CheckIdleState)
    UART_EndRxTransfer                       0x08003319   Thumb Code    92  stm32h7xx_hal_uart.o(.text.UART_EndRxTransfer)
    [Anonymous Symbol]                       0x08003318   Section        0  stm32h7xx_hal_uart.o(.text.UART_EndRxTransfer)
    __arm_cp.30_0                            0x08003370   Number         4  stm32h7xx_hal_uart.o(.text.UART_EndRxTransfer)
    [Anonymous Symbol]                       0x08003374   Section        0  stm32h7xx_hal_uart.o(.text.UART_SetConfig)
    __arm_cp.3_28                            0x080035b0   Number         4  stm32h7xx_hal_uart.o(.text.UART_SetConfig)
    __arm_cp.3_39                            0x080035b4   Number         4  stm32h7xx_hal_uart.o(.text.UART_SetConfig)
    __arm_cp.3_29                            0x08003608   Number         4  stm32h7xx_hal_uart.o(.text.UART_SetConfig)
    __arm_cp.3_30                            0x0800360c   Number         4  stm32h7xx_hal_uart.o(.text.UART_SetConfig)
    __arm_cp.3_31                            0x08003610   Number         4  stm32h7xx_hal_uart.o(.text.UART_SetConfig)
    __arm_cp.3_32                            0x08003614   Number         4  stm32h7xx_hal_uart.o(.text.UART_SetConfig)
    __arm_cp.3_33                            0x08003618   Number         4  stm32h7xx_hal_uart.o(.text.UART_SetConfig)
    __arm_cp.3_34                            0x0800361c   Number         4  stm32h7xx_hal_uart.o(.text.UART_SetConfig)
    __arm_cp.3_35                            0x08003620   Number         4  stm32h7xx_hal_uart.o(.text.UART_SetConfig)
    __arm_cp.3_36                            0x08003624   Number         4  stm32h7xx_hal_uart.o(.text.UART_SetConfig)
    __arm_cp.3_37                            0x08003628   Number         4  stm32h7xx_hal_uart.o(.text.UART_SetConfig)
    __arm_cp.3_38                            0x0800362c   Number         4  stm32h7xx_hal_uart.o(.text.UART_SetConfig)
    __arm_cp.3_12                            0x08003700   Number         4  stm32h7xx_hal_uart.o(.text.UART_SetConfig)
    __arm_cp.3_13                            0x08003704   Number         4  stm32h7xx_hal_uart.o(.text.UART_SetConfig)
    __arm_cp.3_14                            0x08003708   Number         4  stm32h7xx_hal_uart.o(.text.UART_SetConfig)
    __arm_cp.3_15                            0x0800370c   Number         4  stm32h7xx_hal_uart.o(.text.UART_SetConfig)
    [Anonymous Symbol]                       0x08003710   Section        0  stm32h7xx_hal_uart.o(.text.UART_WaitOnFlagUntilTimeout)
    [Anonymous Symbol]                       0x080037aa   Section        0  stm32h7xx_it.o(.text.UsageFault_Handler)
    __NVIC_SetPriority                       0x080037ad   Thumb Code    36  stm32h7xx_hal_cortex.o(.text.__NVIC_SetPriority)
    [Anonymous Symbol]                       0x080037ac   Section        0  stm32h7xx_hal_cortex.o(.text.__NVIC_SetPriority)
    __arm_cp.2_1                             0x080037c8   Number         4  stm32h7xx_hal_cortex.o(.text.__NVIC_SetPriority)
    [Anonymous Symbol]                       0x080037cc   Section        0  main.o(.text.main)
    __arm_cp.0_0                             0x080038f4   Number         4  main.o(.text.main)
    __arm_cp.0_1                             0x080038f8   Number         4  main.o(.text.main)
    __arm_cp.0_2                             0x080038fc   Number         4  main.o(.text.main)
    __arm_cp.0_3                             0x08003900   Number         4  main.o(.text.main)
    __arm_cp.0_4                             0x08003904   Number         4  main.o(.text.main)
    $v0                                      0x08003908   Number         0  fpinit.o(x$fpl$fpinit)
    x$fpl$fpinit                             0x08003908   Section       26  fpinit.o(x$fpl$fpinit)
    UARTEx_SetNbDataToProcess.numerator      0x0800394a   Data           8  stm32h7xx_hal_uart_ex.o(.rodata.cst8)
    UARTEx_SetNbDataToProcess.denominator    0x08003952   Data           8  stm32h7xx_hal_uart_ex.o(.rodata.cst8)
    [Anonymous Symbol]                       0x24000000   Section        0  stm32h7xx_hal.o(.data..L_MergedGlobals)
    [Anonymous Symbol]                       0x24000008   Section        0  system_stm32h7xx.o(.data..L_MergedGlobals)
    .bss                                     0x24000010   Section       96  libspace.o(.bss)
    Heap_Mem                                 0x24000288   Data       65536  startup_stm32h743xx.o(HEAP)
    HEAP                                     0x24000288   Section    65536  startup_stm32h743xx.o(HEAP)
    Stack_Mem                                0x24010288   Data       29696  startup_stm32h743xx.o(STACK)
    STACK                                    0x24010288   Section    29696  startup_stm32h743xx.o(STACK)
    __initial_sp                             0x24017688   Data           0  startup_stm32h743xx.o(STACK)

    Global Symbols

    Symbol Name                              Value     Ov Type        Size  Object(Section)

    BuildAttributes$$THM_ISAv4$E$P$D$K$B$S$7EM$VFPv5_D16$PE$PLD8$A:L22UL41UL21$X:L11$S22US41US21$IEEE1$IW$~IW$USESV6$~STKCKD$USESV7$~SHL$OTIME$ROPI$IEEEJ$EBA8$UX$STANDARDLIB$REQ8$PRES8$EABIv2 0x00000000   Number         0  anon$$obj.o ABSOLUTE
    _printf_flags                            0x00000000   Number         0  printf_stubs.o ABSOLUTE
    _printf_return_value                     0x00000000   Number         0  printf_stubs.o ABSOLUTE
    _printf_sizespec                         0x00000000   Number         0  printf_stubs.o ABSOLUTE
    _printf_widthprec                        0x00000000   Number         0  printf_stubs.o ABSOLUTE
    __ARM_exceptions_init                     - Undefined Weak Reference
    __alloca_initialize                       - Undefined Weak Reference
    __arm_preinit_                            - Undefined Weak Reference
    __cpp_initialize__aeabi_                  - Undefined Weak Reference
    __cxa_finalize                            - Undefined Weak Reference
    __sigvec_lookup                           - Undefined Weak Reference
    __user_heap_extent                        - Undefined Weak Reference
    _atexit_init                              - Undefined Weak Reference
    _call_atexit_fns                          - Undefined Weak Reference
    _clock_init                               - Undefined Weak Reference
    _fp_trap_init                             - Undefined Weak Reference
    _fp_trap_shutdown                         - Undefined Weak Reference
    _get_lc_collate                           - Undefined Weak Reference
    _get_lc_ctype                             - Undefined Weak Reference
    _get_lc_monetary                          - Undefined Weak Reference
    _get_lc_time                              - Undefined Weak Reference
    _getenv_init                              - Undefined Weak Reference
    _handle_redirection                       - Undefined Weak Reference
    _initio                                   - Undefined Weak Reference
    _mutex_acquire                            - Undefined Weak Reference
    _mutex_free                               - Undefined Weak Reference
    _mutex_release                            - Undefined Weak Reference
    _printf_post_padding                      - Undefined Weak Reference
    _printf_pre_padding                       - Undefined Weak Reference
    _rand_init                                - Undefined Weak Reference
    _signal_finish                            - Undefined Weak Reference
    _signal_init                              - Undefined Weak Reference
    _terminateio                              - Undefined Weak Reference
    __Vectors_Size                           0x00000298   Number         0  startup_stm32h743xx.o ABSOLUTE
    __Vectors                                0x08000000   Data           4  startup_stm32h743xx.o(RESET)
    __Vectors_End                            0x08000298   Data           0  startup_stm32h743xx.o(RESET)
    __main                                   0x08000299   Thumb Code     8  __main.o(!!!main)
    __scatterload                            0x080002a1   Thumb Code     0  __scatter.o(!!!scatter)
    __scatterload_rt2                        0x080002a1   Thumb Code    44  __scatter.o(!!!scatter)
    __scatterload_rt2_thumb_only             0x080002a1   Thumb Code     0  __scatter.o(!!!scatter)
    __scatterload_null                       0x080002af   Thumb Code     0  __scatter.o(!!!scatter)
    __scatterload_copy                       0x080002d5   Thumb Code    26  __scatter_copy.o(!!handler_copy)
    __scatterload_zeroinit                   0x080002f1   Thumb Code    28  __scatter_zi.o(!!handler_zi)
    __rt_lib_init                            0x0800030d   Thumb Code     0  libinit.o(.ARM.Collect$$libinit$$00000000)
    __rt_lib_init_fp_1                       0x0800030f   Thumb Code     0  libinit2.o(.ARM.Collect$$libinit$$00000001)
    __rt_lib_init_alloca_1                   0x08000313   Thumb Code     0  libinit2.o(.ARM.Collect$$libinit$$0000002E)
    __rt_lib_init_argv_1                     0x08000313   Thumb Code     0  libinit2.o(.ARM.Collect$$libinit$$0000002C)
    __rt_lib_init_atexit_1                   0x08000313   Thumb Code     0  libinit2.o(.ARM.Collect$$libinit$$0000001B)
    __rt_lib_init_clock_1                    0x08000313   Thumb Code     0  libinit2.o(.ARM.Collect$$libinit$$00000021)
    __rt_lib_init_cpp_1                      0x08000313   Thumb Code     0  libinit2.o(.ARM.Collect$$libinit$$00000032)
    __rt_lib_init_exceptions_1               0x08000313   Thumb Code     0  libinit2.o(.ARM.Collect$$libinit$$00000030)
    __rt_lib_init_fp_trap_1                  0x08000313   Thumb Code     0  libinit2.o(.ARM.Collect$$libinit$$0000001F)
    __rt_lib_init_getenv_1                   0x08000313   Thumb Code     0  libinit2.o(.ARM.Collect$$libinit$$00000023)
    __rt_lib_init_heap_1                     0x08000313   Thumb Code     0  libinit2.o(.ARM.Collect$$libinit$$0000000A)
    __rt_lib_init_lc_collate_1               0x08000313   Thumb Code     0  libinit2.o(.ARM.Collect$$libinit$$00000011)
    __rt_lib_init_lc_ctype_1                 0x08000313   Thumb Code     0  libinit2.o(.ARM.Collect$$libinit$$00000013)
    __rt_lib_init_lc_monetary_1              0x08000313   Thumb Code     0  libinit2.o(.ARM.Collect$$libinit$$00000015)
    __rt_lib_init_lc_numeric_1               0x08000313   Thumb Code     0  libinit2.o(.ARM.Collect$$libinit$$00000017)
    __rt_lib_init_lc_time_1                  0x08000313   Thumb Code     0  libinit2.o(.ARM.Collect$$libinit$$00000019)
    __rt_lib_init_preinit_1                  0x08000313   Thumb Code     0  libinit2.o(.ARM.Collect$$libinit$$00000004)
    __rt_lib_init_rand_1                     0x08000313   Thumb Code     0  libinit2.o(.ARM.Collect$$libinit$$0000000E)
    __rt_lib_init_return                     0x08000313   Thumb Code     0  libinit2.o(.ARM.Collect$$libinit$$00000033)
    __rt_lib_init_signal_1                   0x08000313   Thumb Code     0  libinit2.o(.ARM.Collect$$libinit$$0000001D)
    __rt_lib_init_stdio_1                    0x08000313   Thumb Code     0  libinit2.o(.ARM.Collect$$libinit$$00000025)
    __rt_lib_init_user_alloc_1               0x08000313   Thumb Code     0  libinit2.o(.ARM.Collect$$libinit$$0000000C)
    __rt_lib_shutdown                        0x08000315   Thumb Code     0  libshutdown.o(.ARM.Collect$$libshutdown$$00000000)
    __rt_lib_shutdown_cpp_1                  0x08000317   Thumb Code     0  libshutdown2.o(.ARM.Collect$$libshutdown$$00000002)
    __rt_lib_shutdown_fp_trap_1              0x08000317   Thumb Code     0  libshutdown2.o(.ARM.Collect$$libshutdown$$00000007)
    __rt_lib_shutdown_heap_1                 0x08000317   Thumb Code     0  libshutdown2.o(.ARM.Collect$$libshutdown$$0000000F)
    __rt_lib_shutdown_return                 0x08000317   Thumb Code     0  libshutdown2.o(.ARM.Collect$$libshutdown$$00000010)
    __rt_lib_shutdown_signal_1               0x08000317   Thumb Code     0  libshutdown2.o(.ARM.Collect$$libshutdown$$0000000A)
    __rt_lib_shutdown_stdio_1                0x08000317   Thumb Code     0  libshutdown2.o(.ARM.Collect$$libshutdown$$00000004)
    __rt_lib_shutdown_user_alloc_1           0x08000317   Thumb Code     0  libshutdown2.o(.ARM.Collect$$libshutdown$$0000000C)
    __rt_entry                               0x08000319   Thumb Code     0  __rtentry.o(.ARM.Collect$$rtentry$$00000000)
    __rt_entry_presh_1                       0x08000319   Thumb Code     0  __rtentry2.o(.ARM.Collect$$rtentry$$00000002)
    __rt_entry_sh                            0x08000319   Thumb Code     0  __rtentry4.o(.ARM.Collect$$rtentry$$00000004)
    __rt_entry_li                            0x0800031f   Thumb Code     0  __rtentry2.o(.ARM.Collect$$rtentry$$0000000A)
    __rt_entry_postsh_1                      0x0800031f   Thumb Code     0  __rtentry2.o(.ARM.Collect$$rtentry$$00000009)
    __rt_entry_main                          0x08000323   Thumb Code     0  __rtentry2.o(.ARM.Collect$$rtentry$$0000000D)
    __rt_entry_postli_1                      0x08000323   Thumb Code     0  __rtentry2.o(.ARM.Collect$$rtentry$$0000000C)
    __rt_exit                                0x0800032b   Thumb Code     0  rtexit.o(.ARM.Collect$$rtexit$$00000000)
    __rt_exit_ls                             0x0800032d   Thumb Code     0  rtexit2.o(.ARM.Collect$$rtexit$$00000003)
    __rt_exit_prels_1                        0x0800032d   Thumb Code     0  rtexit2.o(.ARM.Collect$$rtexit$$00000002)
    __rt_exit_exit                           0x08000331   Thumb Code     0  rtexit2.o(.ARM.Collect$$rtexit$$00000004)
    Reset_Handler                            0x08000339   Thumb Code     8  startup_stm32h743xx.o(.text)
    ADC3_IRQHandler                          0x08000353   Thumb Code     0  startup_stm32h743xx.o(.text)
    ADC_IRQHandler                           0x08000353   Thumb Code     0  startup_stm32h743xx.o(.text)
    BDMA_Channel0_IRQHandler                 0x08000353   Thumb Code     0  startup_stm32h743xx.o(.text)
    BDMA_Channel1_IRQHandler                 0x08000353   Thumb Code     0  startup_stm32h743xx.o(.text)
    BDMA_Channel2_IRQHandler                 0x08000353   Thumb Code     0  startup_stm32h743xx.o(.text)
    BDMA_Channel3_IRQHandler                 0x08000353   Thumb Code     0  startup_stm32h743xx.o(.text)
    BDMA_Channel4_IRQHandler                 0x08000353   Thumb Code     0  startup_stm32h743xx.o(.text)
    BDMA_Channel5_IRQHandler                 0x08000353   Thumb Code     0  startup_stm32h743xx.o(.text)
    BDMA_Channel6_IRQHandler                 0x08000353   Thumb Code     0  startup_stm32h743xx.o(.text)
    BDMA_Channel7_IRQHandler                 0x08000353   Thumb Code     0  startup_stm32h743xx.o(.text)
    CEC_IRQHandler                           0x08000353   Thumb Code     0  startup_stm32h743xx.o(.text)
    COMP1_IRQHandler                         0x08000353   Thumb Code     0  startup_stm32h743xx.o(.text)
    CRS_IRQHandler                           0x08000353   Thumb Code     0  startup_stm32h743xx.o(.text)
    DCMI_IRQHandler                          0x08000353   Thumb Code     0  startup_stm32h743xx.o(.text)
    DFSDM1_FLT0_IRQHandler                   0x08000353   Thumb Code     0  startup_stm32h743xx.o(.text)
    DFSDM1_FLT1_IRQHandler                   0x08000353   Thumb Code     0  startup_stm32h743xx.o(.text)
    DFSDM1_FLT2_IRQHandler                   0x08000353   Thumb Code     0  startup_stm32h743xx.o(.text)
    DFSDM1_FLT3_IRQHandler                   0x08000353   Thumb Code     0  startup_stm32h743xx.o(.text)
    DMA1_Stream0_IRQHandler                  0x08000353   Thumb Code     0  startup_stm32h743xx.o(.text)
    DMA1_Stream1_IRQHandler                  0x08000353   Thumb Code     0  startup_stm32h743xx.o(.text)
    DMA1_Stream2_IRQHandler                  0x08000353   Thumb Code     0  startup_stm32h743xx.o(.text)
    DMA1_Stream3_IRQHandler                  0x08000353   Thumb Code     0  startup_stm32h743xx.o(.text)
    DMA1_Stream4_IRQHandler                  0x08000353   Thumb Code     0  startup_stm32h743xx.o(.text)
    DMA1_Stream5_IRQHandler                  0x08000353   Thumb Code     0  startup_stm32h743xx.o(.text)
    DMA1_Stream6_IRQHandler                  0x08000353   Thumb Code     0  startup_stm32h743xx.o(.text)
    DMA1_Stream7_IRQHandler                  0x08000353   Thumb Code     0  startup_stm32h743xx.o(.text)
    DMA2D_IRQHandler                         0x08000353   Thumb Code     0  startup_stm32h743xx.o(.text)
    DMA2_Stream0_IRQHandler                  0x08000353   Thumb Code     0  startup_stm32h743xx.o(.text)
    DMA2_Stream1_IRQHandler                  0x08000353   Thumb Code     0  startup_stm32h743xx.o(.text)
    DMA2_Stream2_IRQHandler                  0x08000353   Thumb Code     0  startup_stm32h743xx.o(.text)
    DMA2_Stream3_IRQHandler                  0x08000353   Thumb Code     0  startup_stm32h743xx.o(.text)
    DMA2_Stream4_IRQHandler                  0x08000353   Thumb Code     0  startup_stm32h743xx.o(.text)
    DMA2_Stream5_IRQHandler                  0x08000353   Thumb Code     0  startup_stm32h743xx.o(.text)
    DMA2_Stream6_IRQHandler                  0x08000353   Thumb Code     0  startup_stm32h743xx.o(.text)
    DMA2_Stream7_IRQHandler                  0x08000353   Thumb Code     0  startup_stm32h743xx.o(.text)
    DMAMUX1_OVR_IRQHandler                   0x08000353   Thumb Code     0  startup_stm32h743xx.o(.text)
    DMAMUX2_OVR_IRQHandler                   0x08000353   Thumb Code     0  startup_stm32h743xx.o(.text)
    ECC_IRQHandler                           0x08000353   Thumb Code     0  startup_stm32h743xx.o(.text)
    ETH_IRQHandler                           0x08000353   Thumb Code     0  startup_stm32h743xx.o(.text)
    ETH_WKUP_IRQHandler                      0x08000353   Thumb Code     0  startup_stm32h743xx.o(.text)
    EXTI0_IRQHandler                         0x08000353   Thumb Code     0  startup_stm32h743xx.o(.text)
    EXTI15_10_IRQHandler                     0x08000353   Thumb Code     0  startup_stm32h743xx.o(.text)
    EXTI1_IRQHandler                         0x08000353   Thumb Code     0  startup_stm32h743xx.o(.text)
    EXTI2_IRQHandler                         0x08000353   Thumb Code     0  startup_stm32h743xx.o(.text)
    EXTI3_IRQHandler                         0x08000353   Thumb Code     0  startup_stm32h743xx.o(.text)
    EXTI4_IRQHandler                         0x08000353   Thumb Code     0  startup_stm32h743xx.o(.text)
    EXTI9_5_IRQHandler                       0x08000353   Thumb Code     0  startup_stm32h743xx.o(.text)
    FDCAN1_IT0_IRQHandler                    0x08000353   Thumb Code     0  startup_stm32h743xx.o(.text)
    FDCAN1_IT1_IRQHandler                    0x08000353   Thumb Code     0  startup_stm32h743xx.o(.text)
    FDCAN2_IT0_IRQHandler                    0x08000353   Thumb Code     0  startup_stm32h743xx.o(.text)
    FDCAN2_IT1_IRQHandler                    0x08000353   Thumb Code     0  startup_stm32h743xx.o(.text)
    FDCAN_CAL_IRQHandler                     0x08000353   Thumb Code     0  startup_stm32h743xx.o(.text)
    FLASH_IRQHandler                         0x08000353   Thumb Code     0  startup_stm32h743xx.o(.text)
    FMC_IRQHandler                           0x08000353   Thumb Code     0  startup_stm32h743xx.o(.text)
    FPU_IRQHandler                           0x08000353   Thumb Code     0  startup_stm32h743xx.o(.text)
    HRTIM1_FLT_IRQHandler                    0x08000353   Thumb Code     0  startup_stm32h743xx.o(.text)
    HRTIM1_Master_IRQHandler                 0x08000353   Thumb Code     0  startup_stm32h743xx.o(.text)
    HRTIM1_TIMA_IRQHandler                   0x08000353   Thumb Code     0  startup_stm32h743xx.o(.text)
    HRTIM1_TIMB_IRQHandler                   0x08000353   Thumb Code     0  startup_stm32h743xx.o(.text)
    HRTIM1_TIMC_IRQHandler                   0x08000353   Thumb Code     0  startup_stm32h743xx.o(.text)
    HRTIM1_TIMD_IRQHandler                   0x08000353   Thumb Code     0  startup_stm32h743xx.o(.text)
    HRTIM1_TIME_IRQHandler                   0x08000353   Thumb Code     0  startup_stm32h743xx.o(.text)
    HSEM1_IRQHandler                         0x08000353   Thumb Code     0  startup_stm32h743xx.o(.text)
    I2C1_ER_IRQHandler                       0x08000353   Thumb Code     0  startup_stm32h743xx.o(.text)
    I2C1_EV_IRQHandler                       0x08000353   Thumb Code     0  startup_stm32h743xx.o(.text)
    I2C2_ER_IRQHandler                       0x08000353   Thumb Code     0  startup_stm32h743xx.o(.text)
    I2C2_EV_IRQHandler                       0x08000353   Thumb Code     0  startup_stm32h743xx.o(.text)
    I2C3_ER_IRQHandler                       0x08000353   Thumb Code     0  startup_stm32h743xx.o(.text)
    I2C3_EV_IRQHandler                       0x08000353   Thumb Code     0  startup_stm32h743xx.o(.text)
    I2C4_ER_IRQHandler                       0x08000353   Thumb Code     0  startup_stm32h743xx.o(.text)
    I2C4_EV_IRQHandler                       0x08000353   Thumb Code     0  startup_stm32h743xx.o(.text)
    JPEG_IRQHandler                          0x08000353   Thumb Code     0  startup_stm32h743xx.o(.text)
    LPTIM1_IRQHandler                        0x08000353   Thumb Code     0  startup_stm32h743xx.o(.text)
    LPTIM2_IRQHandler                        0x08000353   Thumb Code     0  startup_stm32h743xx.o(.text)
    LPTIM3_IRQHandler                        0x08000353   Thumb Code     0  startup_stm32h743xx.o(.text)
    LPTIM4_IRQHandler                        0x08000353   Thumb Code     0  startup_stm32h743xx.o(.text)
    LPTIM5_IRQHandler                        0x08000353   Thumb Code     0  startup_stm32h743xx.o(.text)
    LPUART1_IRQHandler                       0x08000353   Thumb Code     0  startup_stm32h743xx.o(.text)
    LTDC_ER_IRQHandler                       0x08000353   Thumb Code     0  startup_stm32h743xx.o(.text)
    LTDC_IRQHandler                          0x08000353   Thumb Code     0  startup_stm32h743xx.o(.text)
    MDIOS_IRQHandler                         0x08000353   Thumb Code     0  startup_stm32h743xx.o(.text)
    MDIOS_WKUP_IRQHandler                    0x08000353   Thumb Code     0  startup_stm32h743xx.o(.text)
    MDMA_IRQHandler                          0x08000353   Thumb Code     0  startup_stm32h743xx.o(.text)
    OTG_FS_EP1_IN_IRQHandler                 0x08000353   Thumb Code     0  startup_stm32h743xx.o(.text)
    OTG_FS_EP1_OUT_IRQHandler                0x08000353   Thumb Code     0  startup_stm32h743xx.o(.text)
    OTG_FS_IRQHandler                        0x08000353   Thumb Code     0  startup_stm32h743xx.o(.text)
    OTG_FS_WKUP_IRQHandler                   0x08000353   Thumb Code     0  startup_stm32h743xx.o(.text)
    OTG_HS_EP1_IN_IRQHandler                 0x08000353   Thumb Code     0  startup_stm32h743xx.o(.text)
    OTG_HS_EP1_OUT_IRQHandler                0x08000353   Thumb Code     0  startup_stm32h743xx.o(.text)
    OTG_HS_IRQHandler                        0x08000353   Thumb Code     0  startup_stm32h743xx.o(.text)
    OTG_HS_WKUP_IRQHandler                   0x08000353   Thumb Code     0  startup_stm32h743xx.o(.text)
    PVD_AVD_IRQHandler                       0x08000353   Thumb Code     0  startup_stm32h743xx.o(.text)
    QUADSPI_IRQHandler                       0x08000353   Thumb Code     0  startup_stm32h743xx.o(.text)
    RCC_IRQHandler                           0x08000353   Thumb Code     0  startup_stm32h743xx.o(.text)
    RNG_IRQHandler                           0x08000353   Thumb Code     0  startup_stm32h743xx.o(.text)
    RTC_Alarm_IRQHandler                     0x08000353   Thumb Code     0  startup_stm32h743xx.o(.text)
    RTC_WKUP_IRQHandler                      0x08000353   Thumb Code     0  startup_stm32h743xx.o(.text)
    SAI1_IRQHandler                          0x08000353   Thumb Code     0  startup_stm32h743xx.o(.text)
    SAI2_IRQHandler                          0x08000353   Thumb Code     0  startup_stm32h743xx.o(.text)
    SAI3_IRQHandler                          0x08000353   Thumb Code     0  startup_stm32h743xx.o(.text)
    SAI4_IRQHandler                          0x08000353   Thumb Code     0  startup_stm32h743xx.o(.text)
    SDMMC1_IRQHandler                        0x08000353   Thumb Code     0  startup_stm32h743xx.o(.text)
    SDMMC2_IRQHandler                        0x08000353   Thumb Code     0  startup_stm32h743xx.o(.text)
    SPDIF_RX_IRQHandler                      0x08000353   Thumb Code     0  startup_stm32h743xx.o(.text)
    SPI1_IRQHandler                          0x08000353   Thumb Code     0  startup_stm32h743xx.o(.text)
    SPI2_IRQHandler                          0x08000353   Thumb Code     0  startup_stm32h743xx.o(.text)
    SPI3_IRQHandler                          0x08000353   Thumb Code     0  startup_stm32h743xx.o(.text)
    SPI4_IRQHandler                          0x08000353   Thumb Code     0  startup_stm32h743xx.o(.text)
    SPI5_IRQHandler                          0x08000353   Thumb Code     0  startup_stm32h743xx.o(.text)
    SPI6_IRQHandler                          0x08000353   Thumb Code     0  startup_stm32h743xx.o(.text)
    SWPMI1_IRQHandler                        0x08000353   Thumb Code     0  startup_stm32h743xx.o(.text)
    TAMP_STAMP_IRQHandler                    0x08000353   Thumb Code     0  startup_stm32h743xx.o(.text)
    TIM15_IRQHandler                         0x08000353   Thumb Code     0  startup_stm32h743xx.o(.text)
    TIM16_IRQHandler                         0x08000353   Thumb Code     0  startup_stm32h743xx.o(.text)
    TIM17_IRQHandler                         0x08000353   Thumb Code     0  startup_stm32h743xx.o(.text)
    TIM1_BRK_IRQHandler                      0x08000353   Thumb Code     0  startup_stm32h743xx.o(.text)
    TIM1_CC_IRQHandler                       0x08000353   Thumb Code     0  startup_stm32h743xx.o(.text)
    TIM1_TRG_COM_IRQHandler                  0x08000353   Thumb Code     0  startup_stm32h743xx.o(.text)
    TIM1_UP_IRQHandler                       0x08000353   Thumb Code     0  startup_stm32h743xx.o(.text)
    TIM2_IRQHandler                          0x08000353   Thumb Code     0  startup_stm32h743xx.o(.text)
    TIM3_IRQHandler                          0x08000353   Thumb Code     0  startup_stm32h743xx.o(.text)
    TIM4_IRQHandler                          0x08000353   Thumb Code     0  startup_stm32h743xx.o(.text)
    TIM5_IRQHandler                          0x08000353   Thumb Code     0  startup_stm32h743xx.o(.text)
    TIM6_DAC_IRQHandler                      0x08000353   Thumb Code     0  startup_stm32h743xx.o(.text)
    TIM8_BRK_TIM12_IRQHandler                0x08000353   Thumb Code     0  startup_stm32h743xx.o(.text)
    TIM8_CC_IRQHandler                       0x08000353   Thumb Code     0  startup_stm32h743xx.o(.text)
    TIM8_TRG_COM_TIM14_IRQHandler            0x08000353   Thumb Code     0  startup_stm32h743xx.o(.text)
    TIM8_UP_TIM13_IRQHandler                 0x08000353   Thumb Code     0  startup_stm32h743xx.o(.text)
    UART4_IRQHandler                         0x08000353   Thumb Code     0  startup_stm32h743xx.o(.text)
    UART5_IRQHandler                         0x08000353   Thumb Code     0  startup_stm32h743xx.o(.text)
    UART7_IRQHandler                         0x08000353   Thumb Code     0  startup_stm32h743xx.o(.text)
    UART8_IRQHandler                         0x08000353   Thumb Code     0  startup_stm32h743xx.o(.text)
    USART1_IRQHandler                        0x08000353   Thumb Code     0  startup_stm32h743xx.o(.text)
    USART2_IRQHandler                        0x08000353   Thumb Code     0  startup_stm32h743xx.o(.text)
    USART3_IRQHandler                        0x08000353   Thumb Code     0  startup_stm32h743xx.o(.text)
    USART6_IRQHandler                        0x08000353   Thumb Code     0  startup_stm32h743xx.o(.text)
    WAKEUP_PIN_IRQHandler                    0x08000353   Thumb Code     0  startup_stm32h743xx.o(.text)
    WWDG_IRQHandler                          0x08000353   Thumb Code     0  startup_stm32h743xx.o(.text)
    __user_initial_stackheap                 0x08000355   Thumb Code     0  startup_stm32h743xx.o(.text)
    __aeabi_uldivmod                         0x08000379   Thumb Code     0  lludivv7m.o(.text)
    _ll_udiv                                 0x08000379   Thumb Code   238  lludivv7m.o(.text)
    __aeabi_memclr4                          0x08000467   Thumb Code     0  rt_memclr_w.o(.text)
    __aeabi_memclr8                          0x08000467   Thumb Code     0  rt_memclr_w.o(.text)
    __rt_memclr_w                            0x08000467   Thumb Code    78  rt_memclr_w.o(.text)
    _memset_w                                0x0800046b   Thumb Code     0  rt_memclr_w.o(.text)
    __use_two_region_memory                  0x080004b5   Thumb Code     2  heapauxi.o(.text)
    __rt_heap_escrow                         0x080004b7   Thumb Code     2  heapauxi.o(.text)
    __rt_heap_expand                         0x080004b9   Thumb Code     2  heapauxi.o(.text)
    __user_libspace                          0x080004bd   Thumb Code     8  libspace.o(.text)
    __user_perproc_libspace                  0x080004bd   Thumb Code     0  libspace.o(.text)
    __user_perthread_libspace                0x080004bd   Thumb Code     0  libspace.o(.text)
    __I$use$semihosting                      0x080004c5   Thumb Code     0  use_no_semi.o(.text)
    __use_no_semihosting_swi                 0x080004c5   Thumb Code     2  use_no_semi.o(.text)
    __semihosting_library_function           0x080004c7   Thumb Code     0  indicate_semi.o(.text)
    __user_setup_stackheap                   0x080004c7   Thumb Code    74  sys_stackheap_outer.o(.text)
    exit                                     0x08000511   Thumb Code    18  exit.o(.text)
    _sys_exit                                0x08000525   Thumb Code     8  sys_exit.o(.text)
    BusFault_Handler                         0x08000531   Thumb Code     2  stm32h7xx_it.o(.text.BusFault_Handler)
    DebugMon_Handler                         0x08000533   Thumb Code     2  stm32h7xx_it.o(.text.DebugMon_Handler)
    Error_Handler                            0x08000535   Thumb Code     8  main.o(.text.Error_Handler)
    HAL_GPIO_Init                            0x0800053d   Thumb Code   400  stm32h7xx_hal_gpio.o(.text.HAL_GPIO_Init)
    HAL_GPIO_WritePin                        0x080006c9   Thumb Code    10  stm32h7xx_hal_gpio.o(.text.HAL_GPIO_WritePin)
    HAL_GetREVID                             0x080006d5   Thumb Code    12  stm32h7xx_hal.o(.text.HAL_GetREVID)
    HAL_GetTick                              0x080006e1   Thumb Code    12  stm32h7xx_hal.o(.text.HAL_GetTick)
    HAL_IncTick                              0x080006e9   Thumb Code    24  stm32h7xx_hal.o(.text.HAL_IncTick)
    HAL_Init                                 0x080006fd   Thumb Code    92  stm32h7xx_hal.o(.text.HAL_Init)
    HAL_InitTick                             0x08000751   Thumb Code    72  stm32h7xx_hal.o(.text.HAL_InitTick)
    HAL_MPU_ConfigRegion                     0x08000799   Thumb Code    84  stm32h7xx_hal_cortex.o(.text.HAL_MPU_ConfigRegion)
    HAL_MPU_Disable                          0x080007ed   Thumb Code    24  stm32h7xx_hal_cortex.o(.text.HAL_MPU_Disable)
    HAL_MPU_Enable                           0x08000801   Thumb Code    32  stm32h7xx_hal_cortex.o(.text.HAL_MPU_Enable)
    HAL_MspInit                              0x08000821   Thumb Code    32  stm32h7xx_hal_msp.o(.text.HAL_MspInit)
    HAL_NVIC_EnableIRQ                       0x08000841   Thumb Code    28  stm32h7xx_hal_cortex.o(.text.HAL_NVIC_EnableIRQ)
    HAL_NVIC_SetPriority                     0x0800085d   Thumb Code    68  stm32h7xx_hal_cortex.o(.text.HAL_NVIC_SetPriority)
    HAL_NVIC_SetPriorityGrouping             0x0800089d   Thumb Code    32  stm32h7xx_hal_cortex.o(.text.HAL_NVIC_SetPriorityGrouping)
    HAL_PWREx_ConfigSupply                   0x080008bd   Thumb Code    72  stm32h7xx_hal_pwr_ex.o(.text.HAL_PWREx_ConfigSupply)
    HAL_RCCEx_GetD3PCLK1Freq                 0x08000905   Thumb Code    36  stm32h7xx_hal_rcc_ex.o(.text.HAL_RCCEx_GetD3PCLK1Freq)
    HAL_RCCEx_GetPLL2ClockFreq               0x08000929   Thumb Code   268  stm32h7xx_hal_rcc_ex.o(.text.HAL_RCCEx_GetPLL2ClockFreq)
    HAL_RCCEx_GetPLL3ClockFreq               0x08000a35   Thumb Code   268  stm32h7xx_hal_rcc_ex.o(.text.HAL_RCCEx_GetPLL3ClockFreq)
    HAL_RCCEx_PeriphCLKConfig                0x08000b41   Thumb Code  2456  stm32h7xx_hal_rcc_ex.o(.text.HAL_RCCEx_PeriphCLKConfig)
    HAL_RCC_ClockConfig                      0x080014d9   Thumb Code   552  stm32h7xx_hal_rcc.o(.text.HAL_RCC_ClockConfig)
    HAL_RCC_GetHCLKFreq                      0x080016f1   Thumb Code    68  stm32h7xx_hal_rcc.o(.text.HAL_RCC_GetHCLKFreq)
    HAL_RCC_GetPCLK1Freq                     0x08001731   Thumb Code    36  stm32h7xx_hal_rcc.o(.text.HAL_RCC_GetPCLK1Freq)
    HAL_RCC_GetPCLK2Freq                     0x0800174d   Thumb Code    36  stm32h7xx_hal_rcc.o(.text.HAL_RCC_GetPCLK2Freq)
    HAL_RCC_GetSysClockFreq                  0x08001771   Thumb Code   252  stm32h7xx_hal_rcc.o(.text.HAL_RCC_GetSysClockFreq)
    HAL_RCC_OscConfig                        0x0800186d   Thumb Code  1314  stm32h7xx_hal_rcc.o(.text.HAL_RCC_OscConfig)
    HAL_SYSTICK_Config                       0x08001d91   Thumb Code    40  stm32h7xx_hal_cortex.o(.text.HAL_SYSTICK_Config)
    HAL_TIMEx_Break2Callback                 0x08001db9   Thumb Code     2  stm32h7xx_hal_tim_ex.o(.text.HAL_TIMEx_Break2Callback)
    HAL_TIMEx_BreakCallback                  0x08001dbb   Thumb Code     2  stm32h7xx_hal_tim_ex.o(.text.HAL_TIMEx_BreakCallback)
    HAL_TIMEx_CommutCallback                 0x08001dbd   Thumb Code     2  stm32h7xx_hal_tim_ex.o(.text.HAL_TIMEx_CommutCallback)
    HAL_TIMEx_MasterConfigSynchronization    0x08001dc1   Thumb Code   168  stm32h7xx_hal_tim_ex.o(.text.HAL_TIMEx_MasterConfigSynchronization)
    HAL_TIM_Base_Init                        0x08001e5d   Thumb Code    96  stm32h7xx_hal_tim.o(.text.HAL_TIM_Base_Init)
    HAL_TIM_Base_MspInit                     0x08001ebd   Thumb Code   124  tim.o(.text.HAL_TIM_Base_MspInit)
    HAL_TIM_ConfigClockSource                0x08001f39   Thumb Code   296  stm32h7xx_hal_tim.o(.text.HAL_TIM_ConfigClockSource)
    HAL_TIM_Encoder_Init                     0x08002061   Thumb Code   172  stm32h7xx_hal_tim.o(.text.HAL_TIM_Encoder_Init)
    HAL_TIM_Encoder_MspInit                  0x0800210d   Thumb Code   176  tim.o(.text.HAL_TIM_Encoder_MspInit)
    HAL_TIM_IC_CaptureCallback               0x080021b9   Thumb Code     2  stm32h7xx_hal_tim.o(.text.HAL_TIM_IC_CaptureCallback)
    HAL_TIM_IRQHandler                       0x080021bd   Thumb Code   312  stm32h7xx_hal_tim.o(.text.HAL_TIM_IRQHandler)
    HAL_TIM_MspPostInit                      0x080022f5   Thumb Code   140  tim.o(.text.HAL_TIM_MspPostInit)
    HAL_TIM_OC_DelayElapsedCallback          0x0800237d   Thumb Code     2  stm32h7xx_hal_tim.o(.text.HAL_TIM_OC_DelayElapsedCallback)
    HAL_TIM_PWM_ConfigChannel                0x08002381   Thumb Code   186  stm32h7xx_hal_tim.o(.text.HAL_TIM_PWM_ConfigChannel)
    HAL_TIM_PWM_Init                         0x0800243b   Thumb Code    96  stm32h7xx_hal_tim.o(.text.HAL_TIM_PWM_Init)
    HAL_TIM_PWM_MspInit                      0x0800249b   Thumb Code     2  stm32h7xx_hal_tim.o(.text.HAL_TIM_PWM_MspInit)
    HAL_TIM_PWM_PulseFinishedCallback        0x0800249d   Thumb Code     2  stm32h7xx_hal_tim.o(.text.HAL_TIM_PWM_PulseFinishedCallback)
    HAL_TIM_PeriodElapsedCallback            0x0800249f   Thumb Code     2  stm32h7xx_hal_tim.o(.text.HAL_TIM_PeriodElapsedCallback)
    HAL_TIM_TriggerCallback                  0x080024a1   Thumb Code     2  stm32h7xx_hal_tim.o(.text.HAL_TIM_TriggerCallback)
    HAL_UARTEx_DisableFifoMode               0x080024a3   Thumb Code    54  stm32h7xx_hal_uart_ex.o(.text.HAL_UARTEx_DisableFifoMode)
    HAL_UARTEx_SetRxFifoThreshold            0x080024d9   Thumb Code    74  stm32h7xx_hal_uart_ex.o(.text.HAL_UARTEx_SetRxFifoThreshold)
    HAL_UARTEx_SetTxFifoThreshold            0x08002523   Thumb Code    74  stm32h7xx_hal_uart_ex.o(.text.HAL_UARTEx_SetTxFifoThreshold)
    HAL_UART_Init                            0x0800256d   Thumb Code   102  stm32h7xx_hal_uart.o(.text.HAL_UART_Init)
    HAL_UART_MspInit                         0x080025d5   Thumb Code   132  usart.o(.text.HAL_UART_MspInit)
    HardFault_Handler                        0x08002651   Thumb Code     2  stm32h7xx_it.o(.text.HardFault_Handler)
    MX_GPIO_Init                             0x08002655   Thumb Code   144  gpio.o(.text.MX_GPIO_Init)
    MX_TIM1_Init                             0x080026e5   Thumb Code   100  tim.o(.text.MX_TIM1_Init)
    MX_TIM2_Init                             0x08002749   Thumb Code    96  tim.o(.text.MX_TIM2_Init)
    MX_TIM3_Init                             0x080027a9   Thumb Code   156  tim.o(.text.MX_TIM3_Init)
    MX_TIM4_Init                             0x08002845   Thumb Code   160  tim.o(.text.MX_TIM4_Init)
    MX_TIM7_Init                             0x080028e5   Thumb Code    68  tim.o(.text.MX_TIM7_Init)
    MX_USART1_UART_Init                      0x08002929   Thumb Code   104  usart.o(.text.MX_USART1_UART_Init)
    MemManage_Handler                        0x08002991   Thumb Code     2  stm32h7xx_it.o(.text.MemManage_Handler)
    NMI_Handler                              0x08002993   Thumb Code     2  stm32h7xx_it.o(.text.NMI_Handler)
    PendSV_Handler                           0x08002995   Thumb Code     2  stm32h7xx_it.o(.text.PendSV_Handler)
    SVC_Handler                              0x08002b99   Thumb Code     2  stm32h7xx_it.o(.text.SVC_Handler)
    SysTick_Handler                          0x08002b9b   Thumb Code     4  stm32h7xx_it.o(.text.SysTick_Handler)
    SystemClock_Config                       0x08002ba1   Thumb Code   256  main.o(.text.SystemClock_Config)
    SystemInit                               0x08002ca1   Thumb Code   180  system_stm32h7xx.o(.text.SystemInit)
    TIM7_IRQHandler                          0x08002d55   Thumb Code    12  stm32h7xx_it.o(.text.TIM7_IRQHandler)
    TIM_Base_SetConfig                       0x08002d61   Thumb Code   264  stm32h7xx_hal_tim.o(.text.TIM_Base_SetConfig)
    TIM_OC2_SetConfig                        0x08002ec9   Thumb Code   144  stm32h7xx_hal_tim.o(.text.TIM_OC2_SetConfig)
    UART_AdvFeatureConfig                    0x0800319d   Thumb Code   198  stm32h7xx_hal_uart.o(.text.UART_AdvFeatureConfig)
    UART_CheckIdleState                      0x08003265   Thumb Code   180  stm32h7xx_hal_uart.o(.text.UART_CheckIdleState)
    UART_SetConfig                           0x08003375   Thumb Code   924  stm32h7xx_hal_uart.o(.text.UART_SetConfig)
    UART_WaitOnFlagUntilTimeout              0x08003711   Thumb Code   154  stm32h7xx_hal_uart.o(.text.UART_WaitOnFlagUntilTimeout)
    UsageFault_Handler                       0x080037ab   Thumb Code     2  stm32h7xx_it.o(.text.UsageFault_Handler)
    main                                     0x080037cd   Thumb Code   316  main.o(.text.main)
    _fp_init                                 0x08003909   Thumb Code    26  fpinit.o(x$fpl$fpinit)
    __fplib_config_fpu_vfp                   0x08003921   Thumb Code     0  fpinit.o(x$fpl$fpinit)
    __fplib_config_pureend_doubles           0x08003921   Thumb Code     0  fpinit.o(x$fpl$fpinit)
    D1CorePrescTable                         0x08003922   Data          16  system_stm32h7xx.o(.rodata.D1CorePrescTable)
    UARTPrescTable                           0x08003932   Data          24  stm32h7xx_hal_uart.o(.rodata.UARTPrescTable)
    Region$$Table$$Base                      0x0800395c   Number         0  anon$$obj.o(Region$$Table)
    Region$$Table$$Limit                     0x0800397c   Number         0  anon$$obj.o(Region$$Table)
    uwTickFreq                               0x24000000   Data           1  stm32h7xx_hal.o(.data..L_MergedGlobals)
    uwTickPrio                               0x24000004   Data           4  stm32h7xx_hal.o(.data..L_MergedGlobals)
    SystemCoreClock                          0x24000008   Data           4  system_stm32h7xx.o(.data..L_MergedGlobals)
    SystemD2Clock                            0x2400000c   Data           4  system_stm32h7xx.o(.data..L_MergedGlobals)
    __libspace_start                         0x24000010   Data          96  libspace.o(.bss)
    __temporary_stack_top$libspace           0x24000070   Data           0  libspace.o(.bss)
    htim1                                    0x24000070   Data          76  tim.o(.bss.htim1)
    htim2                                    0x240000bc   Data          76  tim.o(.bss.htim2)
    htim3                                    0x24000108   Data          76  tim.o(.bss.htim3)
    htim4                                    0x24000154   Data          76  tim.o(.bss.htim4)
    htim7                                    0x240001a0   Data          76  tim.o(.bss.htim7)
    huart1                                   0x240001ec   Data         148  usart.o(.bss.huart1)
    uwTick                                   0x24000280   Data           4  stm32h7xx_hal.o(.bss.uwTick)



==============================================================================

Memory Map of the image

  Image Entry point : 0x08000299

  Load Region LR_IROM1 (Base: 0x08000000, Size: 0x00003990, Max: 0x00200000, ABSOLUTE)

    Execution Region ER_IROM1 (Exec base: 0x08000000, Load base: 0x08000000, Size: 0x0000397c, Max: 0x00200000, ABSOLUTE)

    Exec Addr    Load Addr    Size         Type   Attr      Idx    E Section Name        Object

    0x08000000   0x08000000   0x00000298   Data   RO            3    RESET               startup_stm32h743xx.o
    0x08000298   0x08000298   0x00000008   Code   RO         1704  * !!!main             c_w.l(__main.o)
    0x080002a0   0x080002a0   0x00000034   Code   RO         1986    !!!scatter          c_w.l(__scatter.o)
    0x080002d4   0x080002d4   0x0000001a   Code   RO         1988    !!handler_copy      c_w.l(__scatter_copy.o)
    0x080002ee   0x080002ee   0x00000002   PAD
    0x080002f0   0x080002f0   0x0000001c   Code   RO         1990    !!handler_zi        c_w.l(__scatter_zi.o)
    0x0800030c   0x0800030c   0x00000002   Code   RO         1919    .ARM.Collect$$libinit$$00000000  c_w.l(libinit.o)
    0x0800030e   0x0800030e   0x00000004   Code   RO         1753    .ARM.Collect$$libinit$$00000001  c_w.l(libinit2.o)
    0x08000312   0x08000312   0x00000000   Code   RO         1756    .ARM.Collect$$libinit$$00000004  c_w.l(libinit2.o)
    0x08000312   0x08000312   0x00000000   Code   RO         1759    .ARM.Collect$$libinit$$0000000A  c_w.l(libinit2.o)
    0x08000312   0x08000312   0x00000000   Code   RO         1761    .ARM.Collect$$libinit$$0000000C  c_w.l(libinit2.o)
    0x08000312   0x08000312   0x00000000   Code   RO         1763    .ARM.Collect$$libinit$$0000000E  c_w.l(libinit2.o)
    0x08000312   0x08000312   0x00000000   Code   RO         1766    .ARM.Collect$$libinit$$00000011  c_w.l(libinit2.o)
    0x08000312   0x08000312   0x00000000   Code   RO         1768    .ARM.Collect$$libinit$$00000013  c_w.l(libinit2.o)
    0x08000312   0x08000312   0x00000000   Code   RO         1770    .ARM.Collect$$libinit$$00000015  c_w.l(libinit2.o)
    0x08000312   0x08000312   0x00000000   Code   RO         1772    .ARM.Collect$$libinit$$00000017  c_w.l(libinit2.o)
    0x08000312   0x08000312   0x00000000   Code   RO         1774    .ARM.Collect$$libinit$$00000019  c_w.l(libinit2.o)
    0x08000312   0x08000312   0x00000000   Code   RO         1776    .ARM.Collect$$libinit$$0000001B  c_w.l(libinit2.o)
    0x08000312   0x08000312   0x00000000   Code   RO         1778    .ARM.Collect$$libinit$$0000001D  c_w.l(libinit2.o)
    0x08000312   0x08000312   0x00000000   Code   RO         1780    .ARM.Collect$$libinit$$0000001F  c_w.l(libinit2.o)
    0x08000312   0x08000312   0x00000000   Code   RO         1782    .ARM.Collect$$libinit$$00000021  c_w.l(libinit2.o)
    0x08000312   0x08000312   0x00000000   Code   RO         1784    .ARM.Collect$$libinit$$00000023  c_w.l(libinit2.o)
    0x08000312   0x08000312   0x00000000   Code   RO         1786    .ARM.Collect$$libinit$$00000025  c_w.l(libinit2.o)
    0x08000312   0x08000312   0x00000000   Code   RO         1790    .ARM.Collect$$libinit$$0000002C  c_w.l(libinit2.o)
    0x08000312   0x08000312   0x00000000   Code   RO         1792    .ARM.Collect$$libinit$$0000002E  c_w.l(libinit2.o)
    0x08000312   0x08000312   0x00000000   Code   RO         1794    .ARM.Collect$$libinit$$00000030  c_w.l(libinit2.o)
    0x08000312   0x08000312   0x00000000   Code   RO         1796    .ARM.Collect$$libinit$$00000032  c_w.l(libinit2.o)
    0x08000312   0x08000312   0x00000002   Code   RO         1797    .ARM.Collect$$libinit$$00000033  c_w.l(libinit2.o)
    0x08000314   0x08000314   0x00000002   Code   RO         1983    .ARM.Collect$$libshutdown$$00000000  c_w.l(libshutdown.o)
    0x08000316   0x08000316   0x00000000   Code   RO         1939    .ARM.Collect$$libshutdown$$00000002  c_w.l(libshutdown2.o)
    0x08000316   0x08000316   0x00000000   Code   RO         1941    .ARM.Collect$$libshutdown$$00000004  c_w.l(libshutdown2.o)
    0x08000316   0x08000316   0x00000000   Code   RO         1944    .ARM.Collect$$libshutdown$$00000007  c_w.l(libshutdown2.o)
    0x08000316   0x08000316   0x00000000   Code   RO         1947    .ARM.Collect$$libshutdown$$0000000A  c_w.l(libshutdown2.o)
    0x08000316   0x08000316   0x00000000   Code   RO         1949    .ARM.Collect$$libshutdown$$0000000C  c_w.l(libshutdown2.o)
    0x08000316   0x08000316   0x00000000   Code   RO         1952    .ARM.Collect$$libshutdown$$0000000F  c_w.l(libshutdown2.o)
    0x08000316   0x08000316   0x00000002   Code   RO         1953    .ARM.Collect$$libshutdown$$00000010  c_w.l(libshutdown2.o)
    0x08000318   0x08000318   0x00000000   Code   RO         1710    .ARM.Collect$$rtentry$$00000000  c_w.l(__rtentry.o)
    0x08000318   0x08000318   0x00000000   Code   RO         1806    .ARM.Collect$$rtentry$$00000002  c_w.l(__rtentry2.o)
    0x08000318   0x08000318   0x00000006   Code   RO         1818    .ARM.Collect$$rtentry$$00000004  c_w.l(__rtentry4.o)
    0x0800031e   0x0800031e   0x00000000   Code   RO         1808    .ARM.Collect$$rtentry$$00000009  c_w.l(__rtentry2.o)
    0x0800031e   0x0800031e   0x00000004   Code   RO         1809    .ARM.Collect$$rtentry$$0000000A  c_w.l(__rtentry2.o)
    0x08000322   0x08000322   0x00000000   Code   RO         1811    .ARM.Collect$$rtentry$$0000000C  c_w.l(__rtentry2.o)
    0x08000322   0x08000322   0x00000008   Code   RO         1812    .ARM.Collect$$rtentry$$0000000D  c_w.l(__rtentry2.o)
    0x0800032a   0x0800032a   0x00000002   Code   RO         1924    .ARM.Collect$$rtexit$$00000000  c_w.l(rtexit.o)
    0x0800032c   0x0800032c   0x00000000   Code   RO         1959    .ARM.Collect$$rtexit$$00000002  c_w.l(rtexit2.o)
    0x0800032c   0x0800032c   0x00000004   Code   RO         1960    .ARM.Collect$$rtexit$$00000003  c_w.l(rtexit2.o)
    0x08000330   0x08000330   0x00000006   Code   RO         1961    .ARM.Collect$$rtexit$$00000004  c_w.l(rtexit2.o)
    0x08000336   0x08000336   0x00000002   PAD
    0x08000338   0x08000338   0x00000040   Code   RO            4    .text               startup_stm32h743xx.o
    0x08000378   0x08000378   0x000000ee   Code   RO         1668    .text               c_w.l(lludivv7m.o)
    0x08000466   0x08000466   0x0000004e   Code   RO         1700    .text               c_w.l(rt_memclr_w.o)
    0x080004b4   0x080004b4   0x00000006   Code   RO         1702    .text               c_w.l(heapauxi.o)
    0x080004ba   0x080004ba   0x00000002   PAD
    0x080004bc   0x080004bc   0x00000008   Code   RO         1802    .text               c_w.l(libspace.o)
    0x080004c4   0x080004c4   0x00000002   Code   RO         1887    .text               c_w.l(use_no_semi.o)
    0x080004c6   0x080004c6   0x00000000   Code   RO         1889    .text               c_w.l(indicate_semi.o)
    0x080004c6   0x080004c6   0x0000004a   Code   RO         1890    .text               c_w.l(sys_stackheap_outer.o)
    0x08000510   0x08000510   0x00000012   Code   RO         1898    .text               c_w.l(exit.o)
    0x08000522   0x08000522   0x00000002   PAD
    0x08000524   0x08000524   0x0000000c   Code   RO         1920    .text               c_w.l(sys_exit.o)
    0x08000530   0x08000530   0x00000002   Code   RO           94    .text.BusFault_Handler  stm32h7xx_it.o
    0x08000532   0x08000532   0x00000002   Code   RO          100    .text.DebugMon_Handler  stm32h7xx_it.o
    0x08000534   0x08000534   0x00000008   Code   RO           15    .text.Error_Handler  main.o
    0x0800053c   0x0800053c   0x0000018c   Code   RO          351    .text.HAL_GPIO_Init  stm32h7xx_hal_gpio.o
    0x080006c8   0x080006c8   0x0000000a   Code   RO          357    .text.HAL_GPIO_WritePin  stm32h7xx_hal_gpio.o
    0x080006d2   0x080006d2   0x00000002   PAD
    0x080006d4   0x080006d4   0x0000000c   Code   RO          685    .text.HAL_GetREVID  stm32h7xx_hal.o
    0x080006e0   0x080006e0   0x00000008   Code   RO          669    .text.HAL_GetTick   stm32h7xx_hal.o
    0x080006e8   0x080006e8   0x00000014   Code   RO          667    .text.HAL_IncTick   stm32h7xx_hal.o
    0x080006fc   0x080006fc   0x00000054   Code   RO          657    .text.HAL_Init      stm32h7xx_hal.o
    0x08000750   0x08000750   0x00000048   Code   RO          659    .text.HAL_InitTick  stm32h7xx_hal.o
    0x08000798   0x08000798   0x00000054   Code   RO          149    .text.HAL_MPU_ConfigRegion  stm32h7xx_hal_cortex.o
    0x080007ec   0x080007ec   0x00000014   Code   RO          141    .text.HAL_MPU_Disable  stm32h7xx_hal_cortex.o
    0x08000800   0x08000800   0x00000020   Code   RO          143    .text.HAL_MPU_Enable  stm32h7xx_hal_cortex.o
    0x08000820   0x08000820   0x00000020   Code   RO          116    .text.HAL_MspInit   stm32h7xx_hal_msp.o
    0x08000840   0x08000840   0x0000001c   Code   RO          131    .text.HAL_NVIC_EnableIRQ  stm32h7xx_hal_cortex.o
    0x0800085c   0x0800085c   0x00000040   Code   RO          127    .text.HAL_NVIC_SetPriority  stm32h7xx_hal_cortex.o
    0x0800089c   0x0800089c   0x00000020   Code   RO          125    .text.HAL_NVIC_SetPriorityGrouping  stm32h7xx_hal_cortex.o
    0x080008bc   0x080008bc   0x00000048   Code   RO          568    .text.HAL_PWREx_ConfigSupply  stm32h7xx_hal_pwr_ex.o
    0x08000904   0x08000904   0x00000024   Code   RO          233    .text.HAL_RCCEx_GetD3PCLK1Freq  stm32h7xx_hal_rcc_ex.o
    0x08000928   0x08000928   0x0000010c   Code   RO          229    .text.HAL_RCCEx_GetPLL2ClockFreq  stm32h7xx_hal_rcc_ex.o
    0x08000a34   0x08000a34   0x0000010c   Code   RO          231    .text.HAL_RCCEx_GetPLL3ClockFreq  stm32h7xx_hal_rcc_ex.o
    0x08000b40   0x08000b40   0x00000998   Code   RO          217    .text.HAL_RCCEx_PeriphCLKConfig  stm32h7xx_hal_rcc_ex.o
    0x080014d8   0x080014d8   0x00000218   Code   RO          184    .text.HAL_RCC_ClockConfig  stm32h7xx_hal_rcc.o
    0x080016f0   0x080016f0   0x00000040   Code   RO          194    .text.HAL_RCC_GetHCLKFreq  stm32h7xx_hal_rcc.o
    0x08001730   0x08001730   0x0000001c   Code   RO          196    .text.HAL_RCC_GetPCLK1Freq  stm32h7xx_hal_rcc.o
    0x0800174c   0x0800174c   0x00000024   Code   RO          198    .text.HAL_RCC_GetPCLK2Freq  stm32h7xx_hal_rcc.o
    0x08001770   0x08001770   0x000000fc   Code   RO          186    .text.HAL_RCC_GetSysClockFreq  stm32h7xx_hal_rcc.o
    0x0800186c   0x0800186c   0x00000522   Code   RO          182    .text.HAL_RCC_OscConfig  stm32h7xx_hal_rcc.o
    0x08001d8e   0x08001d8e   0x00000002   PAD
    0x08001d90   0x08001d90   0x00000028   Code   RO          139    .text.HAL_SYSTICK_Config  stm32h7xx_hal_cortex.o
    0x08001db8   0x08001db8   0x00000002   Code   RO         1311    .text.HAL_TIMEx_Break2Callback  stm32h7xx_hal_tim_ex.o
    0x08001dba   0x08001dba   0x00000002   Code   RO         1309    .text.HAL_TIMEx_BreakCallback  stm32h7xx_hal_tim_ex.o
    0x08001dbc   0x08001dbc   0x00000002   Code   RO         1305    .text.HAL_TIMEx_CommutCallback  stm32h7xx_hal_tim_ex.o
    0x08001dbe   0x08001dbe   0x00000002   PAD
    0x08001dc0   0x08001dc0   0x0000009c   Code   RO         1293    .text.HAL_TIMEx_MasterConfigSynchronization  stm32h7xx_hal_tim_ex.o
    0x08001e5c   0x08001e5c   0x00000060   Code   RO          979    .text.HAL_TIM_Base_Init  stm32h7xx_hal_tim.o
    0x08001ebc   0x08001ebc   0x0000007c   Code   RO           52    .text.HAL_TIM_Base_MspInit  tim.o
    0x08001f38   0x08001f38   0x00000128   Code   RO         1171    .text.HAL_TIM_ConfigClockSource  stm32h7xx_hal_tim.o
    0x08002060   0x08002060   0x000000ac   Code   RO         1093    .text.HAL_TIM_Encoder_Init  stm32h7xx_hal_tim.o
    0x0800210c   0x0800210c   0x000000ac   Code   RO           50    .text.HAL_TIM_Encoder_MspInit  tim.o
    0x080021b8   0x080021b8   0x00000002   Code   RO         1115    .text.HAL_TIM_IC_CaptureCallback  stm32h7xx_hal_tim.o
    0x080021ba   0x080021ba   0x00000002   PAD
    0x080021bc   0x080021bc   0x00000138   Code   RO         1113    .text.HAL_TIM_IRQHandler  stm32h7xx_hal_tim.o
    0x080022f4   0x080022f4   0x00000088   Code   RO           44    .text.HAL_TIM_MspPostInit  tim.o
    0x0800237c   0x0800237c   0x00000002   Code   RO         1117    .text.HAL_TIM_OC_DelayElapsedCallback  stm32h7xx_hal_tim.o
    0x0800237e   0x0800237e   0x00000002   PAD
    0x08002380   0x08002380   0x000000ba   Code   RO         1145    .text.HAL_TIM_PWM_ConfigChannel  stm32h7xx_hal_tim.o
    0x0800243a   0x0800243a   0x00000060   Code   RO         1033    .text.HAL_TIM_PWM_Init  stm32h7xx_hal_tim.o
    0x0800249a   0x0800249a   0x00000002   Code   RO         1035    .text.HAL_TIM_PWM_MspInit  stm32h7xx_hal_tim.o
    0x0800249c   0x0800249c   0x00000002   Code   RO         1119    .text.HAL_TIM_PWM_PulseFinishedCallback  stm32h7xx_hal_tim.o
    0x0800249e   0x0800249e   0x00000002   Code   RO         1121    .text.HAL_TIM_PeriodElapsedCallback  stm32h7xx_hal_tim.o
    0x080024a0   0x080024a0   0x00000002   Code   RO         1123    .text.HAL_TIM_TriggerCallback  stm32h7xx_hal_tim.o
    0x080024a2   0x080024a2   0x00000036   Code   RO         1494    .text.HAL_UARTEx_DisableFifoMode  stm32h7xx_hal_uart_ex.o
    0x080024d8   0x080024d8   0x0000004a   Code   RO         1498    .text.HAL_UARTEx_SetRxFifoThreshold  stm32h7xx_hal_uart_ex.o
    0x08002522   0x08002522   0x0000004a   Code   RO         1496    .text.HAL_UARTEx_SetTxFifoThreshold  stm32h7xx_hal_uart_ex.o
    0x0800256c   0x0800256c   0x00000066   Code   RO         1326    .text.HAL_UART_Init  stm32h7xx_hal_uart.o
    0x080025d2   0x080025d2   0x00000002   PAD
    0x080025d4   0x080025d4   0x0000007c   Code   RO           74    .text.HAL_UART_MspInit  usart.o
    0x08002650   0x08002650   0x00000002   Code   RO           90    .text.HardFault_Handler  stm32h7xx_it.o
    0x08002652   0x08002652   0x00000002   PAD
    0x08002654   0x08002654   0x00000090   Code   RO           27    .text.MX_GPIO_Init  gpio.o
    0x080026e4   0x080026e4   0x00000064   Code   RO           38    .text.MX_TIM1_Init  tim.o
    0x08002748   0x08002748   0x00000060   Code   RO           40    .text.MX_TIM2_Init  tim.o
    0x080027a8   0x080027a8   0x0000009c   Code   RO           42    .text.MX_TIM3_Init  tim.o
    0x08002844   0x08002844   0x000000a0   Code   RO           46    .text.MX_TIM4_Init  tim.o
    0x080028e4   0x080028e4   0x00000044   Code   RO           48    .text.MX_TIM7_Init  tim.o
    0x08002928   0x08002928   0x00000068   Code   RO           72    .text.MX_USART1_UART_Init  usart.o
    0x08002990   0x08002990   0x00000002   Code   RO           92    .text.MemManage_Handler  stm32h7xx_it.o
    0x08002992   0x08002992   0x00000002   Code   RO           88    .text.NMI_Handler   stm32h7xx_it.o
    0x08002994   0x08002994   0x00000002   Code   RO          102    .text.PendSV_Handler  stm32h7xx_it.o
    0x08002996   0x08002996   0x00000002   PAD
    0x08002998   0x08002998   0x00000100   Code   RO          219    .text.RCCEx_PLL2_Config  stm32h7xx_hal_rcc_ex.o
    0x08002a98   0x08002a98   0x00000100   Code   RO          221    .text.RCCEx_PLL3_Config  stm32h7xx_hal_rcc_ex.o
    0x08002b98   0x08002b98   0x00000002   Code   RO           98    .text.SVC_Handler   stm32h7xx_it.o
    0x08002b9a   0x08002b9a   0x00000004   Code   RO          104    .text.SysTick_Handler  stm32h7xx_it.o
    0x08002b9e   0x08002b9e   0x00000002   PAD
    0x08002ba0   0x08002ba0   0x00000100   Code   RO           13    .text.SystemClock_Config  main.o
    0x08002ca0   0x08002ca0   0x000000b4   Code   RO         1518    .text.SystemInit    system_stm32h7xx.o
    0x08002d54   0x08002d54   0x0000000c   Code   RO          106    .text.TIM7_IRQHandler  stm32h7xx_it.o
    0x08002d60   0x08002d60   0x000000f4   Code   RO          983    .text.TIM_Base_SetConfig  stm32h7xx_hal_tim.o
    0x08002e54   0x08002e54   0x00000074   Code   RO         1127    .text.TIM_OC1_SetConfig  stm32h7xx_hal_tim.o
    0x08002ec8   0x08002ec8   0x00000078   Code   RO         1129    .text.TIM_OC2_SetConfig  stm32h7xx_hal_tim.o
    0x08002f40   0x08002f40   0x0000007c   Code   RO         1131    .text.TIM_OC3_SetConfig  stm32h7xx_hal_tim.o
    0x08002fbc   0x08002fbc   0x00000064   Code   RO         1133    .text.TIM_OC4_SetConfig  stm32h7xx_hal_tim.o
    0x08003020   0x08003020   0x00000068   Code   RO         1135    .text.TIM_OC5_SetConfig  stm32h7xx_hal_tim.o
    0x08003088   0x08003088   0x00000078   Code   RO         1137    .text.TIM_OC6_SetConfig  stm32h7xx_hal_tim.o
    0x08003100   0x08003100   0x00000022   Code   RO         1173    .text.TIM_TI1_ConfigInputStage  stm32h7xx_hal_tim.o
    0x08003122   0x08003122   0x00000024   Code   RO         1175    .text.TIM_TI2_ConfigInputStage  stm32h7xx_hal_tim.o
    0x08003146   0x08003146   0x00000002   PAD
    0x08003148   0x08003148   0x00000054   Code   RO         1492    .text.UARTEx_SetNbDataToProcess  stm32h7xx_hal_uart_ex.o
    0x0800319c   0x0800319c   0x000000c6   Code   RO         1330    .text.UART_AdvFeatureConfig  stm32h7xx_hal_uart.o
    0x08003262   0x08003262   0x00000002   PAD
    0x08003264   0x08003264   0x000000b4   Code   RO         1334    .text.UART_CheckIdleState  stm32h7xx_hal_uart.o
    0x08003318   0x08003318   0x0000005c   Code   RO         1386    .text.UART_EndRxTransfer  stm32h7xx_hal_uart.o
    0x08003374   0x08003374   0x0000039c   Code   RO         1332    .text.UART_SetConfig  stm32h7xx_hal_uart.o
    0x08003710   0x08003710   0x0000009a   Code   RO         1348    .text.UART_WaitOnFlagUntilTimeout  stm32h7xx_hal_uart.o
    0x080037aa   0x080037aa   0x00000002   Code   RO           96    .text.UsageFault_Handler  stm32h7xx_it.o
    0x080037ac   0x080037ac   0x00000020   Code   RO          129    .text.__NVIC_SetPriority  stm32h7xx_hal_cortex.o
    0x080037cc   0x080037cc   0x0000013c   Code   RO           11    .text.main          main.o
    0x08003908   0x08003908   0x0000001a   Code   RO         1880    x$fpl$fpinit        fz_wv.l(fpinit.o)
    0x08003922   0x08003922   0x00000010   Data   RO         1522    .rodata.D1CorePrescTable  system_stm32h7xx.o
    0x08003932   0x08003932   0x00000018   Data   RO         1464    .rodata.UARTPrescTable  stm32h7xx_hal_uart.o
    0x0800394a   0x0800394a   0x00000010   Data   RO         1508    .rodata.cst8        stm32h7xx_hal_uart_ex.o
    0x0800395a   0x0800395a   0x00000002   PAD
    0x0800395c   0x0800395c   0x00000020   Data   RO         1985    Region$$Table       anon$$obj.o


    Execution Region RW_IRAM1 (Exec base: 0x20000000, Load base: 0x0800397c, Size: 0x00000000, Max: 0x00020000, ABSOLUTE)

    **** No section assigned to this execution region ****


    Execution Region RW_IRAM2 (Exec base: 0x24000000, Load base: 0x08003980, Size: 0x00017688, Max: 0x00080000, ABSOLUTE)

    Exec Addr    Load Addr    Size         Type   Attr      Idx    E Section Name        Object

    0x24000000   0x08003980   0x00000008   Data   RW          754    .data..L_MergedGlobals  stm32h7xx_hal.o
    0x24000008   0x08003988   0x00000008   Data   RW         1523    .data..L_MergedGlobals  system_stm32h7xx.o
    0x24000010        -       0x00000060   Zero   RW         1803    .bss                c_w.l(libspace.o)
    0x24000070        -       0x0000004c   Zero   RW           58    .bss.htim1          tim.o
    0x240000bc        -       0x0000004c   Zero   RW           59    .bss.htim2          tim.o
    0x24000108        -       0x0000004c   Zero   RW           60    .bss.htim3          tim.o
    0x24000154        -       0x0000004c   Zero   RW           61    .bss.htim4          tim.o
    0x240001a0        -       0x0000004c   Zero   RW           62    .bss.htim7          tim.o
    0x240001ec        -       0x00000094   Zero   RW           78    .bss.huart1         usart.o
    0x24000280        -       0x00000004   Zero   RW          753    .bss.uwTick         stm32h7xx_hal.o
    0x24000284   0x08003990   0x00000004   PAD
    0x24000288        -       0x00010000   Zero   RW            2    HEAP                startup_stm32h743xx.o
    0x24010288        -       0x00007400   Zero   RW            1    STACK               startup_stm32h743xx.o


==============================================================================

Image component sizes


      Code (inc. data)   RO Data    RW Data    ZI Data      Debug   Object Name

       144          8          0          0          0       2985   gpio.o
       580         32          0          0          0       6703   main.o
        64         26        664          0      95232        840   startup_stm32h743xx.o
       196         24          0          8          4      14584   stm32h7xx_hal.o
       332         32          0          0          0      12040   stm32h7xx_hal_cortex.o
       406         16          0          0          0       6725   stm32h7xx_hal_gpio.o
        32          4          0          0          0       2213   stm32h7xx_hal_msp.o
        72          4          0          0          0      10254   stm32h7xx_hal_pwr_ex.o
      2230         64          0          0          0      10964   stm32h7xx_hal_rcc.o
      3540        154          0          0          0      17408   stm32h7xx_hal_rcc_ex.o
      2168         90          0          0          0      45067   stm32h7xx_hal_tim.o
       162         16          0          0          0      19471   stm32h7xx_hal_tim_ex.o
      1650        146         24          0          0      31817   stm32h7xx_hal_uart.o
       286          8         16          0          0       9593   stm32h7xx_hal_uart_ex.o
        32          4          0          0          0       1100   stm32h7xx_it.o
       180         40         16          8          0       5646   system_stm32h7xx.o
      1012         72          0          0        380      12779   tim.o
       228         12          0          0        148       8090   usart.o

    ----------------------------------------------------------------------
     13336        752        754         16      95768     218279   Object Totals
         0          0         32          0          0          0   (incl. Generated)
        22          0          2          0          4          0   (incl. Padding)

    ----------------------------------------------------------------------

      Code (inc. data)   RO Data    RW Data    ZI Data      Debug   Library Member Name

         8          0          0          0          0         68   __main.o
         0          0          0          0          0          0   __rtentry.o
        12          0          0          0          0          0   __rtentry2.o
         6          0          0          0          0          0   __rtentry4.o
        52          8          0          0          0          0   __scatter.o
        26          0          0          0          0          0   __scatter_copy.o
        28          0          0          0          0          0   __scatter_zi.o
        18          0          0          0          0         80   exit.o
         6          0          0          0          0        152   heapauxi.o
         0          0          0          0          0          0   indicate_semi.o
         2          0          0          0          0          0   libinit.o
         6          0          0          0          0          0   libinit2.o
         2          0          0          0          0          0   libshutdown.o
         2          0          0          0          0          0   libshutdown2.o
         8          4          0          0         96         68   libspace.o
       238          0          0          0          0        100   lludivv7m.o
        78          0          0          0          0         80   rt_memclr_w.o
         2          0          0          0          0          0   rtexit.o
        10          0          0          0          0          0   rtexit2.o
        12          4          0          0          0         68   sys_exit.o
        74          0          0          0          0         80   sys_stackheap_outer.o
         2          0          0          0          0         68   use_no_semi.o
        26          0          0          0          0        116   fpinit.o

    ----------------------------------------------------------------------
       626         16          0          0         96        880   Library Totals
         8          0          0          0          0          0   (incl. Padding)

    ----------------------------------------------------------------------

      Code (inc. data)   RO Data    RW Data    ZI Data      Debug   Library Name

       592         16          0          0         96        764   c_w.l
        26          0          0          0          0        116   fz_wv.l

    ----------------------------------------------------------------------
       626         16          0          0         96        880   Library Totals

    ----------------------------------------------------------------------

==============================================================================


      Code (inc. data)   RO Data    RW Data    ZI Data      Debug   

     13962        768        754         16      95864     218643   Grand Totals
     13962        768        754         16      95864     218643   ELF Image Totals
     13962        768        754         16          0          0   ROM Totals

==============================================================================

    Total RO  Size (Code + RO Data)                14716 (  14.37kB)
    Total RW  Size (RW Data + ZI Data)             95880 (  93.63kB)
    Total ROM Size (Code + RO Data + RW Data)      14732 (  14.39kB)

==============================================================================

